Archive member included to satisfy reference by file (symbol)

C:/Program Files/Microchip/xc32/v5.00/bin/bin/../../lib/gcc/pic32c/13.2.1/../../../../pic32c/lib/thumb/v7e-m+dp/hard\libpic32c.a(data_init.o)
                              build/default/production/_ext/1171490990/startup_xc32.o (__pic32c_data_initialization)
C:/Program Files/Microchip/xc32/v5.00/bin/bin/../../lib/gcc/pic32c/13.2.1/../../../../pic32c/lib/thumb/v7e-m+dp/hard\libc-size-musl.a(memcpy.o)
                              build/default/production/_ext/328528262/ip1553_rt.o (memcpy)
C:/Program Files/Microchip/xc32/v5.00/bin/bin/../../lib/gcc/pic32c/13.2.1/../../../../pic32c/lib/thumb/v7e-m+dp/hard\libc-size-musl.a(memset.o)
                              build/default/production/_ext/328528262/ip1553_rt.o (memset)
C:/Program Files/Microchip/xc32/v5.00/bin/bin/../../lib/gcc/pic32c/13.2.1/../../../../pic32c/lib/thumb/v7e-m+dp/hard\libc-musl.a(__libc_start_main.o)
                              build/default/production/_ext/1171490990/startup_xc32.o (__libc_init_array)
C:/Program Files/Microchip/xc32/v5.00/bin/bin/../../lib/gcc/pic32c/13.2.1/../../../../pic32c/lib/thumb/v7e-m+dp/hard\libc-musl.a(libc.o)
                              C:/Program Files/Microchip/xc32/v5.00/bin/bin/../../lib/gcc/pic32c/13.2.1/../../../../pic32c/lib/thumb/v7e-m+dp/hard\libc-musl.a(__libc_start_main.o) (__progname_full)
C:/Program Files/Microchip/xc32/v5.00/bin/bin/../../lib/gcc/pic32c/13.2.1/../../../../pic32c/lib/thumb/v7e-m+dp/hard\libc-musl.a(__sio_printf_cdnpsuxX.o)
                              (_printf_cdnpsuxX)
C:/Program Files/Microchip/xc32/v5.00/bin/bin/../../lib/gcc/pic32c/13.2.1/../../../../pic32c/lib/thumb/v7e-m+dp/hard\libc-musl.a(__fmt_d.o)
                              C:/Program Files/Microchip/xc32/v5.00/bin/bin/../../lib/gcc/pic32c/13.2.1/../../../../pic32c/lib/thumb/v7e-m+dp/hard\libc-musl.a(__sio_printf_cdnpsuxX.o) (__fmt_d_needed)
C:/Program Files/Microchip/xc32/v5.00/bin/bin/../../lib/gcc/pic32c/13.2.1/../../../../pic32c/lib/thumb/v7e-m+dp/hard\libc-musl.a(__fmt_s.o)
                              C:/Program Files/Microchip/xc32/v5.00/bin/bin/../../lib/gcc/pic32c/13.2.1/../../../../pic32c/lib/thumb/v7e-m+dp/hard\libc-musl.a(__sio_printf_cdnpsuxX.o) (__fmt_s_needed)
C:/Program Files/Microchip/xc32/v5.00/bin/bin/../../lib/gcc/pic32c/13.2.1/../../../../pic32c/lib/thumb/v7e-m+dp/hard\libc-musl.a(__fmt_u.o)
                              C:/Program Files/Microchip/xc32/v5.00/bin/bin/../../lib/gcc/pic32c/13.2.1/../../../../pic32c/lib/thumb/v7e-m+dp/hard\libc-musl.a(__sio_printf_cdnpsuxX.o) (__fmt_u_needed)
C:/Program Files/Microchip/xc32/v5.00/bin/bin/../../lib/gcc/pic32c/13.2.1/../../../../pic32c/lib/thumb/v7e-m+dp/hard\libc-musl.a(__fmt_x.o)
                              C:/Program Files/Microchip/xc32/v5.00/bin/bin/../../lib/gcc/pic32c/13.2.1/../../../../pic32c/lib/thumb/v7e-m+dp/hard\libc-musl.a(__sio_printf_cdnpsuxX.o) (__fmt_x_needed)
C:/Program Files/Microchip/xc32/v5.00/bin/bin/../../lib/gcc/pic32c/13.2.1/../../../../pic32c/lib/thumb/v7e-m+dp/hard\libc-musl.a(__pop_int.o)
                              C:/Program Files/Microchip/xc32/v5.00/bin/bin/../../lib/gcc/pic32c/13.2.1/../../../../pic32c/lib/thumb/v7e-m+dp/hard\libc-musl.a(__sio_printf_cdnpsuxX.o) (__pop_int_needed)
C:/Program Files/Microchip/xc32/v5.00/bin/bin/../../lib/gcc/pic32c/13.2.1/../../../../pic32c/lib/thumb/v7e-m+dp/hard\libc-musl.a(__pop_ptr.o)
                              C:/Program Files/Microchip/xc32/v5.00/bin/bin/../../lib/gcc/pic32c/13.2.1/../../../../pic32c/lib/thumb/v7e-m+dp/hard\libc-musl.a(__sio_printf_cdnpsuxX.o) (__pop_ptr_needed)
C:/Program Files/Microchip/xc32/v5.00/bin/bin/../../lib/gcc/pic32c/13.2.1/../../../../pic32c/lib/thumb/v7e-m+dp/hard\libc-musl.a(__printf_core.o)
                              C:/Program Files/Microchip/xc32/v5.00/bin/bin/../../lib/gcc/pic32c/13.2.1/../../../../pic32c/lib/thumb/v7e-m+dp/hard\libc-musl.a(__fmt_d.o) (__pad)
C:/Program Files/Microchip/xc32/v5.00/bin/bin/../../lib/gcc/pic32c/13.2.1/../../../../pic32c/lib/thumb/v7e-m+dp/hard\libc-musl.a(stdin.o)
                              build/default/production/_ext/1171490990/initialization.o (_stdin)
C:/Program Files/Microchip/xc32/v5.00/bin/bin/../../lib/gcc/pic32c/13.2.1/../../../../pic32c/lib/thumb/v7e-m+dp/hard\libc-musl.a(stdout.o)
                              build/default/production/_ext/1171490990/initialization.o (_stdout)
C:/Program Files/Microchip/xc32/v5.00/bin/bin/../../lib/gcc/pic32c/13.2.1/../../../../pic32c/lib/thumb/v7e-m+dp/hard\libc-musl.a(puts.o)
                              build/default/production/_ext/328528262/default_function.o (puts)
C:/Program Files/Microchip/xc32/v5.00/bin/bin/../../lib/gcc/pic32c/13.2.1/../../../../pic32c/lib/thumb/v7e-m+dp/hard\libc-musl.a(setbuf.o)
                              build/default/production/_ext/1171490990/initialization.o (setbuf)
[...]
Memory Configuration

Name             Origin             Length             Attributes
rom              0x10000000         0x00020000         xrl
ram              0x21000000         0x000c0000         xw!r
itcm             0x00000000         0x00020000         xw
dtcm             0x20000000         0x00040000         xw!r
*default*        0x00000000         0xffffffff

Linker script and memory map

LOAD C:/Program Files/Microchip/xc32/v5.00/bin/bin/../../lib/gcc/pic32c/13.2.1/thumb/v7e-m+dp/hard/crti.o
LOAD C:/Program Files/Microchip/xc32/v5.00/bin/bin/../../lib/gcc/pic32c/13.2.1/thumb/v7e-m+dp/hard/crtbegin.o
LOAD build/default/production/_ext/1863587092/plib_ip1553.o
LOAD build/default/production/_ext/60165520/plib_clk.o
LOAD build/default/production/_ext/1818436620/plib_flexcom1_usart.o
LOAD build/default/production/_ext/1818436620/plib_flexcom3_usart.o
LOAD build/default/production/_ext/1818436620/plib_flexcom4_usart.o
LOAD build/default/production/_ext/1818436620/plib_flexcom5_usart.o
LOAD build/default/production/_ext/1818436620/plib_flexcom0_usart.o
LOAD build/default/production/_ext/1818436620/plib_flexcom2_usart.o
LOAD build/default/production/_ext/1666157715/plib_matrix.o
LOAD build/default/production/_ext/1865468468/plib_nvic.o
LOAD build/default/production/_ext/60177924/plib_pio.o
LOAD build/default/production/_ext/2003650513/plib_xdmac.o
LOAD build/default/production/_ext/163028504/xc32_monitor.o
LOAD build/default/production/_ext/1171490990/initialization.o
LOAD build/default/production/_ext/1171490990/interrupts.o
LOAD build/default/production/_ext/1171490990/exceptions.o
LOAD build/default/production/_ext/1171490990/startup_xc32.o
LOAD build/default/production/_ext/1171490990/libc_syscalls.o
LOAD build/default/production/_ext/328528262/default_function.o
LOAD build/default/production/_ext/328528262/ip1553_rt.o
LOAD build/default/production/_ext/328528262/FLEXCOM_dma_objects.o
LOAD build/default/production/_ext/328528262/circular_dma.o
LOAD build/default/production/_ext/328528262/ip1553_app.o
LOAD build/default/production/_ext/1360937237/main.o
                0x00000001                        __MPLAB_BUILD = 0x1
                0x10020000                        __rom_end = (ORIGIN (rom) + LENGTH (rom))
                0x210c0000                        __ram_end = (ORIGIN (ram) + LENGTH (ram))

.vectors        0x10000000      0x16c
                0x10000000                        . = ALIGN (0x4)
                0x10000000                        _sfixed = .
 *(.vectors .vectors.* .vectors_default .vectors_default.*)
 .vectors       0x10000000      0x16c build/default/production/_ext/1171490990/interrupts.o
                0x10000000                exception_table
 *(.isr_vector)
 *(.reset*)
 *(.after_vectors)

.text           0x1000016c       0x20
                0x1000016c                        . = ALIGN (0x4)
 *(.glue_7t)
 .glue_7t       0x1000016c        0x0 linker stubs
 *(.glue_7)
 .glue_7        0x1000016c        0x0 linker stubs
 *(.gnu.linkonce.r.*)
 *(.ARM.extab* .gnu.linkonce.armextab.*)
                0x1000016c                        . = ALIGN (0x4)
 *(.init)
 .init          0x1000016c        0x4 C:/Program Files/Microchip/xc32/v5.00/bin/bin/../../lib/gcc/pic32c/13.2.1/thumb/v7e-m+dp/hard/crti.o
                0x1000016c                _init
 .init          0x10000170        0x8 C:/Program Files/Microchip/xc32/v5.00/bin/bin/../../lib/gcc/pic32c/13.2.1/thumb/v7e-m+dp/hard/crtn.o
                0x10000178                        . = ALIGN (0x4)
                0x10000178                        __preinit_array_start = .
 *(.preinit_array)
                0x10000178                        __preinit_array_end = .
                0x10000178                        . = ALIGN (0x4)
                0x10000178                        __init_array_start = .
 *(SORT_BY_NAME(.init_array.*))
 *(.init_array)
 .init_array    0x10000178        0x4 C:/Program Files/Microchip/xc32/v5.00/bin/bin/../../lib/gcc/pic32c/13.2.1/thumb/v7e-m+dp/hard/crtbegin.o
                0x1000017c                        __init_array_end = .
                0x1000017c                        . = ALIGN (0x4)
 *crtbegin.o(.ctors)
 *(EXCLUDE_FILE(*crtend.o) .ctors)
 *(SORT_BY_NAME(.ctors.*))
 *crtend.o(.ctors)
                0x1000017c                        . = ALIGN (0x4)
 *(.fini)
 .fini          0x1000017c        0x4 C:/Program Files/Microchip/xc32/v5.00/bin/bin/../../lib/gcc/pic32c/13.2.1/thumb/v7e-m+dp/hard/crti.o
                0x1000017c                _fini
 .fini          0x10000180        0x8 C:/Program Files/Microchip/xc32/v5.00/bin/bin/../../lib/gcc/pic32c/13.2.1/thumb/v7e-m+dp/hard/crtn.o
                0x10000188                        . = ALIGN (0x4)
                0x10000188                        __fini_array_start = .
 *(.fini_array)
 .fini_array    0x10000188        0x4 C:/Program Files/Microchip/xc32/v5.00/bin/bin/../../lib/gcc/pic32c/13.2.1/thumb/v7e-m+dp/hard/crtbegin.o
 *(SORT_BY_NAME(.fini_array.*))
                0x1000018c                        __fini_array_end = .
 *crtbegin.o(.dtors)
 *(EXCLUDE_FILE(*crtend.o) .dtors)
 *(SORT_BY_NAME(.dtors.*))
 *crtend.o(.dtors)
                0x1000018c                        . = ALIGN (0x4)
                0x1000018c                        _efixed = .
                [!provide]                        PROVIDE (__exidx_start = .)

.ARM.exidx      0x1000018c        0x8
 *(.ARM.exidx* .gnu.linkonce.armexidx.*)
 .ARM.exidx     0x1000018c        0x8 C:/Program Files/Microchip/xc32/v5.00/bin/bin/../../lib/gcc/pic32c/13.2.1/thumb/v7e-m+dp/hard\libgcc.a(_udivmoddi4.o)
                [!provide]                        PROVIDE (__exidx_end = .)
                0x10000194                        . = ALIGN (0x4)
                0x10000194                        _etext = .

.bss            0x21000000        0x0
                0x21000000                        . = ALIGN (0x4)
                0x21000000                        __bss_start__ = .
                0x21000000                        _sbss = .
                0x21000000                        _szero = .
 *(COMMON)
                0x21000000                        . = ALIGN (0x4)
                0x21000000                        __bss_end__ = .
                0x21000000                        _ebss = .
                0x21000000                        _ezero = .
                0x21000000                        . = ALIGN (0x4)
                0x21000000                        _end = .
                0x210bffff                        _ram_end_ = ((ORIGIN (ram) + LENGTH (ram)) - 0x1)
                0x00000200                        _min_heap_size = 0x200
START GROUP
LOAD C:/Program Files/Microchip/xc32/v5.00/bin/bin/../../lib/gcc/pic32c/13.2.1/../../../../pic32c/lib/thumb/v7e-m+dp/hard\libpic32c.a
LOAD C:/Program Files/Microchip/xc32/v5.00/bin/bin/../../lib/gcc/pic32c/13.2.1/../../../../pic32c/lib/thumb/v7e-m+dp/hard\libc-size-musl.a
LOAD C:/Program Files/Microchip/xc32/v5.00/bin/bin/../../lib/gcc/pic32c/13.2.1/../../../../pic32c/lib/thumb/v7e-m+dp/hard\liblmalloc-musl.a
LOAD C:/Program Files/Microchip/xc32/v5.00/bin/bin/../../lib/gcc/pic32c/13.2.1/../../../../pic32c/lib/thumb/v7e-m+dp/hard\libc-musl.a
LOAD C:/Program Files/Microchip/xc32/v5.00/bin/bin/../../lib/gcc/pic32c/13.2.1/../../../../pic32c/lib/thumb/v7e-m+dp/hard\libm-fast-emfloat.a
LOAD C:/Program Files/Microchip/xc32/v5.00/bin/bin/../../lib/gcc/pic32c/13.2.1/../../../../pic32c/lib/thumb/v7e-m+dp/hard\libm-musl.a
END GROUP
LOAD C:/Program Files/Microchip/xc32/v5.00/bin/bin/../../lib/gcc/pic32c/13.2.1/thumb/v7e-m+dp/hard\libgcc.a
LOAD C:/Program Files/Microchip/xc32/v5.00/bin/bin/../../lib/gcc/pic32c/13.2.1/thumb/v7e-m+dp/hard/crtend.o
LOAD C:/Program Files/Microchip/xc32/v5.00/bin/bin/../../lib/gcc/pic32c/13.2.1/thumb/v7e-m+dp/hard/crtn.o
OUTPUT(dist/default/production/SAMRH71.X.production.elf elf32-littlearm)
LOAD linker stubs
LOAD data_init

.note           0x00000000      0x900
 .note          0x00000000       0x18 C:/Program Files/Microchip/xc32/v5.00/bin/bin/../../lib/gcc/pic32c/13.2.1/thumb/v7e-m+dp/hard/crti.o
 .note          0x00000018       0x18 C:/Program Files/Microchip/xc32/v5.00/bin/bin/../../lib/gcc/pic32c/13.2.1/thumb/v7e-m+dp/hard/crtbegin.o
 .note          0x00000030       0x18 build/default/production/_ext/1863587092/plib_ip1553.o
 .note          0x00000048       0x18 build/default/production/_ext/60165520/plib_clk.o
 .note          0x00000060       0x18 build/default/production/_ext/1818436620/plib_flexcom1_usart.o
 .note          0x00000078       0x18 build/default/production/_ext/1818436620/plib_flexcom3_usart.o
 .note          0x00000090       0x18 build/default/production/_ext/1818436620/plib_flexcom4_usart.o
 .note          0x000000a8       0x18 build/default/production/_ext/1818436620/plib_flexcom5_usart.o
 .note          0x000000c0       0x18 build/default/production/_ext/1818436620/plib_flexcom0_usart.o
 .note          0x000000d8       0x18 build/default/production/_ext/1818436620/plib_flexcom2_usart.o
 .note          0x000000f0       0x18 build/default/production/_ext/1666157715/plib_matrix.o
 .note          0x00000108       0x18 build/default/production/_ext/1865468468/plib_nvic.o
 .note          0x00000120       0x18 build/default/production/_ext/60177924/plib_pio.o
 .note          0x00000138       0x18 build/default/production/_ext/2003650513/plib_xdmac.o
 .note          0x00000150       0x18 build/default/production/_ext/163028504/xc32_monitor.o
 .note          0x00000168       0x18 build/default/production/_ext/1171490990/initialization.o
 .note          0x00000180       0x18 build/default/production/_ext/1171490990/interrupts.o
 .note          0x00000198       0x18 build/default/production/_ext/1171490990/exceptions.o
 .note          0x000001b0       0x18 build/default/production/_ext/1171490990/startup_xc32.o
 .note          0x000001c8       0x18 build/default/production/_ext/1171490990/libc_syscalls.o
 .note          0x000001e0       0x18 build/default/production/_ext/328528262/default_function.o
 .note          0x000001f8       0x18 build/default/production/_ext/328528262/ip1553_rt.o
 .note          0x00000210       0x18 build/default/production/_ext/328528262/FLEXCOM_dma_objects.o
 .note          0x00000228       0x18 build/default/production/_ext/328528262/circular_dma.o
 .note          0x00000240       0x18 build/default/production/_ext/328528262/ip1553_app.o
 .note          0x00000258       0x18 build/default/production/_ext/1360937237/main.o
 .note          0x00000270       0x18 C:/Program Files/Microchip/xc32/v5.00/bin/bin/../../lib/gcc/pic32c/13.2.1/../../../../pic32c/lib/thumb/v7e-m+dp/hard\libpic32c.a(data_init.o)
 .note          0x00000288       0x18 C:/Program Files/Microchip/xc32/v5.00/bin/bin/../../lib/gcc/pic32c/13.2.1/../../../../pic32c/lib/thumb/v7e-m+dp/hard\libc-size-musl.a(memcpy.o)
 .note          0x000002a0       0x18 C:/Program Files/Microchip/xc32/v5.00/bin/bin/../../lib/gcc/pic32c/13.2.1/../../../../pic32c/lib/thumb/v7e-m+dp/hard\libc-size-musl.a(memset.o)
 .note          0x000002b8       0x18 C:/Program Files/Microchip/xc32/v5.00/bin/bin/../../lib/gcc/pic32c/13.2.1/../../../../pic32c/lib/thumb/v7e-m+dp/hard\libc-musl.a(__libc_start_main.o)
 .note          0x000002d0       0x18 C:/Program Files/Microchip/xc32/v5.00/bin/bin/../../lib/gcc/pic32c/13.2.1/../../../../pic32c/lib/thumb/v7e-m+dp/hard\libc-musl.a(libc.o)
 .note          0x000002e8       0x18 C:/Program Files/Microchip/xc32/v5.00/bin/bin/../../lib/gcc/pic32c/13.2.1/../../../../pic32c/lib/thumb/v7e-m+dp/hard\libc-musl.a(__sio_printf_cdnpsuxX.o)
 .note          0x00000300       0x18 C:/Program Files/Microchip/xc32/v5.00/bin/bin/../../lib/gcc/pic32c/13.2.1/../../../../pic32c/lib/thumb/v7e-m+dp/hard\libc-musl.a(__fmt_d.o)
 .note          0x00000318       0x18 C:/Program Files/Microchip/xc32/v5.00/bin/bin/../../lib/gcc/pic32c/13.2.1/../../../../pic32c/lib/thumb/v7e-m+dp/hard\libc-musl.a(__fmt_s.o)
 .note          0x00000330       0x18 C:/Program Files/Microchip/xc32/v5.00/bin/bin/../../lib/gcc/pic32c/13.2.1/../../../../pic32c/lib/thumb/v7e-m+dp/hard\libc-musl.a(__fmt_u.o)
 .note          0x00000348       0x18 C:/Program Files/Microchip/xc32/v5.00/bin/bin/../../lib/gcc/pic32c/13.2.1/../../../../pic32c/lib/thumb/v7e-m+dp/hard\libc-musl.a(__fmt_x.o)
 .note          0x00000360       0x18 C:/Program Files/Microchip/xc32/v5.00/bin/bin/../../lib/gcc/pic32c/13.2.1/../../../../pic32c/lib/thumb/v7e-m+dp/hard\libc-musl.a(__pop_int.o)
 .note          0x00000378       0x18 C:/Program Files/Microchip/xc32/v5.00/bin/bin/../../lib/gcc/pic32c/13.2.1/../../../../pic32c/lib/thumb/v7e-m+dp/hard\libc-musl.a(__pop_ptr.o)
 .note          0x00000390       0x18 C:/Program Files/Microchip/xc32/v5.00/bin/bin/../../lib/gcc/pic32c/13.2.1/../../../../pic32c/lib/thumb/v7e-m+dp/hard\libc-musl.a(__printf_core.o)
 .note          0x000003a8       0x18 C:/Program Files/Microchip/xc32/v5.00/bin/bin/../../lib/gcc/pic32c/13.2.1/../../../../pic32c/lib/thumb/v7e-m+dp/hard\libc-musl.a(stdin.o)
 .note          0x000003c0       0x18 C:/Program Files/Microchip/xc32/v5.00/bin/bin/../../lib/gcc/pic32c/13.2.1/../../../../pic32c/lib/thumb/v7e-m+dp/hard\libc-musl.a(stdout.o)
 .note          0x000003d8       0x18 C:/Program Files/Microchip/xc32/v5.00/bin/bin/../../lib/gcc/pic32c/13.2.1/../../../../pic32c/lib/thumb/v7e-m+dp/hard\libc-musl.a(puts.o)
 .note          0x000003f0       0x18 C:/Program Files/Microchip/xc32/v5.00/bin/bin/../../lib/gcc/pic32c/13.2.1/../../../../pic32c/lib/thumb/v7e-m+dp/hard\libc-musl.a(setbuf.o)
 .note          0x00000408       0x18 C:/Program Files/Microchip/xc32/v5.00/bin/bin/../../lib/gcc/pic32c/13.2.1/../../../../pic32c/lib/thumb/v7e-m+dp/hard\libc-musl.a(atoi.o)
 .note          0x00000420       0x18 C:/Program Files/Microchip/xc32/v5.00/bin/bin/../../lib/gcc/pic32c/13.2.1/../../../../pic32c/lib/thumb/v7e-m+dp/hard\libc-musl.a(tolower.o)
 .note          0x00000438       0x18 C:/Program Files/Microchip/xc32/v5.00/bin/bin/../../lib/gcc/pic32c/13.2.1/../../../../pic32c/lib/thumb/v7e-m+dp/hard\libc-musl.a(toupper.o)
 .note          0x00000450       0x18 C:/Program Files/Microchip/xc32/v5.00/bin/bin/../../lib/gcc/pic32c/13.2.1/../../../../pic32c/lib/thumb/v7e-m+dp/hard\libc-musl.a(__environ.o)
 .note          0x00000468       0x18 C:/Program Files/Microchip/xc32/v5.00/bin/bin/../../lib/gcc/pic32c/13.2.1/../../../../pic32c/lib/thumb/v7e-m+dp/hard\libc-musl.a(__errno_location.o)
 .note          0x00000480       0x18 C:/Program Files/Microchip/xc32/v5.00/bin/bin/../../lib/gcc/pic32c/13.2.1/../../../../pic32c/lib/thumb/v7e-m+dp/hard\libc-musl.a(__int_vfprintf.o)
 .note          0x00000498       0x18 C:/Program Files/Microchip/xc32/v5.00/bin/bin/../../lib/gcc/pic32c/13.2.1/../../../../pic32c/lib/thumb/v7e-m+dp/hard\libc-musl.a(fputs.o)
 .note          0x000004b0       0x18 C:/Program Files/Microchip/xc32/v5.00/bin/bin/../../lib/gcc/pic32c/13.2.1/../../../../pic32c/lib/thumb/v7e-m+dp/hard\libc-musl.a(__cvt_u.o)
 .note          0x000004c8       0x18 C:/Program Files/Microchip/xc32/v5.00/bin/bin/../../lib/gcc/pic32c/13.2.1/../../../../pic32c/lib/thumb/v7e-m+dp/hard\libc-musl.a(__io_init_needed.o)
 .note          0x000004e0       0x18 C:/Program Files/Microchip/xc32/v5.00/bin/bin/../../lib/gcc/pic32c/13.2.1/../../../../pic32c/lib/thumb/v7e-m+dp/hard\libc-musl.a(__io_rw_needed.o)
 .note          0x000004f8       0x18 C:/Program Files/Microchip/xc32/v5.00/bin/bin/../../lib/gcc/pic32c/13.2.1/../../../../pic32c/lib/thumb/v7e-m+dp/hard\libc-musl.a(__pop_float.o)
 .note          0x00000510       0x18 C:/Program Files/Microchip/xc32/v5.00/bin/bin/../../lib/gcc/pic32c/13.2.1/../../../../pic32c/lib/thumb/v7e-m+dp/hard\libc-musl.a(__stdio_read.o)
 .note          0x00000528       0x18 C:/Program Files/Microchip/xc32/v5.00/bin/bin/../../lib/gcc/pic32c/13.2.1/../../../../pic32c/lib/thumb/v7e-m+dp/hard\libc-musl.a(__towrite_rw.o)
 .note          0x00000540       0x18 C:/Program Files/Microchip/xc32/v5.00/bin/bin/../../lib/gcc/pic32c/13.2.1/../../../../pic32c/lib/thumb/v7e-m+dp/hard\libc-musl.a(fwrite.o)
 .note          0x00000558       0x18 C:/Program Files/Microchip/xc32/v5.00/bin/bin/../../lib/gcc/pic32c/13.2.1/../../../../pic32c/lib/thumb/v7e-m+dp/hard\libc-musl.a(putc.o)
 .note          0x00000570       0x18 C:/Program Files/Microchip/xc32/v5.00/bin/bin/../../lib/gcc/pic32c/13.2.1/../../../../pic32c/lib/thumb/v7e-m+dp/hard\libc-musl.a(setvbuf.o)
 .note          0x00000588       0x18 C:/Program Files/Microchip/xc32/v5.00/bin/bin/../../lib/gcc/pic32c/13.2.1/../../../../pic32c/lib/thumb/v7e-m+dp/hard\libc-musl.a(readv.o)
 .note          0x000005a0       0x18 C:/Program Files/Microchip/xc32/v5.00/bin/bin/../../lib/gcc/pic32c/13.2.1/../../../../pic32c/lib/thumb/v7e-m+dp/hard\libc-musl.a(__fopen_rw.o)
 .note          0x000005b8       0x18 C:/Program Files/Microchip/xc32/v5.00/bin/bin/../../lib/gcc/pic32c/13.2.1/../../../../pic32c/lib/thumb/v7e-m+dp/hard\libc-musl.a(__ftello_rw.o)
 .note          0x000005d0       0x18 C:/Program Files/Microchip/xc32/v5.00/bin/bin/../../lib/gcc/pic32c/13.2.1/../../../../pic32c/lib/thumb/v7e-m+dp/hard\libc-musl.a(__init_stdio.o)
 .note          0x000005e8       0x18 C:/Program Files/Microchip/xc32/v5.00/bin/bin/../../lib/gcc/pic32c/13.2.1/../../../../pic32c/lib/thumb/v7e-m+dp/hard\libc-musl.a(__io_buf_needed.o)
 .note          0x00000600       0x18 C:/Program Files/Microchip/xc32/v5.00/bin/bin/../../lib/gcc/pic32c/13.2.1/../../../../pic32c/lib/thumb/v7e-m+dp/hard\libc-musl.a(__io_file_needed.o)
 .note          0x00000618       0x18 C:/Program Files/Microchip/xc32/v5.00/bin/bin/../../lib/gcc/pic32c/13.2.1/../../../../pic32c/lib/thumb/v7e-m+dp/hard\libc-musl.a(__io_std_needed.o)
 .note          0x00000630       0x18 C:/Program Files/Microchip/xc32/v5.00/bin/bin/../../lib/gcc/pic32c/13.2.1/../../../../pic32c/lib/thumb/v7e-m+dp/hard\libc-musl.a(__out.o)
 .note          0x00000648       0x18 C:/Program Files/Microchip/xc32/v5.00/bin/bin/../../lib/gcc/pic32c/13.2.1/../../../../pic32c/lib/thumb/v7e-m+dp/hard\libc-musl.a(__putc.o)
 .note          0x00000660       0x18 C:/Program Files/Microchip/xc32/v5.00/bin/bin/../../lib/gcc/pic32c/13.2.1/../../../../pic32c/lib/thumb/v7e-m+dp/hard\libc-musl.a(__stderr.o)
 .note          0x00000678       0x18 C:/Program Files/Microchip/xc32/v5.00/bin/bin/../../lib/gcc/pic32c/13.2.1/../../../../pic32c/lib/thumb/v7e-m+dp/hard\libc-musl.a(__stdio_close.o)
 .note          0x00000690       0x18 C:/Program Files/Microchip/xc32/v5.00/bin/bin/../../lib/gcc/pic32c/13.2.1/../../../../pic32c/lib/thumb/v7e-m+dp/hard\libc-musl.a(__stdio_exit.o)
 .note          0x000006a8       0x18 C:/Program Files/Microchip/xc32/v5.00/bin/bin/../../lib/gcc/pic32c/13.2.1/../../../../pic32c/lib/thumb/v7e-m+dp/hard\libc-musl.a(__stdio_write.o)
 .note          0x000006c0       0x18 C:/Program Files/Microchip/xc32/v5.00/bin/bin/../../lib/gcc/pic32c/13.2.1/../../../../pic32c/lib/thumb/v7e-m+dp/hard\libc-musl.a(__stdout.o)
 .note          0x000006d8       0x18 C:/Program Files/Microchip/xc32/v5.00/bin/bin/../../lib/gcc/pic32c/13.2.1/../../../../pic32c/lib/thumb/v7e-m+dp/hard\libc-musl.a(__towrite.o)
 .note          0x000006f0       0x18 C:/Program Files/Microchip/xc32/v5.00/bin/bin/../../lib/gcc/pic32c/13.2.1/../../../../pic32c/lib/thumb/v7e-m+dp/hard\libc-musl.a(writev.o)
 .note          0x00000708       0x18 C:/Program Files/Microchip/xc32/v5.00/bin/bin/../../lib/gcc/pic32c/13.2.1/../../../../pic32c/lib/thumb/v7e-m+dp/hard\libc-musl.a(__overflow.o)
 .note          0x00000720       0x18 C:/Program Files/Microchip/xc32/v5.00/bin/bin/../../lib/gcc/pic32c/13.2.1/../../../../pic32c/lib/thumb/v7e-m+dp/hard\libc-musl.a(__fclose.o)
 .note          0x00000738       0x18 C:/Program Files/Microchip/xc32/v5.00/bin/bin/../../lib/gcc/pic32c/13.2.1/../../../../pic32c/lib/thumb/v7e-m+dp/hard\libc-musl.a(__fopen.o)
 .note          0x00000750       0x18 C:/Program Files/Microchip/xc32/v5.00/bin/bin/../../lib/gcc/pic32c/13.2.1/../../../../pic32c/lib/thumb/v7e-m+dp/hard\libc-musl.a(__fseeko.o)
 .note          0x00000768       0x18 C:/Program Files/Microchip/xc32/v5.00/bin/bin/../../lib/gcc/pic32c/13.2.1/../../../../pic32c/lib/thumb/v7e-m+dp/hard\libc-musl.a(__ftello.o)
 .note          0x00000780       0x18 C:/Program Files/Microchip/xc32/v5.00/bin/bin/../../lib/gcc/pic32c/13.2.1/../../../../pic32c/lib/thumb/v7e-m+dp/hard\libc-musl.a(__fwrite.o)
 .note          0x00000798       0x18 C:/Program Files/Microchip/xc32/v5.00/bin/bin/../../lib/gcc/pic32c/13.2.1/../../../../pic32c/lib/thumb/v7e-m+dp/hard\libpic32c.a(close.o)
 .note          0x000007b0       0x18 C:/Program Files/Microchip/xc32/v5.00/bin/bin/../../lib/gcc/pic32c/13.2.1/../../../../pic32c/lib/thumb/v7e-m+dp/hard\libpic32c.a(lseek.o)
 .note          0x000007c8       0x18 C:/Program Files/Microchip/xc32/v5.00/bin/bin/../../lib/gcc/pic32c/13.2.1/../../../../pic32c/lib/thumb/v7e-m+dp/hard\libc-size-musl.a(strlen.o)
 .note          0x000007e0       0x18 C:/Program Files/Microchip/xc32/v5.00/bin/bin/../../lib/gcc/pic32c/13.2.1/../../../../pic32c/lib/thumb/v7e-m+dp/hard\liblmalloc-musl.a(lite_malloc.o)
 .note          0x000007f8       0x18 C:/Program Files/Microchip/xc32/v5.00/bin/bin/../../lib/gcc/pic32c/13.2.1/../../../../pic32c/lib/thumb/v7e-m+dp/hard\liblmalloc-musl.a(lite_free.o)
 .note          0x00000810       0x18 C:/Program Files/Microchip/xc32/v5.00/bin/bin/../../lib/gcc/pic32c/13.2.1/../../../../pic32c/lib/thumb/v7e-m+dp/hard\libc-musl.a(expand_heap.o)
 .note          0x00000828       0x18 C:/Program Files/Microchip/xc32/v5.00/bin/bin/../../lib/gcc/pic32c/13.2.1/../../../../pic32c/lib/thumb/v7e-m+dp/hard\libpic32c.a(sbrk.o)
 .note          0x00000840       0x18 C:/Program Files/Microchip/xc32/v5.00/bin/bin/../../lib/gcc/pic32c/13.2.1/thumb/v7e-m+dp/hard\libgcc.a(_aeabi_uldivmod.o)
 .note          0x00000858       0x18 C:/Program Files/Microchip/xc32/v5.00/bin/bin/../../lib/gcc/pic32c/13.2.1/thumb/v7e-m+dp/hard\libgcc.a(_udivmoddi4.o)
 .note          0x00000870       0x18 C:/Program Files/Microchip/xc32/v5.00/bin/bin/../../lib/gcc/pic32c/13.2.1/thumb/v7e-m+dp/hard\libgcc.a(_dvmd_tls.o)
 .note          0x00000888       0x18 C:/Program Files/Microchip/xc32/v5.00/bin/bin/../../lib/gcc/pic32c/13.2.1/thumb/v7e-m+dp/hard/crtend.o
 .note          0x000008a0       0x18 C:/Program Files/Microchip/xc32/v5.00/bin/bin/../../lib/gcc/pic32c/13.2.1/thumb/v7e-m+dp/hard/crtn.o
 .note          0x000008b8       0x18 C:/Program Files/Microchip/xc32/v5.00/bin/bin/../../lib/gcc/pic32c/13.2.1/../../../../pic32c/lib/thumb/v7e-m+dp/hard\libpic32c.a(pic32_data_init_clear.o)
 .note          0x000008d0       0x18 C:/Program Files/Microchip/xc32/v5.00/bin/bin/../../lib/gcc/pic32c/13.2.1/../../../../pic32c/lib/thumb/v7e-m+dp/hard\libpic32c.a(pic32_data_init_copy.o)
 .note          0x000008e8       0x18 C:/Program Files/Microchip/xc32/v5.00/bin/bin/../../lib/gcc/pic32c/13.2.1/../../../../pic32c/lib/thumb/v7e-m+dp/hard\libpic32c.a(pic32_data_init_decompress.o)

.ARM.attributes
                0x00000000       0x32
 .ARM.attributes
                0x00000000       0x20 C:/Program Files/Microchip/xc32/v5.00/bin/bin/../../lib/gcc/pic32c/13.2.1/thumb/v7e-m+dp/hard/crti.o
 .ARM.attributes
                0x00000020       0x32 C:/Program Files/Microchip/xc32/v5.00/bin/bin/../../lib/gcc/pic32c/13.2.1/thumb/v7e-m+dp/hard/crtbegin.o
 .ARM.attributes
                0x00000052       0x32 build/default/production/_ext/1863587092/plib_ip1553.o
 .ARM.attributes
                0x00000084       0x32 build/default/production/_ext/60165520/plib_clk.o
 .ARM.attributes
                0x000000b6       0x32 build/default/production/_ext/1818436620/plib_flexcom1_usart.o
 .ARM.attributes
                0x000000e8       0x32 build/default/production/_ext/1818436620/plib_flexcom3_usart.o
 .ARM.attributes
                0x0000011a       0x32 build/default/production/_ext/1818436620/plib_flexcom4_usart.o
 .ARM.attributes
                0x0000014c       0x32 build/default/production/_ext/1818436620/plib_flexcom5_usart.o
 .ARM.attributes
                0x0000017e       0x32 build/default/production/_ext/1818436620/plib_flexcom0_usart.o
 .ARM.attributes
                0x000001b0       0x32 build/default/production/_ext/1818436620/plib_flexcom2_usart.o
 .ARM.attributes
                0x000001e2       0x32 build/default/production/_ext/1666157715/plib_matrix.o
 .ARM.attributes
                0x00000214       0x32 build/default/production/_ext/1865468468/plib_nvic.o
 .ARM.attributes
                0x00000246       0x32 build/default/production/_ext/60177924/plib_pio.o
 .ARM.attributes
                0x00000278       0x32 build/default/production/_ext/2003650513/plib_xdmac.o
 .ARM.attributes
                0x000002aa       0x32 build/default/production/_ext/163028504/xc32_monitor.o
 .ARM.attributes
                0x000002dc       0x32 build/default/production/_ext/1171490990/initialization.o
 .ARM.attributes
                0x0000030e       0x32 build/default/production/_ext/1171490990/interrupts.o
 .ARM.attributes
                0x00000340       0x32 build/default/production/_ext/1171490990/exceptions.o
 .ARM.attributes
                0x00000372       0x32 build/default/production/_ext/1171490990/startup_xc32.o
 .ARM.attributes
                0x000003a4       0x32 build/default/production/_ext/328528262/default_function.o
 .ARM.attributes
                0x000003d6       0x32 build/default/production/_ext/328528262/ip1553_rt.o
 .ARM.attributes
                0x00000408       0x32 build/default/production/_ext/328528262/FLEXCOM_dma_objects.o
 .ARM.attributes
                0x0000043a       0x32 build/default/production/_ext/328528262/circular_dma.o
 .ARM.attributes
                0x0000046c       0x32 build/default/production/_ext/1360937237/main.o
 .ARM.attributes
                0x0000049e       0x32 C:/Program Files/Microchip/xc32/v5.00/bin/bin/../../lib/gcc/pic32c/13.2.1/../../../../pic32c/lib/thumb/v7e-m+dp/hard\libpic32c.a(data_init.o)
 .ARM.attributes
                0x000004d0       0x34 C:/Program Files/Microchip/xc32/v5.00/bin/bin/../../lib/gcc/pic32c/13.2.1/../../../../pic32c/lib/thumb/v7e-m+dp/hard\libc-size-musl.a(memcpy.o)
 .ARM.attributes
                0x00000504       0x34 C:/Program Files/Microchip/xc32/v5.00/bin/bin/../../lib/gcc/pic32c/13.2.1/../../../../pic32c/lib/thumb/v7e-m+dp/hard\libc-size-musl.a(memset.o)
 .ARM.attributes
                0x00000538       0x34 C:/Program Files/Microchip/xc32/v5.00/bin/bin/../../lib/gcc/pic32c/13.2.1/../../../../pic32c/lib/thumb/v7e-m+dp/hard\libc-musl.a(__libc_start_main.o)
 .ARM.attributes
                0x0000056c       0x34 C:/Program Files/Microchip/xc32/v5.00/bin/bin/../../lib/gcc/pic32c/13.2.1/../../../../pic32c/lib/thumb/v7e-m+dp/hard\libc-musl.a(libc.o)
 .ARM.attributes
                0x000005a0       0x34 C:/Program Files/Microchip/xc32/v5.00/bin/bin/../../lib/gcc/pic32c/13.2.1/../../../../pic32c/lib/thumb/v7e-m+dp/hard\libc-musl.a(__sio_printf_cdnpsuxX.o)
 .ARM.attributes
                0x000005d4       0x34 C:/Program Files/Microchip/xc32/v5.00/bin/bin/../../lib/gcc/pic32c/13.2.1/../../../../pic32c/lib/thumb/v7e-m+dp/hard\libc-musl.a(__fmt_d.o)
 .ARM.attributes
                0x00000608       0x34 C:/Program Files/Microchip/xc32/v5.00/bin/bin/../../lib/gcc/pic32c/13.2.1/../../../../pic32c/lib/thumb/v7e-m+dp/hard\libc-musl.a(__fmt_s.o)
 .ARM.attributes
                0x0000063c       0x34 C:/Program Files/Microchip/xc32/v5.00/bin/bin/../../lib/gcc/pic32c/13.2.1/../../../../pic32c/lib/thumb/v7e-m+dp/hard\libc-musl.a(__fmt_u.o)
 .ARM.attributes
                0x00000670       0x34 C:/Program Files/Microchip/xc32/v5.00/bin/bin/../../lib/gcc/pic32c/13.2.1/../../../../pic32c/lib/thumb/v7e-m+dp/hard\libc-musl.a(__fmt_x.o)
 .ARM.attributes
                0x000006a4       0x34 C:/Program Files/Microchip/xc32/v5.00/bin/bin/../../lib/gcc/pic32c/13.2.1/../../../../pic32c/lib/thumb/v7e-m+dp/hard\libc-musl.a(__pop_int.o)
 .ARM.attributes
                0x000006d8       0x34 C:/Program Files/Microchip/xc32/v5.00/bin/bin/../../lib/gcc/pic32c/13.2.1/../../../../pic32c/lib/thumb/v7e-m+dp/hard\libc-musl.a(__pop_ptr.o)
 .ARM.attributes
                0x0000070c       0x34 C:/Program Files/Microchip/xc32/v5.00/bin/bin/../../lib/gcc/pic32c/13.2.1/../../../../pic32c/lib/thumb/v7e-m+dp/hard\libc-musl.a(__printf_core.o)
 .ARM.attributes
                0x00000740       0x34 C:/Program Files/Microchip/xc32/v5.00/bin/bin/../../lib/gcc/pic32c/13.2.1/../../../../pic32c/lib/thumb/v7e-m+dp/hard\libc-musl.a(stdin.o)
 .ARM.attributes
                0x00000774       0x34 C:/Program Files/Microchip/xc32/v5.00/bin/bin/../../lib/gcc/pic32c/13.2.1/../../../../pic32c/lib/thumb/v7e-m+dp/hard\libc-musl.a(stdout.o)
 .ARM.attributes
                0x000007a8       0x34 C:/Program Files/Microchip/xc32/v5.00/bin/bin/../../lib/gcc/pic32c/13.2.1/../../../../pic32c/lib/thumb/v7e-m+dp/hard\libc-musl.a(puts.o)
 .ARM.attributes
                0x000007dc       0x34 C:/Program Files/Microchip/xc32/v5.00/bin/bin/../../lib/gcc/pic32c/13.2.1/../../../../pic32c/lib/thumb/v7e-m+dp/hard\libc-musl.a(setbuf.o)
 .ARM.attributes
                0x00000810       0x34 C:/Program Files/Microchip/xc32/v5.00/bin/bin/../../lib/gcc/pic32c/13.2.1/../../../../pic32c/lib/thumb/v7e-m+dp/hard\libc-musl.a(atoi.o)
 .ARM.attributes
                0x00000844       0x34 C:/Program Files/Microchip/xc32/v5.00/bin/bin/../../lib/gcc/pic32c/13.2.1/../../../../pic32c/lib/thumb/v7e-m+dp/hard\libc-musl.a(tolower.o)
 .ARM.attributes
                0x00000878       0x34 C:/Program Files/Microchip/xc32/v5.00/bin/bin/../../lib/gcc/pic32c/13.2.1/../../../../pic32c/lib/thumb/v7e-m+dp/hard\libc-musl.a(toupper.o)
 .ARM.attributes
                0x000008ac       0x34 C:/Program Files/Microchip/xc32/v5.00/bin/bin/../../lib/gcc/pic32c/13.2.1/../../../../pic32c/lib/thumb/v7e-m+dp/hard\libc-musl.a(__environ.o)
 .ARM.attributes
                0x000008e0       0x34 C:/Program Files/Microchip/xc32/v5.00/bin/bin/../../lib/gcc/pic32c/13.2.1/../../../../pic32c/lib/thumb/v7e-m+dp/hard\libc-musl.a(__errno_location.o)
 .ARM.attributes
                0x00000914       0x34 C:/Program Files/Microchip/xc32/v5.00/bin/bin/../../lib/gcc/pic32c/13.2.1/../../../../pic32c/lib/thumb/v7e-m+dp/hard\libc-musl.a(__int_vfprintf.o)
 .ARM.attributes
                0x00000948       0x34 C:/Program Files/Microchip/xc32/v5.00/bin/bin/../../lib/gcc/pic32c/13.2.1/../../../../pic32c/lib/thumb/v7e-m+dp/hard\libc-musl.a(fputs.o)
 .ARM.attributes
                0x0000097c       0x34 C:/Program Files/Microchip/xc32/v5.00/bin/bin/../../lib/gcc/pic32c/13.2.1/../../../../pic32c/lib/thumb/v7e-m+dp/hard\libc-musl.a(__cvt_u.o)
 .ARM.attributes
                0x000009b0       0x34 C:/Program Files/Microchip/xc32/v5.00/bin/bin/../../lib/gcc/pic32c/13.2.1/../../../../pic32c/lib/thumb/v7e-m+dp/hard\libc-musl.a(__pop_float.o)
 .ARM.attributes
                0x000009e4       0x34 C:/Program Files/Microchip/xc32/v5.00/bin/bin/../../lib/gcc/pic32c/13.2.1/../../../../pic32c/lib/thumb/v7e-m+dp/hard\libc-musl.a(__stdio_read.o)
 .ARM.attributes
                0x00000a18       0x34 C:/Program Files/Microchip/xc32/v5.00/bin/bin/../../lib/gcc/pic32c/13.2.1/../../../../pic32c/lib/thumb/v7e-m+dp/hard\libc-musl.a(__towrite_rw.o)
 .ARM.attributes
                0x00000a4c       0x34 C:/Program Files/Microchip/xc32/v5.00/bin/bin/../../lib/gcc/pic32c/13.2.1/../../../../pic32c/lib/thumb/v7e-m+dp/hard\libc-musl.a(fwrite.o)
 .ARM.attributes
                0x00000a80       0x34 C:/Program Files/Microchip/xc32/v5.00/bin/bin/../../lib/gcc/pic32c/13.2.1/../../../../pic32c/lib/thumb/v7e-m+dp/hard\libc-musl.a(putc.o)
 .ARM.attributes
                0x00000ab4       0x34 C:/Program Files/Microchip/xc32/v5.00/bin/bin/../../lib/gcc/pic32c/13.2.1/../../../../pic32c/lib/thumb/v7e-m+dp/hard\libc-musl.a(setvbuf.o)
 .ARM.attributes
                0x00000ae8       0x34 C:/Program Files/Microchip/xc32/v5.00/bin/bin/../../lib/gcc/pic32c/13.2.1/../../../../pic32c/lib/thumb/v7e-m+dp/hard\libc-musl.a(readv.o)
 .ARM.attributes
                0x00000b1c       0x34 C:/Program Files/Microchip/xc32/v5.00/bin/bin/../../lib/gcc/pic32c/13.2.1/../../../../pic32c/lib/thumb/v7e-m+dp/hard\libc-musl.a(__init_stdio.o)
 .ARM.attributes
                0x00000b50       0x34 C:/Program Files/Microchip/xc32/v5.00/bin/bin/../../lib/gcc/pic32c/13.2.1/../../../../pic32c/lib/thumb/v7e-m+dp/hard\libc-musl.a(__out.o)
 .ARM.attributes
                0x00000b84       0x34 C:/Program Files/Microchip/xc32/v5.00/bin/bin/../../lib/gcc/pic32c/13.2.1/../../../../pic32c/lib/thumb/v7e-m+dp/hard\libc-musl.a(__putc.o)
 .ARM.attributes
                0x00000bb8       0x34 C:/Program Files/Microchip/xc32/v5.00/bin/bin/../../lib/gcc/pic32c/13.2.1/../../../../pic32c/lib/thumb/v7e-m+dp/hard\libc-musl.a(__stderr.o)
 .ARM.attributes
                0x00000bec       0x34 C:/Program Files/Microchip/xc32/v5.00/bin/bin/../../lib/gcc/pic32c/13.2.1/../../../../pic32c/lib/thumb/v7e-m+dp/hard\libc-musl.a(__stdio_close.o)
 .ARM.attributes
                0x00000c20       0x34 C:/Program Files/Microchip/xc32/v5.00/bin/bin/../../lib/gcc/pic32c/13.2.1/../../../../pic32c/lib/thumb/v7e-m+dp/hard\libc-musl.a(__stdio_write.o)
 .ARM.attributes
                0x00000c54       0x34 C:/Program Files/Microchip/xc32/v5.00/bin/bin/../../lib/gcc/pic32c/13.2.1/../../../../pic32c/lib/thumb/v7e-m+dp/hard\libc-musl.a(__stdout.o)
 .ARM.attributes
                0x00000c88       0x34 C:/Program Files/Microchip/xc32/v5.00/bin/bin/../../lib/gcc/pic32c/13.2.1/../../../../pic32c/lib/thumb/v7e-m+dp/hard\libc-musl.a(__towrite.o)
 .ARM.attributes
                0x00000cbc       0x34 C:/Program Files/Microchip/xc32/v5.00/bin/bin/../../lib/gcc/pic32c/13.2.1/../../../../pic32c/lib/thumb/v7e-m+dp/hard\libc-musl.a(writev.o)
 .ARM.attributes
                0x00000cf0       0x34 C:/Program Files/Microchip/xc32/v5.00/bin/bin/../../lib/gcc/pic32c/13.2.1/../../../../pic32c/lib/thumb/v7e-m+dp/hard\libc-musl.a(__overflow.o)
 .ARM.attributes
                0x00000d24       0x34 C:/Program Files/Microchip/xc32/v5.00/bin/bin/../../lib/gcc/pic32c/13.2.1/../../../../pic32c/lib/thumb/v7e-m+dp/hard\libc-musl.a(__fwrite.o)
 .ARM.attributes
                0x00000d58       0x32 C:/Program Files/Microchip/xc32/v5.00/bin/bin/../../lib/gcc/pic32c/13.2.1/../../../../pic32c/lib/thumb/v7e-m+dp/hard\libpic32c.a(close.o)
 .ARM.attributes
                0x00000d8a       0x32 C:/Program Files/Microchip/xc32/v5.00/bin/bin/../../lib/gcc/pic32c/13.2.1/../../../../pic32c/lib/thumb/v7e-m+dp/hard\libpic32c.a(lseek.o)
 .ARM.attributes
                0x00000dbc       0x34 C:/Program Files/Microchip/xc32/v5.00/bin/bin/../../lib/gcc/pic32c/13.2.1/../../../../pic32c/lib/thumb/v7e-m+dp/hard\libc-size-musl.a(strlen.o)
 .ARM.attributes
                0x00000df0       0x34 C:/Program Files/Microchip/xc32/v5.00/bin/bin/../../lib/gcc/pic32c/13.2.1/../../../../pic32c/lib/thumb/v7e-m+dp/hard\liblmalloc-musl.a(lite_malloc.o)
 .ARM.attributes
                0x00000e24       0x34 C:/Program Files/Microchip/xc32/v5.00/bin/bin/../../lib/gcc/pic32c/13.2.1/../../../../pic32c/lib/thumb/v7e-m+dp/hard\liblmalloc-musl.a(lite_free.o)
 .ARM.attributes
                0x00000e58       0x34 C:/Program Files/Microchip/xc32/v5.00/bin/bin/../../lib/gcc/pic32c/13.2.1/../../../../pic32c/lib/thumb/v7e-m+dp/hard\libc-musl.a(expand_heap.o)
 .ARM.attributes
                0x00000e8c       0x32 C:/Program Files/Microchip/xc32/v5.00/bin/bin/../../lib/gcc/pic32c/13.2.1/../../../../pic32c/lib/thumb/v7e-m+dp/hard\libpic32c.a(sbrk.o)
 .ARM.attributes
                0x00000ebe       0x20 C:/Program Files/Microchip/xc32/v5.00/bin/bin/../../lib/gcc/pic32c/13.2.1/thumb/v7e-m+dp/hard\libgcc.a(_aeabi_uldivmod.o)
 .ARM.attributes
                0x00000ede       0x32 C:/Program Files/Microchip/xc32/v5.00/bin/bin/../../lib/gcc/pic32c/13.2.1/thumb/v7e-m+dp/hard\libgcc.a(_udivmoddi4.o)
 .ARM.attributes
                0x00000f10       0x20 C:/Program Files/Microchip/xc32/v5.00/bin/bin/../../lib/gcc/pic32c/13.2.1/thumb/v7e-m+dp/hard\libgcc.a(_dvmd_tls.o)
 .ARM.attributes
                0x00000f30       0x20 C:/Program Files/Microchip/xc32/v5.00/bin/bin/../../lib/gcc/pic32c/13.2.1/thumb/v7e-m+dp/hard/crtn.o
 .ARM.attributes
                0x00000f50       0x32 C:/Program Files/Microchip/xc32/v5.00/bin/bin/../../lib/gcc/pic32c/13.2.1/../../../../pic32c/lib/thumb/v7e-m+dp/hard\libpic32c.a(pic32_data_init_clear.o)
 .ARM.attributes
                0x00000f82       0x32 C:/Program Files/Microchip/xc32/v5.00/bin/bin/../../lib/gcc/pic32c/13.2.1/../../../../pic32c/lib/thumb/v7e-m+dp/hard\libpic32c.a(pic32_data_init_copy.o)
 .ARM.attributes
                0x00000fb4       0x32 C:/Program Files/Microchip/xc32/v5.00/bin/bin/../../lib/gcc/pic32c/13.2.1/../../../../pic32c/lib/thumb/v7e-m+dp/hard\libpic32c.a(pic32_data_init_decompress.o)

.comment        0x00000000       0x35
 .comment       0x00000000       0x35 C:/Program Files/Microchip/xc32/v5.00/bin/bin/../../lib/gcc/pic32c/13.2.1/thumb/v7e-m+dp/hard/crtbegin.o
                                 0x36 (size before relaxing)
 .comment       0x00000035       0x36 build/default/production/_ext/1863587092/plib_ip1553.o
 .comment       0x00000035       0x36 build/default/production/_ext/60165520/plib_clk.o
 .comment       0x00000035       0x36 build/default/production/_ext/1818436620/plib_flexcom1_usart.o
 .comment       0x00000035       0x36 build/default/production/_ext/1818436620/plib_flexcom3_usart.o
 .comment       0x00000035       0x36 build/default/production/_ext/1818436620/plib_flexcom4_usart.o
 .comment       0x00000035       0x36 build/default/production/_ext/1818436620/plib_flexcom5_usart.o
 .comment       0x00000035       0x36 build/default/production/_ext/1818436620/plib_flexcom0_usart.o
 .comment       0x00000035       0x36 build/default/production/_ext/1818436620/plib_flexcom2_usart.o
 .comment       0x00000035       0x36 build/default/production/_ext/1666157715/plib_matrix.o
 .comment       0x00000035       0x36 build/default/production/_ext/1865468468/plib_nvic.o
 .comment       0x00000035       0x36 build/default/production/_ext/60177924/plib_pio.o
 .comment       0x00000035       0x36 build/default/production/_ext/2003650513/plib_xdmac.o
 .comment       0x00000035       0x36 build/default/production/_ext/163028504/xc32_monitor.o
 .comment       0x00000035       0x36 build/default/production/_ext/1171490990/initialization.o
 .comment       0x00000035       0x36 build/default/production/_ext/1171490990/interrupts.o
 .comment       0x00000035       0x36 build/default/production/_ext/1171490990/exceptions.o
 .comment       0x00000035       0x36 build/default/production/_ext/1171490990/startup_xc32.o
 .comment       0x00000035       0x36 build/default/production/_ext/328528262/default_function.o
 .comment       0x00000035       0x36 build/default/production/_ext/328528262/ip1553_rt.o
 .comment       0x00000035       0x36 build/default/production/_ext/328528262/FLEXCOM_dma_objects.o
 .comment       0x00000035       0x36 build/default/production/_ext/328528262/circular_dma.o
 .comment       0x00000035       0x36 build/default/production/_ext/1360937237/main.o
 .comment       0x00000035       0x36 C:/Program Files/Microchip/xc32/v5.00/bin/bin/../../lib/gcc/pic32c/13.2.1/../../../../pic32c/lib/thumb/v7e-m+dp/hard\libpic32c.a(data_init.o)
 .comment       0x00000035       0x36 C:/Program Files/Microchip/xc32/v5.00/bin/bin/../../lib/gcc/pic32c/13.2.1/../../../../pic32c/lib/thumb/v7e-m+dp/hard\libc-size-musl.a(memcpy.o)
 .comment       0x00000035       0x36 C:/Program Files/Microchip/xc32/v5.00/bin/bin/../../lib/gcc/pic32c/13.2.1/../../../../pic32c/lib/thumb/v7e-m+dp/hard\libc-size-musl.a(memset.o)
 .comment       0x00000035       0x36 C:/Program Files/Microchip/xc32/v5.00/bin/bin/../../lib/gcc/pic32c/13.2.1/../../../../pic32c/lib/thumb/v7e-m+dp/hard\libc-musl.a(__libc_start_main.o)
 .comment       0x00000035       0x36 C:/Program Files/Microchip/xc32/v5.00/bin/bin/../../lib/gcc/pic32c/13.2.1/../../../../pic32c/lib/thumb/v7e-m+dp/hard\libc-musl.a(libc.o)
 .comment       0x00000035       0x36 C:/Program Files/Microchip/xc32/v5.00/bin/bin/../../lib/gcc/pic32c/13.2.1/../../../../pic32c/lib/thumb/v7e-m+dp/hard\libc-musl.a(__sio_printf_cdnpsuxX.o)
 .comment       0x00000035       0x36 C:/Program Files/Microchip/xc32/v5.00/bin/bin/../../lib/gcc/pic32c/13.2.1/../../../../pic32c/lib/thumb/v7e-m+dp/hard\libc-musl.a(__fmt_d.o)
 .comment       0x00000035       0x36 C:/Program Files/Microchip/xc32/v5.00/bin/bin/../../lib/gcc/pic32c/13.2.1/../../../../pic32c/lib/thumb/v7e-m+dp/hard\libc-musl.a(__fmt_s.o)
 .comment       0x00000035       0x36 C:/Program Files/Microchip/xc32/v5.00/bin/bin/../../lib/gcc/pic32c/13.2.1/../../../../pic32c/lib/thumb/v7e-m+dp/hard\libc-musl.a(__fmt_u.o)
 .comment       0x00000035       0x36 C:/Program Files/Microchip/xc32/v5.00/bin/bin/../../lib/gcc/pic32c/13.2.1/../../../../pic32c/lib/thumb/v7e-m+dp/hard\libc-musl.a(__fmt_x.o)
 .comment       0x00000035       0x36 C:/Program Files/Microchip/xc32/v5.00/bin/bin/../../lib/gcc/pic32c/13.2.1/../../../../pic32c/lib/thumb/v7e-m+dp/hard\libc-musl.a(__pop_int.o)
 .comment       0x00000035       0x36 C:/Program Files/Microchip/xc32/v5.00/bin/bin/../../lib/gcc/pic32c/13.2.1/../../../../pic32c/lib/thumb/v7e-m+dp/hard\libc-musl.a(__pop_ptr.o)
 .comment       0x00000035       0x36 C:/Program Files/Microchip/xc32/v5.00/bin/bin/../../lib/gcc/pic32c/13.2.1/../../../../pic32c/lib/thumb/v7e-m+dp/hard\libc-musl.a(__printf_core.o)
 .comment       0x00000035       0x36 C:/Program Files/Microchip/xc32/v5.00/bin/bin/../../lib/gcc/pic32c/13.2.1/../../../../pic32c/lib/thumb/v7e-m+dp/hard\libc-musl.a(stdin.o)
 .comment       0x00000035       0x36 C:/Program Files/Microchip/xc32/v5.00/bin/bin/../../lib/gcc/pic32c/13.2.1/../../../../pic32c/lib/thumb/v7e-m+dp/hard\libc-musl.a(stdout.o)
 .comment       0x00000035       0x36 C:/Program Files/Microchip/xc32/v5.00/bin/bin/../../lib/gcc/pic32c/13.2.1/../../../../pic32c/lib/thumb/v7e-m+dp/hard\libc-musl.a(puts.o)
 .comment       0x00000035       0x36 C:/Program Files/Microchip/xc32/v5.00/bin/bin/../../lib/gcc/pic32c/13.2.1/../../../../pic32c/lib/thumb/v7e-m+dp/hard\libc-musl.a(setbuf.o)
 .comment       0x00000035       0x36 C:/Program Files/Microchip/xc32/v5.00/bin/bin/../../lib/gcc/pic32c/13.2.1/../../../../pic32c/lib/thumb/v7e-m+dp/hard\libc-musl.a(atoi.o)
 .comment       0x00000035       0x36 C:/Program Files/Microchip/xc32/v5.00/bin/bin/../../lib/gcc/pic32c/13.2.1/../../../../pic32c/lib/thumb/v7e-m+dp/hard\libc-musl.a(tolower.o)
 .comment       0x00000035       0x36 C:/Program Files/Microchip/xc32/v5.00/bin/bin/../../lib/gcc/pic32c/13.2.1/../../../../pic32c/lib/thumb/v7e-m+dp/hard\libc-musl.a(toupper.o)
 .comment       0x00000035       0x36 C:/Program Files/Microchip/xc32/v5.00/bin/bin/../../lib/gcc/pic32c/13.2.1/../../../../pic32c/lib/thumb/v7e-m+dp/hard\libc-musl.a(__environ.o)
 .comment       0x00000035       0x36 C:/Program Files/Microchip/xc32/v5.00/bin/bin/../../lib/gcc/pic32c/13.2.1/../../../../pic32c/lib/thumb/v7e-m+dp/hard\libc-musl.a(__errno_location.o)
 .comment       0x00000035       0x36 C:/Program Files/Microchip/xc32/v5.00/bin/bin/../../lib/gcc/pic32c/13.2.1/../../../../pic32c/lib/thumb/v7e-m+dp/hard\libc-musl.a(__int_vfprintf.o)
 .comment       0x00000035       0x36 C:/Program Files/Microchip/xc32/v5.00/bin/bin/../../lib/gcc/pic32c/13.2.1/../../../../pic32c/lib/thumb/v7e-m+dp/hard\libc-musl.a(fputs.o)
 .comment       0x00000035       0x36 C:/Program Files/Microchip/xc32/v5.00/bin/bin/../../lib/gcc/pic32c/13.2.1/../../../../pic32c/lib/thumb/v7e-m+dp/hard\libc-musl.a(__cvt_u.o)
 .comment       0x00000035       0x36 C:/Program Files/Microchip/xc32/v5.00/bin/bin/../../lib/gcc/pic32c/13.2.1/../../../../pic32c/lib/thumb/v7e-m+dp/hard\libc-musl.a(__pop_float.o)
 .comment       0x00000035       0x36 C:/Program Files/Microchip/xc32/v5.00/bin/bin/../../lib/gcc/pic32c/13.2.1/../../../../pic32c/lib/thumb/v7e-m+dp/hard\libc-musl.a(__stdio_read.o)
 .comment       0x00000035       0x36 C:/Program Files/Microchip/xc32/v5.00/bin/bin/../../lib/gcc/pic32c/13.2.1/../../../../pic32c/lib/thumb/v7e-m+dp/hard\libc-musl.a(__towrite_rw.o)
 .comment       0x00000035       0x36 C:/Program Files/Microchip/xc32/v5.00/bin/bin/../../lib/gcc/pic32c/13.2.1/../../../../pic32c/lib/thumb/v7e-m+dp/hard\libc-musl.a(fwrite.o)
 .comment       0x00000035       0x36 C:/Program Files/Microchip/xc32/v5.00/bin/bin/../../lib/gcc/pic32c/13.2.1/../../../../pic32c/lib/thumb/v7e-m+dp/hard\libc-musl.a(putc.o)
 .comment       0x00000035       0x36 C:/Program Files/Microchip/xc32/v5.00/bin/bin/../../lib/gcc/pic32c/13.2.1/../../../../pic32c/lib/thumb/v7e-m+dp/hard\libc-musl.a(setvbuf.o)
 .comment       0x00000035       0x36 C:/Program Files/Microchip/xc32/v5.00/bin/bin/../../lib/gcc/pic32c/13.2.1/../../../../pic32c/lib/thumb/v7e-m+dp/hard\libc-musl.a(readv.o)
 .comment       0x00000035       0x36 C:/Program Files/Microchip/xc32/v5.00/bin/bin/../../lib/gcc/pic32c/13.2.1/../../../../pic32c/lib/thumb/v7e-m+dp/hard\libc-musl.a(__init_stdio.o)
 .comment       0x00000035       0x36 C:/Program Files/Microchip/xc32/v5.00/bin/bin/../../lib/gcc/pic32c/13.2.1/../../../../pic32c/lib/thumb/v7e-m+dp/hard\libc-musl.a(__out.o)
 .comment       0x00000035       0x36 C:/Program Files/Microchip/xc32/v5.00/bin/bin/../../lib/gcc/pic32c/13.2.1/../../../../pic32c/lib/thumb/v7e-m+dp/hard\libc-musl.a(__putc.o)
 .comment       0x00000035       0x36 C:/Program Files/Microchip/xc32/v5.00/bin/bin/../../lib/gcc/pic32c/13.2.1/../../../../pic32c/lib/thumb/v7e-m+dp/hard\libc-musl.a(__stderr.o)
 .comment       0x00000035       0x36 C:/Program Files/Microchip/xc32/v5.00/bin/bin/../../lib/gcc/pic32c/13.2.1/../../../../pic32c/lib/thumb/v7e-m+dp/hard\libc-musl.a(__stdio_close.o)
 .comment       0x00000035       0x36 C:/Program Files/Microchip/xc32/v5.00/bin/bin/../../lib/gcc/pic32c/13.2.1/../../../../pic32c/lib/thumb/v7e-m+dp/hard\libc-musl.a(__stdio_write.o)
 .comment       0x00000035       0x36 C:/Program Files/Microchip/xc32/v5.00/bin/bin/../../lib/gcc/pic32c/13.2.1/../../../../pic32c/lib/thumb/v7e-m+dp/hard\libc-musl.a(__stdout.o)
 .comment       0x00000035       0x36 C:/Program Files/Microchip/xc32/v5.00/bin/bin/../../lib/gcc/pic32c/13.2.1/../../../../pic32c/lib/thumb/v7e-m+dp/hard\libc-musl.a(__towrite.o)
 .comment       0x00000035       0x36 C:/Program Files/Microchip/xc32/v5.00/bin/bin/../../lib/gcc/pic32c/13.2.1/../../../../pic32c/lib/thumb/v7e-m+dp/hard\libc-musl.a(writev.o)
 .comment       0x00000035       0x36 C:/Program Files/Microchip/xc32/v5.00/bin/bin/../../lib/gcc/pic32c/13.2.1/../../../../pic32c/lib/thumb/v7e-m+dp/hard\libc-musl.a(__overflow.o)
 .comment       0x00000035       0x36 C:/Program Files/Microchip/xc32/v5.00/bin/bin/../../lib/gcc/pic32c/13.2.1/../../../../pic32c/lib/thumb/v7e-m+dp/hard\libc-musl.a(__fwrite.o)
 .comment       0x00000035       0x36 C:/Program Files/Microchip/xc32/v5.00/bin/bin/../../lib/gcc/pic32c/13.2.1/../../../../pic32c/lib/thumb/v7e-m+dp/hard\libpic32c.a(close.o)
 .comment       0x00000035       0x36 C:/Program Files/Microchip/xc32/v5.00/bin/bin/../../lib/gcc/pic32c/13.2.1/../../../../pic32c/lib/thumb/v7e-m+dp/hard\libpic32c.a(lseek.o)
 .comment       0x00000035       0x36 C:/Program Files/Microchip/xc32/v5.00/bin/bin/../../lib/gcc/pic32c/13.2.1/../../../../pic32c/lib/thumb/v7e-m+dp/hard\libc-size-musl.a(strlen.o)
 .comment       0x00000035       0x36 C:/Program Files/Microchip/xc32/v5.00/bin/bin/../../lib/gcc/pic32c/13.2.1/../../../../pic32c/lib/thumb/v7e-m+dp/hard\liblmalloc-musl.a(lite_malloc.o)
 .comment       0x00000035       0x36 C:/Program Files/Microchip/xc32/v5.00/bin/bin/../../lib/gcc/pic32c/13.2.1/../../../../pic32c/lib/thumb/v7e-m+dp/hard\liblmalloc-musl.a(lite_free.o)
 .comment       0x00000035       0x36 C:/Program Files/Microchip/xc32/v5.00/bin/bin/../../lib/gcc/pic32c/13.2.1/../../../../pic32c/lib/thumb/v7e-m+dp/hard\libc-musl.a(expand_heap.o)
 .comment       0x00000035       0x36 C:/Program Files/Microchip/xc32/v5.00/bin/bin/../../lib/gcc/pic32c/13.2.1/../../../../pic32c/lib/thumb/v7e-m+dp/hard\libpic32c.a(sbrk.o)
 .comment       0x00000035       0x36 C:/Program Files/Microchip/xc32/v5.00/bin/bin/../../lib/gcc/pic32c/13.2.1/thumb/v7e-m+dp/hard\libgcc.a(_udivmoddi4.o)
 .comment       0x00000035       0x36 C:/Program Files/Microchip/xc32/v5.00/bin/bin/../../lib/gcc/pic32c/13.2.1/../../../../pic32c/lib/thumb/v7e-m+dp/hard\libpic32c.a(pic32_data_init_clear.o)
 .comment       0x00000035       0x36 C:/Program Files/Microchip/xc32/v5.00/bin/bin/../../lib/gcc/pic32c/13.2.1/../../../../pic32c/lib/thumb/v7e-m+dp/hard\libpic32c.a(pic32_data_init_copy.o)
 .comment       0x00000035       0x36 C:/Program Files/Microchip/xc32/v5.00/bin/bin/../../lib/gcc/pic32c/13.2.1/../../../../pic32c/lib/thumb/v7e-m+dp/hard\libpic32c.a(pic32_data_init_decompress.o)

.debug_info     0x00000000    0x17ed5
 .debug_info    0x00000000      0x5ff build/default/production/_ext/1863587092/plib_ip1553.o
 .debug_info    0x000005ff     0x1295 build/default/production/_ext/60165520/plib_clk.o
 .debug_info    0x00001894      0xe31 build/default/production/_ext/1818436620/plib_flexcom1_usart.o
 .debug_info    0x000026c5     0x1136 build/default/production/_ext/1818436620/plib_flexcom3_usart.o
 .debug_info    0x000037fb     0x1136 build/default/production/_ext/1818436620/plib_flexcom4_usart.o
 .debug_info    0x00004931      0xe31 build/default/production/_ext/1818436620/plib_flexcom5_usart.o
 .debug_info    0x00005762     0x1136 build/default/production/_ext/1818436620/plib_flexcom0_usart.o
 .debug_info    0x00006898     0x1136 build/default/production/_ext/1818436620/plib_flexcom2_usart.o
 .debug_info    0x000079ce      0x2e4 build/default/production/_ext/1666157715/plib_matrix.o
 .debug_info    0x00007cb2      0xec4 build/default/production/_ext/1865468468/plib_nvic.o
 .debug_info    0x00008b76      0x70b build/default/production/_ext/60177924/plib_pio.o
 .debug_info    0x00009281      0x940 build/default/production/_ext/2003650513/plib_xdmac.o
 .debug_info    0x00009bc1      0x1f0 build/default/production/_ext/163028504/xc32_monitor.o
 .debug_info    0x00009db1      0x2f2 build/default/production/_ext/1171490990/initialization.o
 .debug_info    0x0000a0a3      0x73d build/default/production/_ext/1171490990/interrupts.o
 .debug_info    0x0000a7e0      0x116 build/default/production/_ext/1171490990/exceptions.o
 .debug_info    0x0000a8f6      0xfa8 build/default/production/_ext/1171490990/startup_xc32.o
 .debug_info    0x0000b89e      0x655 build/default/production/_ext/328528262/default_function.o
 .debug_info    0x0000bef3      0xb74 build/default/production/_ext/328528262/ip1553_rt.o
 .debug_info    0x0000ca67      0xb84 build/default/production/_ext/328528262/FLEXCOM_dma_objects.o
 .debug_info    0x0000d5eb     0x1d6e build/default/production/_ext/328528262/circular_dma.o
 .debug_info    0x0000f359      0x6a7 build/default/production/_ext/1360937237/main.o
 .debug_info    0x0000fa00      0x212 C:/Program Files/Microchip/xc32/v5.00/bin/bin/../../lib/gcc/pic32c/13.2.1/../../../../pic32c/lib/thumb/v7e-m+dp/hard\libpic32c.a(data_init.o)
 .debug_info    0x0000fc12       0xff C:/Program Files/Microchip/xc32/v5.00/bin/bin/../../lib/gcc/pic32c/13.2.1/../../../../pic32c/lib/thumb/v7e-m+dp/hard\libc-size-musl.a(memcpy.o)
 .debug_info    0x0000fd11       0xc2 C:/Program Files/Microchip/xc32/v5.00/bin/bin/../../lib/gcc/pic32c/13.2.1/../../../../pic32c/lib/thumb/v7e-m+dp/hard\libc-size-musl.a(memset.o)
 .debug_info    0x0000fdd3      0x2fb C:/Program Files/Microchip/xc32/v5.00/bin/bin/../../lib/gcc/pic32c/13.2.1/../../../../pic32c/lib/thumb/v7e-m+dp/hard\libc-musl.a(__libc_start_main.o)
 .debug_info    0x000100ce      0x276 C:/Program Files/Microchip/xc32/v5.00/bin/bin/../../lib/gcc/pic32c/13.2.1/../../../../pic32c/lib/thumb/v7e-m+dp/hard\libc-musl.a(libc.o)
 .debug_info    0x00010344      0x20b C:/Program Files/Microchip/xc32/v5.00/bin/bin/../../lib/gcc/pic32c/13.2.1/../../../../pic32c/lib/thumb/v7e-m+dp/hard\libc-musl.a(__sio_printf_cdnpsuxX.o)
 .debug_info    0x0001054f      0x36e C:/Program Files/Microchip/xc32/v5.00/bin/bin/../../lib/gcc/pic32c/13.2.1/../../../../pic32c/lib/thumb/v7e-m+dp/hard\libc-musl.a(__fmt_d.o)
 .debug_info    0x000108bd      0x2e3 C:/Program Files/Microchip/xc32/v5.00/bin/bin/../../lib/gcc/pic32c/13.2.1/../../../../pic32c/lib/thumb/v7e-m+dp/hard\libc-musl.a(__fmt_s.o)
 .debug_info    0x00010ba0      0x33f C:/Program Files/Microchip/xc32/v5.00/bin/bin/../../lib/gcc/pic32c/13.2.1/../../../../pic32c/lib/thumb/v7e-m+dp/hard\libc-musl.a(__fmt_u.o)
 .debug_info    0x00010edf      0x3a1 C:/Program Files/Microchip/xc32/v5.00/bin/bin/../../lib/gcc/pic32c/13.2.1/../../../../pic32c/lib/thumb/v7e-m+dp/hard\libc-musl.a(__fmt_x.o)
 .debug_info    0x00011280      0x183 C:/Program Files/Microchip/xc32/v5.00/bin/bin/../../lib/gcc/pic32c/13.2.1/../../../../pic32c/lib/thumb/v7e-m+dp/hard\libc-musl.a(__pop_int.o)
 .debug_info    0x00011403      0x187 C:/Program Files/Microchip/xc32/v5.00/bin/bin/../../lib/gcc/pic32c/13.2.1/../../../../pic32c/lib/thumb/v7e-m+dp/hard\libc-musl.a(__pop_ptr.o)
 .debug_info    0x0001158a      0xaff C:/Program Files/Microchip/xc32/v5.00/bin/bin/../../lib/gcc/pic32c/13.2.1/../../../../pic32c/lib/thumb/v7e-m+dp/hard\libc-musl.a(__printf_core.o)
 .debug_info    0x00012089      0x424 C:/Program Files/Microchip/xc32/v5.00/bin/bin/../../lib/gcc/pic32c/13.2.1/../../../../pic32c/lib/thumb/v7e-m+dp/hard\libc-musl.a(stdin.o)
 .debug_info    0x000124ad      0x1e6 C:/Program Files/Microchip/xc32/v5.00/bin/bin/../../lib/gcc/pic32c/13.2.1/../../../../pic32c/lib/thumb/v7e-m+dp/hard\libc-musl.a(stdout.o)
 .debug_info    0x00012693      0x3ce C:/Program Files/Microchip/xc32/v5.00/bin/bin/../../lib/gcc/pic32c/13.2.1/../../../../pic32c/lib/thumb/v7e-m+dp/hard\libc-musl.a(puts.o)
 .debug_info    0x00012a61      0x121 C:/Program Files/Microchip/xc32/v5.00/bin/bin/../../lib/gcc/pic32c/13.2.1/../../../../pic32c/lib/thumb/v7e-m+dp/hard\libc-musl.a(setbuf.o)
 .debug_info    0x00012b82       0xef C:/Program Files/Microchip/xc32/v5.00/bin/bin/../../lib/gcc/pic32c/13.2.1/../../../../pic32c/lib/thumb/v7e-m+dp/hard\libc-musl.a(atoi.o)
 .debug_info    0x00012c71      0x138 C:/Program Files/Microchip/xc32/v5.00/bin/bin/../../lib/gcc/pic32c/13.2.1/../../../../pic32c/lib/thumb/v7e-m+dp/hard\libc-musl.a(tolower.o)
 .debug_info    0x00012da9      0x138 C:/Program Files/Microchip/xc32/v5.00/bin/bin/../../lib/gcc/pic32c/13.2.1/../../../../pic32c/lib/thumb/v7e-m+dp/hard\libc-musl.a(toupper.o)
 .debug_info    0x00012ee1       0x97 C:/Program Files/Microchip/xc32/v5.00/bin/bin/../../lib/gcc/pic32c/13.2.1/../../../../pic32c/lib/thumb/v7e-m+dp/hard\libc-musl.a(__environ.o)
 .debug_info    0x00012f78       0x5b C:/Program Files/Microchip/xc32/v5.00/bin/bin/../../lib/gcc/pic32c/13.2.1/../../../../pic32c/lib/thumb/v7e-m+dp/hard\libc-musl.a(__errno_location.o)
 .debug_info    0x00012fd3      0x21c C:/Program Files/Microchip/xc32/v5.00/bin/bin/../../lib/gcc/pic32c/13.2.1/../../../../pic32c/lib/thumb/v7e-m+dp/hard\libc-musl.a(__int_vfprintf.o)
 .debug_info    0x000131ef      0x3de C:/Program Files/Microchip/xc32/v5.00/bin/bin/../../lib/gcc/pic32c/13.2.1/../../../../pic32c/lib/thumb/v7e-m+dp/hard\libc-musl.a(fputs.o)
 .debug_info    0x000135cd      0x1ed C:/Program Files/Microchip/xc32/v5.00/bin/bin/../../lib/gcc/pic32c/13.2.1/../../../../pic32c/lib/thumb/v7e-m+dp/hard\libc-musl.a(__cvt_u.o)
 .debug_info    0x000137ba      0x162 C:/Program Files/Microchip/xc32/v5.00/bin/bin/../../lib/gcc/pic32c/13.2.1/../../../../pic32c/lib/thumb/v7e-m+dp/hard\libc-musl.a(__pop_float.o)
 .debug_info    0x0001391c      0x40b C:/Program Files/Microchip/xc32/v5.00/bin/bin/../../lib/gcc/pic32c/13.2.1/../../../../pic32c/lib/thumb/v7e-m+dp/hard\libc-musl.a(__stdio_read.o)
 .debug_info    0x00013d27      0x331 C:/Program Files/Microchip/xc32/v5.00/bin/bin/../../lib/gcc/pic32c/13.2.1/../../../../pic32c/lib/thumb/v7e-m+dp/hard\libc-musl.a(__towrite_rw.o)
 .debug_info    0x00014058      0x290 C:/Program Files/Microchip/xc32/v5.00/bin/bin/../../lib/gcc/pic32c/13.2.1/../../../../pic32c/lib/thumb/v7e-m+dp/hard\libc-musl.a(fwrite.o)
 .debug_info    0x000142e8      0x247 C:/Program Files/Microchip/xc32/v5.00/bin/bin/../../lib/gcc/pic32c/13.2.1/../../../../pic32c/lib/thumb/v7e-m+dp/hard\libc-musl.a(putc.o)
 .debug_info    0x0001452f      0x2ea C:/Program Files/Microchip/xc32/v5.00/bin/bin/../../lib/gcc/pic32c/13.2.1/../../../../pic32c/lib/thumb/v7e-m+dp/hard\libc-musl.a(setvbuf.o)
 .debug_info    0x00014819      0x162 C:/Program Files/Microchip/xc32/v5.00/bin/bin/../../lib/gcc/pic32c/13.2.1/../../../../pic32c/lib/thumb/v7e-m+dp/hard\libc-musl.a(readv.o)
 .debug_info    0x0001497b       0xc3 C:/Program Files/Microchip/xc32/v5.00/bin/bin/../../lib/gcc/pic32c/13.2.1/../../../../pic32c/lib/thumb/v7e-m+dp/hard\libc-musl.a(__init_stdio.o)
 .debug_info    0x00014a3e      0x301 C:/Program Files/Microchip/xc32/v5.00/bin/bin/../../lib/gcc/pic32c/13.2.1/../../../../pic32c/lib/thumb/v7e-m+dp/hard\libc-musl.a(__out.o)
 .debug_info    0x00014d3f      0x2c3 C:/Program Files/Microchip/xc32/v5.00/bin/bin/../../lib/gcc/pic32c/13.2.1/../../../../pic32c/lib/thumb/v7e-m+dp/hard\libc-musl.a(__putc.o)
 .debug_info    0x00015002      0x3e7 C:/Program Files/Microchip/xc32/v5.00/bin/bin/../../lib/gcc/pic32c/13.2.1/../../../../pic32c/lib/thumb/v7e-m+dp/hard\libc-musl.a(__stderr.o)
 .debug_info    0x000153e9      0x41b C:/Program Files/Microchip/xc32/v5.00/bin/bin/../../lib/gcc/pic32c/13.2.1/../../../../pic32c/lib/thumb/v7e-m+dp/hard\libc-musl.a(__stdio_close.o)
 .debug_info    0x00015804      0x485 C:/Program Files/Microchip/xc32/v5.00/bin/bin/../../lib/gcc/pic32c/13.2.1/../../../../pic32c/lib/thumb/v7e-m+dp/hard\libc-musl.a(__stdio_write.o)
 .debug_info    0x00015c89      0x3e7 C:/Program Files/Microchip/xc32/v5.00/bin/bin/../../lib/gcc/pic32c/13.2.1/../../../../pic32c/lib/thumb/v7e-m+dp/hard\libc-musl.a(__stdout.o)
 .debug_info    0x00016070      0x275 C:/Program Files/Microchip/xc32/v5.00/bin/bin/../../lib/gcc/pic32c/13.2.1/../../../../pic32c/lib/thumb/v7e-m+dp/hard\libc-musl.a(__towrite.o)
 .debug_info    0x000162e5      0x169 C:/Program Files/Microchip/xc32/v5.00/bin/bin/../../lib/gcc/pic32c/13.2.1/../../../../pic32c/lib/thumb/v7e-m+dp/hard\libc-musl.a(writev.o)
 .debug_info    0x0001644e      0x38f C:/Program Files/Microchip/xc32/v5.00/bin/bin/../../lib/gcc/pic32c/13.2.1/../../../../pic32c/lib/thumb/v7e-m+dp/hard\libc-musl.a(__overflow.o)
 .debug_info    0x000167dd      0x2f0 C:/Program Files/Microchip/xc32/v5.00/bin/bin/../../lib/gcc/pic32c/13.2.1/../../../../pic32c/lib/thumb/v7e-m+dp/hard\libc-musl.a(__fwrite.o)
 .debug_info    0x00016acd       0xa6 C:/Program Files/Microchip/xc32/v5.00/bin/bin/../../lib/gcc/pic32c/13.2.1/../../../../pic32c/lib/thumb/v7e-m+dp/hard\libpic32c.a(close.o)
 .debug_info    0x00016b73       0xbc C:/Program Files/Microchip/xc32/v5.00/bin/bin/../../lib/gcc/pic32c/13.2.1/../../../../pic32c/lib/thumb/v7e-m+dp/hard\libpic32c.a(lseek.o)
 .debug_info    0x00016c2f       0xab C:/Program Files/Microchip/xc32/v5.00/bin/bin/../../lib/gcc/pic32c/13.2.1/../../../../pic32c/lib/thumb/v7e-m+dp/hard\libc-size-musl.a(strlen.o)
 .debug_info    0x00016cda      0x1dc C:/Program Files/Microchip/xc32/v5.00/bin/bin/../../lib/gcc/pic32c/13.2.1/../../../../pic32c/lib/thumb/v7e-m+dp/hard\liblmalloc-musl.a(lite_malloc.o)
 .debug_info    0x00016eb6      0x26f C:/Program Files/Microchip/xc32/v5.00/bin/bin/../../lib/gcc/pic32c/13.2.1/../../../../pic32c/lib/thumb/v7e-m+dp/hard\liblmalloc-musl.a(lite_free.o)
 .debug_info    0x00017125      0x115 C:/Program Files/Microchip/xc32/v5.00/bin/bin/../../lib/gcc/pic32c/13.2.1/../../../../pic32c/lib/thumb/v7e-m+dp/hard\libc-musl.a(expand_heap.o)
 .debug_info    0x0001723a      0x186 C:/Program Files/Microchip/xc32/v5.00/bin/bin/../../lib/gcc/pic32c/13.2.1/../../../../pic32c/lib/thumb/v7e-m+dp/hard\libpic32c.a(sbrk.o)
 .debug_info    0x000173c0       0x35 C:/Program Files/Microchip/xc32/v5.00/bin/bin/../../lib/gcc/pic32c/13.2.1/thumb/v7e-m+dp/hard\libgcc.a(_aeabi_uldivmod.o)
 .debug_info    0x000173f5      0x73c C:/Program Files/Microchip/xc32/v5.00/bin/bin/../../lib/gcc/pic32c/13.2.1/thumb/v7e-m+dp/hard\libgcc.a(_udivmoddi4.o)
 .debug_info    0x00017b31       0x41 C:/Program Files/Microchip/xc32/v5.00/bin/bin/../../lib/gcc/pic32c/13.2.1/thumb/v7e-m+dp/hard\libgcc.a(_dvmd_tls.o)
 .debug_info    0x00017b72      0x110 C:/Program Files/Microchip/xc32/v5.00/bin/bin/../../lib/gcc/pic32c/13.2.1/../../../../pic32c/lib/thumb/v7e-m+dp/hard\libpic32c.a(pic32_data_init_clear.o)
 .debug_info    0x00017c82      0x126 C:/Program Files/Microchip/xc32/v5.00/bin/bin/../../lib/gcc/pic32c/13.2.1/../../../../pic32c/lib/thumb/v7e-m+dp/hard\libpic32c.a(pic32_data_init_copy.o)
 .debug_info    0x00017da8      0x12d C:/Program Files/Microchip/xc32/v5.00/bin/bin/../../lib/gcc/pic32c/13.2.1/../../../../pic32c/lib/thumb/v7e-m+dp/hard\libpic32c.a(pic32_data_init_decompress.o)

.debug_abbrev   0x00000000     0x6c92
 .debug_abbrev  0x00000000      0x192 build/default/production/_ext/1863587092/plib_ip1553.o
 .debug_abbrev  0x00000192      0x1f2 build/default/production/_ext/60165520/plib_clk.o
 .debug_abbrev  0x00000384      0x2a2 build/default/production/_ext/1818436620/plib_flexcom1_usart.o
 .debug_abbrev  0x00000626      0x2f9 build/default/production/_ext/1818436620/plib_flexcom3_usart.o
 .debug_abbrev  0x0000091f      0x2f9 build/default/production/_ext/1818436620/plib_flexcom4_usart.o
 .debug_abbrev  0x00000c18      0x2a2 build/default/production/_ext/1818436620/plib_flexcom5_usart.o
 .debug_abbrev  0x00000eba      0x2f9 build/default/production/_ext/1818436620/plib_flexcom0_usart.o
 .debug_abbrev  0x000011b3      0x2f9 build/default/production/_ext/1818436620/plib_flexcom2_usart.o
 .debug_abbrev  0x000014ac       0xb3 build/default/production/_ext/1666157715/plib_matrix.o
 .debug_abbrev  0x0000155f      0x24d build/default/production/_ext/1865468468/plib_nvic.o
 .debug_abbrev  0x000017ac      0x221 build/default/production/_ext/60177924/plib_pio.o
 .debug_abbrev  0x000019cd      0x2b8 build/default/production/_ext/2003650513/plib_xdmac.o
 .debug_abbrev  0x00001c85      0x105 build/default/production/_ext/163028504/xc32_monitor.o
 .debug_abbrev  0x00001d8a      0x16e build/default/production/_ext/1171490990/initialization.o
 .debug_abbrev  0x00001ef8       0xd3 build/default/production/_ext/1171490990/interrupts.o
 .debug_abbrev  0x00001fcb       0x49 build/default/production/_ext/1171490990/exceptions.o
 .debug_abbrev  0x00002014      0x287 build/default/production/_ext/1171490990/startup_xc32.o
 .debug_abbrev  0x0000229b      0x258 build/default/production/_ext/328528262/default_function.o
 .debug_abbrev  0x000024f3      0x290 build/default/production/_ext/328528262/ip1553_rt.o
 .debug_abbrev  0x00002783      0x18d build/default/production/_ext/328528262/FLEXCOM_dma_objects.o
 .debug_abbrev  0x00002910      0x3b4 build/default/production/_ext/328528262/circular_dma.o
 .debug_abbrev  0x00002cc4      0x272 build/default/production/_ext/1360937237/main.o
 .debug_abbrev  0x00002f36      0x156 C:/Program Files/Microchip/xc32/v5.00/bin/bin/../../lib/gcc/pic32c/13.2.1/../../../../pic32c/lib/thumb/v7e-m+dp/hard\libpic32c.a(data_init.o)
 .debug_abbrev  0x0000308c       0xaa C:/Program Files/Microchip/xc32/v5.00/bin/bin/../../lib/gcc/pic32c/13.2.1/../../../../pic32c/lib/thumb/v7e-m+dp/hard\libc-size-musl.a(memcpy.o)
 .debug_abbrev  0x00003136       0xa2 C:/Program Files/Microchip/xc32/v5.00/bin/bin/../../lib/gcc/pic32c/13.2.1/../../../../pic32c/lib/thumb/v7e-m+dp/hard\libc-size-musl.a(memset.o)
 .debug_abbrev  0x000031d8      0x133 C:/Program Files/Microchip/xc32/v5.00/bin/bin/../../lib/gcc/pic32c/13.2.1/../../../../pic32c/lib/thumb/v7e-m+dp/hard\libc-musl.a(__libc_start_main.o)
 .debug_abbrev  0x0000330b       0xd4 C:/Program Files/Microchip/xc32/v5.00/bin/bin/../../lib/gcc/pic32c/13.2.1/../../../../pic32c/lib/thumb/v7e-m+dp/hard\libc-musl.a(libc.o)
 .debug_abbrev  0x000033df      0x16b C:/Program Files/Microchip/xc32/v5.00/bin/bin/../../lib/gcc/pic32c/13.2.1/../../../../pic32c/lib/thumb/v7e-m+dp/hard\libc-musl.a(__sio_printf_cdnpsuxX.o)
 .debug_abbrev  0x0000354a      0x17c C:/Program Files/Microchip/xc32/v5.00/bin/bin/../../lib/gcc/pic32c/13.2.1/../../../../pic32c/lib/thumb/v7e-m+dp/hard\libc-musl.a(__fmt_d.o)
 .debug_abbrev  0x000036c6      0x15b C:/Program Files/Microchip/xc32/v5.00/bin/bin/../../lib/gcc/pic32c/13.2.1/../../../../pic32c/lib/thumb/v7e-m+dp/hard\libc-musl.a(__fmt_s.o)
 .debug_abbrev  0x00003821      0x17c C:/Program Files/Microchip/xc32/v5.00/bin/bin/../../lib/gcc/pic32c/13.2.1/../../../../pic32c/lib/thumb/v7e-m+dp/hard\libc-musl.a(__fmt_u.o)
 .debug_abbrev  0x0000399d      0x15a C:/Program Files/Microchip/xc32/v5.00/bin/bin/../../lib/gcc/pic32c/13.2.1/../../../../pic32c/lib/thumb/v7e-m+dp/hard\libc-musl.a(__fmt_x.o)
 .debug_abbrev  0x00003af7       0xdc C:/Program Files/Microchip/xc32/v5.00/bin/bin/../../lib/gcc/pic32c/13.2.1/../../../../pic32c/lib/thumb/v7e-m+dp/hard\libc-musl.a(__pop_int.o)
 .debug_abbrev  0x00003bd3       0xed C:/Program Files/Microchip/xc32/v5.00/bin/bin/../../lib/gcc/pic32c/13.2.1/../../../../pic32c/lib/thumb/v7e-m+dp/hard\libc-musl.a(__pop_ptr.o)
 .debug_abbrev  0x00003cc0      0x33f C:/Program Files/Microchip/xc32/v5.00/bin/bin/../../lib/gcc/pic32c/13.2.1/../../../../pic32c/lib/thumb/v7e-m+dp/hard\libc-musl.a(__printf_core.o)
 .debug_abbrev  0x00003fff      0x1cc C:/Program Files/Microchip/xc32/v5.00/bin/bin/../../lib/gcc/pic32c/13.2.1/../../../../pic32c/lib/thumb/v7e-m+dp/hard\libc-musl.a(stdin.o)
 .debug_abbrev  0x000041cb      0x161 C:/Program Files/Microchip/xc32/v5.00/bin/bin/../../lib/gcc/pic32c/13.2.1/../../../../pic32c/lib/thumb/v7e-m+dp/hard\libc-musl.a(stdout.o)
 .debug_abbrev  0x0000432c      0x15a C:/Program Files/Microchip/xc32/v5.00/bin/bin/../../lib/gcc/pic32c/13.2.1/../../../../pic32c/lib/thumb/v7e-m+dp/hard\libc-musl.a(puts.o)
 .debug_abbrev  0x00004486       0xc2 C:/Program Files/Microchip/xc32/v5.00/bin/bin/../../lib/gcc/pic32c/13.2.1/../../../../pic32c/lib/thumb/v7e-m+dp/hard\libc-musl.a(setbuf.o)
 .debug_abbrev  0x00004548       0xc4 C:/Program Files/Microchip/xc32/v5.00/bin/bin/../../lib/gcc/pic32c/13.2.1/../../../../pic32c/lib/thumb/v7e-m+dp/hard\libc-musl.a(atoi.o)
 .debug_abbrev  0x0000460c      0x108 C:/Program Files/Microchip/xc32/v5.00/bin/bin/../../lib/gcc/pic32c/13.2.1/../../../../pic32c/lib/thumb/v7e-m+dp/hard\libc-musl.a(tolower.o)
 .debug_abbrev  0x00004714      0x108 C:/Program Files/Microchip/xc32/v5.00/bin/bin/../../lib/gcc/pic32c/13.2.1/../../../../pic32c/lib/thumb/v7e-m+dp/hard\libc-musl.a(toupper.o)
 .debug_abbrev  0x0000481c       0x62 C:/Program Files/Microchip/xc32/v5.00/bin/bin/../../lib/gcc/pic32c/13.2.1/../../../../pic32c/lib/thumb/v7e-m+dp/hard\libc-musl.a(__environ.o)
 .debug_abbrev  0x0000487e       0x39 C:/Program Files/Microchip/xc32/v5.00/bin/bin/../../lib/gcc/pic32c/13.2.1/../../../../pic32c/lib/thumb/v7e-m+dp/hard\libc-musl.a(__errno_location.o)
 .debug_abbrev  0x000048b7      0x13a C:/Program Files/Microchip/xc32/v5.00/bin/bin/../../lib/gcc/pic32c/13.2.1/../../../../pic32c/lib/thumb/v7e-m+dp/hard\libc-musl.a(__int_vfprintf.o)
 .debug_abbrev  0x000049f1      0x14c C:/Program Files/Microchip/xc32/v5.00/bin/bin/../../lib/gcc/pic32c/13.2.1/../../../../pic32c/lib/thumb/v7e-m+dp/hard\libc-musl.a(fputs.o)
 .debug_abbrev  0x00004b3d       0xfe C:/Program Files/Microchip/xc32/v5.00/bin/bin/../../lib/gcc/pic32c/13.2.1/../../../../pic32c/lib/thumb/v7e-m+dp/hard\libc-musl.a(__cvt_u.o)
 .debug_abbrev  0x00004c3b       0xdc C:/Program Files/Microchip/xc32/v5.00/bin/bin/../../lib/gcc/pic32c/13.2.1/../../../../pic32c/lib/thumb/v7e-m+dp/hard\libc-musl.a(__pop_float.o)
 .debug_abbrev  0x00004d17      0x176 C:/Program Files/Microchip/xc32/v5.00/bin/bin/../../lib/gcc/pic32c/13.2.1/../../../../pic32c/lib/thumb/v7e-m+dp/hard\libc-musl.a(__stdio_read.o)
 .debug_abbrev  0x00004e8d       0xf8 C:/Program Files/Microchip/xc32/v5.00/bin/bin/../../lib/gcc/pic32c/13.2.1/../../../../pic32c/lib/thumb/v7e-m+dp/hard\libc-musl.a(__towrite_rw.o)
 .debug_abbrev  0x00004f85      0x149 C:/Program Files/Microchip/xc32/v5.00/bin/bin/../../lib/gcc/pic32c/13.2.1/../../../../pic32c/lib/thumb/v7e-m+dp/hard\libc-musl.a(fwrite.o)
 .debug_abbrev  0x000050ce      0x16a C:/Program Files/Microchip/xc32/v5.00/bin/bin/../../lib/gcc/pic32c/13.2.1/../../../../pic32c/lib/thumb/v7e-m+dp/hard\libc-musl.a(putc.o)
 .debug_abbrev  0x00005238      0x155 C:/Program Files/Microchip/xc32/v5.00/bin/bin/../../lib/gcc/pic32c/13.2.1/../../../../pic32c/lib/thumb/v7e-m+dp/hard\libc-musl.a(setvbuf.o)
 .debug_abbrev  0x0000538d      0x101 C:/Program Files/Microchip/xc32/v5.00/bin/bin/../../lib/gcc/pic32c/13.2.1/../../../../pic32c/lib/thumb/v7e-m+dp/hard\libc-musl.a(readv.o)
 .debug_abbrev  0x0000548e       0x65 C:/Program Files/Microchip/xc32/v5.00/bin/bin/../../lib/gcc/pic32c/13.2.1/../../../../pic32c/lib/thumb/v7e-m+dp/hard\libc-musl.a(__init_stdio.o)
 .debug_abbrev  0x000054f3      0x192 C:/Program Files/Microchip/xc32/v5.00/bin/bin/../../lib/gcc/pic32c/13.2.1/../../../../pic32c/lib/thumb/v7e-m+dp/hard\libc-musl.a(__out.o)
 .debug_abbrev  0x00005685      0x110 C:/Program Files/Microchip/xc32/v5.00/bin/bin/../../lib/gcc/pic32c/13.2.1/../../../../pic32c/lib/thumb/v7e-m+dp/hard\libc-musl.a(__putc.o)
 .debug_abbrev  0x00005795      0x197 C:/Program Files/Microchip/xc32/v5.00/bin/bin/../../lib/gcc/pic32c/13.2.1/../../../../pic32c/lib/thumb/v7e-m+dp/hard\libc-musl.a(__stderr.o)
 .debug_abbrev  0x0000592c      0x171 C:/Program Files/Microchip/xc32/v5.00/bin/bin/../../lib/gcc/pic32c/13.2.1/../../../../pic32c/lib/thumb/v7e-m+dp/hard\libc-musl.a(__stdio_close.o)
 .debug_abbrev  0x00005a9d      0x1c5 C:/Program Files/Microchip/xc32/v5.00/bin/bin/../../lib/gcc/pic32c/13.2.1/../../../../pic32c/lib/thumb/v7e-m+dp/hard\libc-musl.a(__stdio_write.o)
 .debug_abbrev  0x00005c62      0x197 C:/Program Files/Microchip/xc32/v5.00/bin/bin/../../lib/gcc/pic32c/13.2.1/../../../../pic32c/lib/thumb/v7e-m+dp/hard\libc-musl.a(__stdout.o)
 .debug_abbrev  0x00005df9      0x114 C:/Program Files/Microchip/xc32/v5.00/bin/bin/../../lib/gcc/pic32c/13.2.1/../../../../pic32c/lib/thumb/v7e-m+dp/hard\libc-musl.a(__towrite.o)
 .debug_abbrev  0x00005f0d      0x106 C:/Program Files/Microchip/xc32/v5.00/bin/bin/../../lib/gcc/pic32c/13.2.1/../../../../pic32c/lib/thumb/v7e-m+dp/hard\libc-musl.a(writev.o)
 .debug_abbrev  0x00006013      0x142 C:/Program Files/Microchip/xc32/v5.00/bin/bin/../../lib/gcc/pic32c/13.2.1/../../../../pic32c/lib/thumb/v7e-m+dp/hard\libc-musl.a(__overflow.o)
 .debug_abbrev  0x00006155      0x142 C:/Program Files/Microchip/xc32/v5.00/bin/bin/../../lib/gcc/pic32c/13.2.1/../../../../pic32c/lib/thumb/v7e-m+dp/hard\libc-musl.a(__fwrite.o)
 .debug_abbrev  0x00006297       0x81 C:/Program Files/Microchip/xc32/v5.00/bin/bin/../../lib/gcc/pic32c/13.2.1/../../../../pic32c/lib/thumb/v7e-m+dp/hard\libpic32c.a(close.o)
 .debug_abbrev  0x00006318       0x92 C:/Program Files/Microchip/xc32/v5.00/bin/bin/../../lib/gcc/pic32c/13.2.1/../../../../pic32c/lib/thumb/v7e-m+dp/hard\libpic32c.a(lseek.o)
 .debug_abbrev  0x000063aa       0x91 C:/Program Files/Microchip/xc32/v5.00/bin/bin/../../lib/gcc/pic32c/13.2.1/../../../../pic32c/lib/thumb/v7e-m+dp/hard\libc-size-musl.a(strlen.o)
 .debug_abbrev  0x0000643b      0x13d C:/Program Files/Microchip/xc32/v5.00/bin/bin/../../lib/gcc/pic32c/13.2.1/../../../../pic32c/lib/thumb/v7e-m+dp/hard\liblmalloc-musl.a(lite_malloc.o)
 .debug_abbrev  0x00006578      0x195 C:/Program Files/Microchip/xc32/v5.00/bin/bin/../../lib/gcc/pic32c/13.2.1/../../../../pic32c/lib/thumb/v7e-m+dp/hard\liblmalloc-musl.a(lite_free.o)
 .debug_abbrev  0x0000670d       0xcc C:/Program Files/Microchip/xc32/v5.00/bin/bin/../../lib/gcc/pic32c/13.2.1/../../../../pic32c/lib/thumb/v7e-m+dp/hard\libc-musl.a(expand_heap.o)
 .debug_abbrev  0x000067d9      0x105 C:/Program Files/Microchip/xc32/v5.00/bin/bin/../../lib/gcc/pic32c/13.2.1/../../../../pic32c/lib/thumb/v7e-m+dp/hard\libpic32c.a(sbrk.o)
 .debug_abbrev  0x000068de       0x21 C:/Program Files/Microchip/xc32/v5.00/bin/bin/../../lib/gcc/pic32c/13.2.1/thumb/v7e-m+dp/hard\libgcc.a(_aeabi_uldivmod.o)
 .debug_abbrev  0x000068ff      0x163 C:/Program Files/Microchip/xc32/v5.00/bin/bin/../../lib/gcc/pic32c/13.2.1/thumb/v7e-m+dp/hard\libgcc.a(_udivmoddi4.o)
 .debug_abbrev  0x00006a62       0x1f C:/Program Files/Microchip/xc32/v5.00/bin/bin/../../lib/gcc/pic32c/13.2.1/thumb/v7e-m+dp/hard\libgcc.a(_dvmd_tls.o)
 .debug_abbrev  0x00006a81       0xa2 C:/Program Files/Microchip/xc32/v5.00/bin/bin/../../lib/gcc/pic32c/13.2.1/../../../../pic32c/lib/thumb/v7e-m+dp/hard\libpic32c.a(pic32_data_init_clear.o)
 .debug_abbrev  0x00006b23       0xca C:/Program Files/Microchip/xc32/v5.00/bin/bin/../../lib/gcc/pic32c/13.2.1/../../../../pic32c/lib/thumb/v7e-m+dp/hard\libpic32c.a(pic32_data_init_copy.o)
 .debug_abbrev  0x00006bed       0xa5 C:/Program Files/Microchip/xc32/v5.00/bin/bin/../../lib/gcc/pic32c/13.2.1/../../../../pic32c/lib/thumb/v7e-m+dp/hard\libpic32c.a(pic32_data_init_decompress.o)

.debug_loc      0x00000000     0xacb3
 .debug_loc     0x00000000      0x128 build/default/production/_ext/1863587092/plib_ip1553.o
 .debug_loc     0x00000128      0x163 build/default/production/_ext/60165520/plib_clk.o
 .debug_loc     0x0000028b      0xc5b build/default/production/_ext/1818436620/plib_flexcom1_usart.o
 .debug_loc     0x00000ee6      0xc04 build/default/production/_ext/1818436620/plib_flexcom3_usart.o
 .debug_loc     0x00001aea      0xc04 build/default/production/_ext/1818436620/plib_flexcom4_usart.o
 .debug_loc     0x000026ee      0xc5b build/default/production/_ext/1818436620/plib_flexcom5_usart.o
 .debug_loc     0x00003349      0xc04 build/default/production/_ext/1818436620/plib_flexcom0_usart.o
 .debug_loc     0x00003f4d      0xc04 build/default/production/_ext/1818436620/plib_flexcom2_usart.o
 .debug_loc     0x00004b51      0x3a2 build/default/production/_ext/1865468468/plib_nvic.o
 .debug_loc     0x00004ef3      0x3f0 build/default/production/_ext/60177924/plib_pio.o
 .debug_loc     0x000052e3      0x481 build/default/production/_ext/2003650513/plib_xdmac.o
 .debug_loc     0x00005764      0x1e7 build/default/production/_ext/163028504/xc32_monitor.o
 .debug_loc     0x0000594b       0x4b build/default/production/_ext/1171490990/initialization.o
 .debug_loc     0x00005996      0x23d build/default/production/_ext/1171490990/startup_xc32.o
 .debug_loc     0x00005bd3      0x29b build/default/production/_ext/328528262/default_function.o
 .debug_loc     0x00005e6e      0x396 build/default/production/_ext/328528262/ip1553_rt.o
 .debug_loc     0x00006204      0x732 build/default/production/_ext/328528262/circular_dma.o
 .debug_loc     0x00006936       0xf0 build/default/production/_ext/1360937237/main.o
 .debug_loc     0x00006a26      0x113 C:/Program Files/Microchip/xc32/v5.00/bin/bin/../../lib/gcc/pic32c/13.2.1/../../../../pic32c/lib/thumb/v7e-m+dp/hard\libpic32c.a(data_init.o)
 .debug_loc     0x00006b39      0x10b C:/Program Files/Microchip/xc32/v5.00/bin/bin/../../lib/gcc/pic32c/13.2.1/../../../../pic32c/lib/thumb/v7e-m+dp/hard\libc-size-musl.a(memcpy.o)
 .debug_loc     0x00006c44       0xa5 C:/Program Files/Microchip/xc32/v5.00/bin/bin/../../lib/gcc/pic32c/13.2.1/../../../../pic32c/lib/thumb/v7e-m+dp/hard\libc-size-musl.a(memset.o)
 .debug_loc     0x00006ce9       0x51 C:/Program Files/Microchip/xc32/v5.00/bin/bin/../../lib/gcc/pic32c/13.2.1/../../../../pic32c/lib/thumb/v7e-m+dp/hard\libc-musl.a(__libc_start_main.o)
 .debug_loc     0x00006d3a       0x91 C:/Program Files/Microchip/xc32/v5.00/bin/bin/../../lib/gcc/pic32c/13.2.1/../../../../pic32c/lib/thumb/v7e-m+dp/hard\libc-musl.a(__sio_printf_cdnpsuxX.o)
 .debug_loc     0x00006dcb      0x196 C:/Program Files/Microchip/xc32/v5.00/bin/bin/../../lib/gcc/pic32c/13.2.1/../../../../pic32c/lib/thumb/v7e-m+dp/hard\libc-musl.a(__fmt_d.o)
 .debug_loc     0x00006f61      0x17b C:/Program Files/Microchip/xc32/v5.00/bin/bin/../../lib/gcc/pic32c/13.2.1/../../../../pic32c/lib/thumb/v7e-m+dp/hard\libc-musl.a(__fmt_s.o)
 .debug_loc     0x000070dc       0xfb C:/Program Files/Microchip/xc32/v5.00/bin/bin/../../lib/gcc/pic32c/13.2.1/../../../../pic32c/lib/thumb/v7e-m+dp/hard\libc-musl.a(__fmt_u.o)
 .debug_loc     0x000071d7      0x2c6 C:/Program Files/Microchip/xc32/v5.00/bin/bin/../../lib/gcc/pic32c/13.2.1/../../../../pic32c/lib/thumb/v7e-m+dp/hard\libc-musl.a(__fmt_x.o)
 .debug_loc     0x0000749d      0x36f C:/Program Files/Microchip/xc32/v5.00/bin/bin/../../lib/gcc/pic32c/13.2.1/../../../../pic32c/lib/thumb/v7e-m+dp/hard\libc-musl.a(__pop_int.o)
 .debug_loc     0x0000780c      0x157 C:/Program Files/Microchip/xc32/v5.00/bin/bin/../../lib/gcc/pic32c/13.2.1/../../../../pic32c/lib/thumb/v7e-m+dp/hard\libc-musl.a(__pop_ptr.o)
 .debug_loc     0x00007963      0x5f4 C:/Program Files/Microchip/xc32/v5.00/bin/bin/../../lib/gcc/pic32c/13.2.1/../../../../pic32c/lib/thumb/v7e-m+dp/hard\libc-musl.a(__printf_core.o)
 .debug_loc     0x00007f57       0x2b C:/Program Files/Microchip/xc32/v5.00/bin/bin/../../lib/gcc/pic32c/13.2.1/../../../../pic32c/lib/thumb/v7e-m+dp/hard\libc-musl.a(stdin.o)
 .debug_loc     0x00007f82       0x20 C:/Program Files/Microchip/xc32/v5.00/bin/bin/../../lib/gcc/pic32c/13.2.1/../../../../pic32c/lib/thumb/v7e-m+dp/hard\libc-musl.a(stdout.o)
 .debug_loc     0x00007fa2       0x70 C:/Program Files/Microchip/xc32/v5.00/bin/bin/../../lib/gcc/pic32c/13.2.1/../../../../pic32c/lib/thumb/v7e-m+dp/hard\libc-musl.a(puts.o)
 .debug_loc     0x00008012       0x56 C:/Program Files/Microchip/xc32/v5.00/bin/bin/../../lib/gcc/pic32c/13.2.1/../../../../pic32c/lib/thumb/v7e-m+dp/hard\libc-musl.a(setbuf.o)
 .debug_loc     0x00008068       0x9e C:/Program Files/Microchip/xc32/v5.00/bin/bin/../../lib/gcc/pic32c/13.2.1/../../../../pic32c/lib/thumb/v7e-m+dp/hard\libc-musl.a(atoi.o)
 .debug_loc     0x00008106       0x50 C:/Program Files/Microchip/xc32/v5.00/bin/bin/../../lib/gcc/pic32c/13.2.1/../../../../pic32c/lib/thumb/v7e-m+dp/hard\libc-musl.a(tolower.o)
 .debug_loc     0x00008156       0x50 C:/Program Files/Microchip/xc32/v5.00/bin/bin/../../lib/gcc/pic32c/13.2.1/../../../../pic32c/lib/thumb/v7e-m+dp/hard\libc-musl.a(toupper.o)
 .debug_loc     0x000081a6       0xa3 C:/Program Files/Microchip/xc32/v5.00/bin/bin/../../lib/gcc/pic32c/13.2.1/../../../../pic32c/lib/thumb/v7e-m+dp/hard\libc-musl.a(__int_vfprintf.o)
 .debug_loc     0x00008249       0x93 C:/Program Files/Microchip/xc32/v5.00/bin/bin/../../lib/gcc/pic32c/13.2.1/../../../../pic32c/lib/thumb/v7e-m+dp/hard\libc-musl.a(fputs.o)
 .debug_loc     0x000082dc      0x18a C:/Program Files/Microchip/xc32/v5.00/bin/bin/../../lib/gcc/pic32c/13.2.1/../../../../pic32c/lib/thumb/v7e-m+dp/hard\libc-musl.a(__cvt_u.o)
 .debug_loc     0x00008466       0xa4 C:/Program Files/Microchip/xc32/v5.00/bin/bin/../../lib/gcc/pic32c/13.2.1/../../../../pic32c/lib/thumb/v7e-m+dp/hard\libc-musl.a(__pop_float.o)
 .debug_loc     0x0000850a      0x179 C:/Program Files/Microchip/xc32/v5.00/bin/bin/../../lib/gcc/pic32c/13.2.1/../../../../pic32c/lib/thumb/v7e-m+dp/hard\libc-musl.a(__stdio_read.o)
 .debug_loc     0x00008683       0x2b C:/Program Files/Microchip/xc32/v5.00/bin/bin/../../lib/gcc/pic32c/13.2.1/../../../../pic32c/lib/thumb/v7e-m+dp/hard\libc-musl.a(__towrite_rw.o)
 .debug_loc     0x000086ae      0x192 C:/Program Files/Microchip/xc32/v5.00/bin/bin/../../lib/gcc/pic32c/13.2.1/../../../../pic32c/lib/thumb/v7e-m+dp/hard\libc-musl.a(fwrite.o)
 .debug_loc     0x00008840      0x134 C:/Program Files/Microchip/xc32/v5.00/bin/bin/../../lib/gcc/pic32c/13.2.1/../../../../pic32c/lib/thumb/v7e-m+dp/hard\libc-musl.a(putc.o)
 .debug_loc     0x00008974       0xea C:/Program Files/Microchip/xc32/v5.00/bin/bin/../../lib/gcc/pic32c/13.2.1/../../../../pic32c/lib/thumb/v7e-m+dp/hard\libc-musl.a(setvbuf.o)
 .debug_loc     0x00008a5e       0xf1 C:/Program Files/Microchip/xc32/v5.00/bin/bin/../../lib/gcc/pic32c/13.2.1/../../../../pic32c/lib/thumb/v7e-m+dp/hard\libc-musl.a(readv.o)
 .debug_loc     0x00008b4f       0x20 C:/Program Files/Microchip/xc32/v5.00/bin/bin/../../lib/gcc/pic32c/13.2.1/../../../../pic32c/lib/thumb/v7e-m+dp/hard\libc-musl.a(__init_stdio.o)
 .debug_loc     0x00008b6f      0x1fd C:/Program Files/Microchip/xc32/v5.00/bin/bin/../../lib/gcc/pic32c/13.2.1/../../../../pic32c/lib/thumb/v7e-m+dp/hard\libc-musl.a(__out.o)
 .debug_loc     0x00008d6c      0x12c C:/Program Files/Microchip/xc32/v5.00/bin/bin/../../lib/gcc/pic32c/13.2.1/../../../../pic32c/lib/thumb/v7e-m+dp/hard\libc-musl.a(__putc.o)
 .debug_loc     0x00008e98       0x2b C:/Program Files/Microchip/xc32/v5.00/bin/bin/../../lib/gcc/pic32c/13.2.1/../../../../pic32c/lib/thumb/v7e-m+dp/hard\libc-musl.a(__stderr.o)
 .debug_loc     0x00008ec3      0x220 C:/Program Files/Microchip/xc32/v5.00/bin/bin/../../lib/gcc/pic32c/13.2.1/../../../../pic32c/lib/thumb/v7e-m+dp/hard\libc-musl.a(__stdio_close.o)
 .debug_loc     0x000090e3      0x317 C:/Program Files/Microchip/xc32/v5.00/bin/bin/../../lib/gcc/pic32c/13.2.1/../../../../pic32c/lib/thumb/v7e-m+dp/hard\libc-musl.a(__stdio_write.o)
 .debug_loc     0x000093fa       0x2b C:/Program Files/Microchip/xc32/v5.00/bin/bin/../../lib/gcc/pic32c/13.2.1/../../../../pic32c/lib/thumb/v7e-m+dp/hard\libc-musl.a(__stdout.o)
 .debug_loc     0x00009425       0x82 C:/Program Files/Microchip/xc32/v5.00/bin/bin/../../lib/gcc/pic32c/13.2.1/../../../../pic32c/lib/thumb/v7e-m+dp/hard\libc-musl.a(__towrite.o)
 .debug_loc     0x000094a7       0xf1 C:/Program Files/Microchip/xc32/v5.00/bin/bin/../../lib/gcc/pic32c/13.2.1/../../../../pic32c/lib/thumb/v7e-m+dp/hard\libc-musl.a(writev.o)
 .debug_loc     0x00009598       0xc2 C:/Program Files/Microchip/xc32/v5.00/bin/bin/../../lib/gcc/pic32c/13.2.1/../../../../pic32c/lib/thumb/v7e-m+dp/hard\libc-musl.a(__overflow.o)
 .debug_loc     0x0000965a      0x12e C:/Program Files/Microchip/xc32/v5.00/bin/bin/../../lib/gcc/pic32c/13.2.1/../../../../pic32c/lib/thumb/v7e-m+dp/hard\libc-musl.a(__fwrite.o)
 .debug_loc     0x00009788       0x2b C:/Program Files/Microchip/xc32/v5.00/bin/bin/../../lib/gcc/pic32c/13.2.1/../../../../pic32c/lib/thumb/v7e-m+dp/hard\libpic32c.a(close.o)
 .debug_loc     0x000097b3       0x2b C:/Program Files/Microchip/xc32/v5.00/bin/bin/../../lib/gcc/pic32c/13.2.1/../../../../pic32c/lib/thumb/v7e-m+dp/hard\libpic32c.a(lseek.o)
 .debug_loc     0x000097de       0xaf C:/Program Files/Microchip/xc32/v5.00/bin/bin/../../lib/gcc/pic32c/13.2.1/../../../../pic32c/lib/thumb/v7e-m+dp/hard\libc-size-musl.a(strlen.o)
 .debug_loc     0x0000988d      0x13c C:/Program Files/Microchip/xc32/v5.00/bin/bin/../../lib/gcc/pic32c/13.2.1/../../../../pic32c/lib/thumb/v7e-m+dp/hard\liblmalloc-musl.a(lite_malloc.o)
 .debug_loc     0x000099c9      0x326 C:/Program Files/Microchip/xc32/v5.00/bin/bin/../../lib/gcc/pic32c/13.2.1/../../../../pic32c/lib/thumb/v7e-m+dp/hard\liblmalloc-musl.a(lite_free.o)
 .debug_loc     0x00009cef       0x82 C:/Program Files/Microchip/xc32/v5.00/bin/bin/../../lib/gcc/pic32c/13.2.1/../../../../pic32c/lib/thumb/v7e-m+dp/hard\libc-musl.a(expand_heap.o)
 .debug_loc     0x00009d71       0xbd C:/Program Files/Microchip/xc32/v5.00/bin/bin/../../lib/gcc/pic32c/13.2.1/../../../../pic32c/lib/thumb/v7e-m+dp/hard\libpic32c.a(sbrk.o)
 .debug_loc     0x00009e2e      0xba8 C:/Program Files/Microchip/xc32/v5.00/bin/bin/../../lib/gcc/pic32c/13.2.1/thumb/v7e-m+dp/hard\libgcc.a(_udivmoddi4.o)
 .debug_loc     0x0000a9d6       0x94 C:/Program Files/Microchip/xc32/v5.00/bin/bin/../../lib/gcc/pic32c/13.2.1/../../../../pic32c/lib/thumb/v7e-m+dp/hard\libpic32c.a(pic32_data_init_clear.o)
 .debug_loc     0x0000aa6a       0xf1 C:/Program Files/Microchip/xc32/v5.00/bin/bin/../../lib/gcc/pic32c/13.2.1/../../../../pic32c/lib/thumb/v7e-m+dp/hard\libpic32c.a(pic32_data_init_copy.o)
 .debug_loc     0x0000ab5b      0x158 C:/Program Files/Microchip/xc32/v5.00/bin/bin/../../lib/gcc/pic32c/13.2.1/../../../../pic32c/lib/thumb/v7e-m+dp/hard\libpic32c.a(pic32_data_init_decompress.o)

.debug_aranges  0x00000000      0xf90
 .debug_aranges
                0x00000000       0xb0 build/default/production/_ext/1863587092/plib_ip1553.o
 .debug_aranges
                0x000000b0       0x20 build/default/production/_ext/60165520/plib_clk.o
 .debug_aranges
                0x000000d0       0x70 build/default/production/_ext/1818436620/plib_flexcom1_usart.o
 .debug_aranges
                0x00000140       0xa0 build/default/production/_ext/1818436620/plib_flexcom3_usart.o
 .debug_aranges
                0x000001e0       0xa0 build/default/production/_ext/1818436620/plib_flexcom4_usart.o
 .debug_aranges
                0x00000280       0x70 build/default/production/_ext/1818436620/plib_flexcom5_usart.o
 .debug_aranges
                0x000002f0       0xa0 build/default/production/_ext/1818436620/plib_flexcom0_usart.o
 .debug_aranges
                0x00000390       0xa0 build/default/production/_ext/1818436620/plib_flexcom2_usart.o
 .debug_aranges
                0x00000430       0x20 build/default/production/_ext/1666157715/plib_matrix.o
 .debug_aranges
                0x00000450       0x48 build/default/production/_ext/1865468468/plib_nvic.o
 .debug_aranges
                0x00000498       0x80 build/default/production/_ext/60177924/plib_pio.o
 .debug_aranges
                0x00000518       0x80 build/default/production/_ext/2003650513/plib_xdmac.o
 .debug_aranges
                0x00000598       0x28 build/default/production/_ext/163028504/xc32_monitor.o
 .debug_aranges
                0x000005c0       0x20 build/default/production/_ext/1171490990/initialization.o
 .debug_aranges
                0x000005e0       0x20 build/default/production/_ext/1171490990/interrupts.o
 .debug_aranges
                0x00000600       0x48 build/default/production/_ext/1171490990/exceptions.o
 .debug_aranges
                0x00000648       0x30 build/default/production/_ext/1171490990/startup_xc32.o
 .debug_aranges
                0x00000678       0x48 build/default/production/_ext/328528262/default_function.o
 .debug_aranges
                0x000006c0       0x70 build/default/production/_ext/328528262/ip1553_rt.o
 .debug_aranges
                0x00000730       0x18 build/default/production/_ext/328528262/FLEXCOM_dma_objects.o
 .debug_aranges
                0x00000748       0x38 build/default/production/_ext/328528262/circular_dma.o
 .debug_aranges
                0x00000780       0x20 build/default/production/_ext/1360937237/main.o
 .debug_aranges
                0x000007a0       0x30 C:/Program Files/Microchip/xc32/v5.00/bin/bin/../../lib/gcc/pic32c/13.2.1/../../../../pic32c/lib/thumb/v7e-m+dp/hard\libpic32c.a(data_init.o)
 .debug_aranges
                0x000007d0       0x20 C:/Program Files/Microchip/xc32/v5.00/bin/bin/../../lib/gcc/pic32c/13.2.1/../../../../pic32c/lib/thumb/v7e-m+dp/hard\libc-size-musl.a(memcpy.o)
 .debug_aranges
                0x000007f0       0x20 C:/Program Files/Microchip/xc32/v5.00/bin/bin/../../lib/gcc/pic32c/13.2.1/../../../../pic32c/lib/thumb/v7e-m+dp/hard\libc-size-musl.a(memset.o)
 .debug_aranges
                0x00000810       0x28 C:/Program Files/Microchip/xc32/v5.00/bin/bin/../../lib/gcc/pic32c/13.2.1/../../../../pic32c/lib/thumb/v7e-m+dp/hard\libc-musl.a(__libc_start_main.o)
 .debug_aranges
                0x00000838       0x18 C:/Program Files/Microchip/xc32/v5.00/bin/bin/../../lib/gcc/pic32c/13.2.1/../../../../pic32c/lib/thumb/v7e-m+dp/hard\libc-musl.a(libc.o)
 .debug_aranges
                0x00000850       0x28 C:/Program Files/Microchip/xc32/v5.00/bin/bin/../../lib/gcc/pic32c/13.2.1/../../../../pic32c/lib/thumb/v7e-m+dp/hard\libc-musl.a(__sio_printf_cdnpsuxX.o)
 .debug_aranges
                0x00000878       0x20 C:/Program Files/Microchip/xc32/v5.00/bin/bin/../../lib/gcc/pic32c/13.2.1/../../../../pic32c/lib/thumb/v7e-m+dp/hard\libc-musl.a(__fmt_d.o)
 .debug_aranges
                0x00000898       0x20 C:/Program Files/Microchip/xc32/v5.00/bin/bin/../../lib/gcc/pic32c/13.2.1/../../../../pic32c/lib/thumb/v7e-m+dp/hard\libc-musl.a(__fmt_s.o)
 .debug_aranges
                0x000008b8       0x20 C:/Program Files/Microchip/xc32/v5.00/bin/bin/../../lib/gcc/pic32c/13.2.1/../../../../pic32c/lib/thumb/v7e-m+dp/hard\libc-musl.a(__fmt_u.o)
 .debug_aranges
                0x000008d8       0x20 C:/Program Files/Microchip/xc32/v5.00/bin/bin/../../lib/gcc/pic32c/13.2.1/../../../../pic32c/lib/thumb/v7e-m+dp/hard\libc-musl.a(__fmt_x.o)
 .debug_aranges
                0x000008f8       0x20 C:/Program Files/Microchip/xc32/v5.00/bin/bin/../../lib/gcc/pic32c/13.2.1/../../../../pic32c/lib/thumb/v7e-m+dp/hard\libc-musl.a(__pop_int.o)
 .debug_aranges
                0x00000918       0x20 C:/Program Files/Microchip/xc32/v5.00/bin/bin/../../lib/gcc/pic32c/13.2.1/../../../../pic32c/lib/thumb/v7e-m+dp/hard\libc-musl.a(__pop_ptr.o)
 .debug_aranges
                0x00000938       0x50 C:/Program Files/Microchip/xc32/v5.00/bin/bin/../../lib/gcc/pic32c/13.2.1/../../../../pic32c/lib/thumb/v7e-m+dp/hard\libc-musl.a(__printf_core.o)
 .debug_aranges
                0x00000988       0x28 C:/Program Files/Microchip/xc32/v5.00/bin/bin/../../lib/gcc/pic32c/13.2.1/../../../../pic32c/lib/thumb/v7e-m+dp/hard\libc-musl.a(stdin.o)
 .debug_aranges
                0x000009b0       0x30 C:/Program Files/Microchip/xc32/v5.00/bin/bin/../../lib/gcc/pic32c/13.2.1/../../../../pic32c/lib/thumb/v7e-m+dp/hard\libc-musl.a(stdout.o)
 .debug_aranges
                0x000009e0       0x20 C:/Program Files/Microchip/xc32/v5.00/bin/bin/../../lib/gcc/pic32c/13.2.1/../../../../pic32c/lib/thumb/v7e-m+dp/hard\libc-musl.a(puts.o)
 .debug_aranges
                0x00000a00       0x20 C:/Program Files/Microchip/xc32/v5.00/bin/bin/../../lib/gcc/pic32c/13.2.1/../../../../pic32c/lib/thumb/v7e-m+dp/hard\libc-musl.a(setbuf.o)
 .debug_aranges
                0x00000a20       0x20 C:/Program Files/Microchip/xc32/v5.00/bin/bin/../../lib/gcc/pic32c/13.2.1/../../../../pic32c/lib/thumb/v7e-m+dp/hard\libc-musl.a(atoi.o)
 .debug_aranges
                0x00000a40       0x28 C:/Program Files/Microchip/xc32/v5.00/bin/bin/../../lib/gcc/pic32c/13.2.1/../../../../pic32c/lib/thumb/v7e-m+dp/hard\libc-musl.a(tolower.o)
 .debug_aranges
                0x00000a68       0x28 C:/Program Files/Microchip/xc32/v5.00/bin/bin/../../lib/gcc/pic32c/13.2.1/../../../../pic32c/lib/thumb/v7e-m+dp/hard\libc-musl.a(toupper.o)
 .debug_aranges
                0x00000a90       0x18 C:/Program Files/Microchip/xc32/v5.00/bin/bin/../../lib/gcc/pic32c/13.2.1/../../../../pic32c/lib/thumb/v7e-m+dp/hard\libc-musl.a(__environ.o)
 .debug_aranges
                0x00000aa8       0x18 C:/Program Files/Microchip/xc32/v5.00/bin/bin/../../lib/gcc/pic32c/13.2.1/../../../../pic32c/lib/thumb/v7e-m+dp/hard\libc-musl.a(__errno_location.o)
 .debug_aranges
                0x00000ac0       0x20 C:/Program Files/Microchip/xc32/v5.00/bin/bin/../../lib/gcc/pic32c/13.2.1/../../../../pic32c/lib/thumb/v7e-m+dp/hard\libc-musl.a(__int_vfprintf.o)
 .debug_aranges
                0x00000ae0       0x20 C:/Program Files/Microchip/xc32/v5.00/bin/bin/../../lib/gcc/pic32c/13.2.1/../../../../pic32c/lib/thumb/v7e-m+dp/hard\libc-musl.a(fputs.o)
 .debug_aranges
                0x00000b00       0x20 C:/Program Files/Microchip/xc32/v5.00/bin/bin/../../lib/gcc/pic32c/13.2.1/../../../../pic32c/lib/thumb/v7e-m+dp/hard\libc-musl.a(__cvt_u.o)
 .debug_aranges
                0x00000b20       0x20 C:/Program Files/Microchip/xc32/v5.00/bin/bin/../../lib/gcc/pic32c/13.2.1/../../../../pic32c/lib/thumb/v7e-m+dp/hard\libc-musl.a(__pop_float.o)
 .debug_aranges
                0x00000b40       0x20 C:/Program Files/Microchip/xc32/v5.00/bin/bin/../../lib/gcc/pic32c/13.2.1/../../../../pic32c/lib/thumb/v7e-m+dp/hard\libc-musl.a(__stdio_read.o)
 .debug_aranges
                0x00000b60       0x20 C:/Program Files/Microchip/xc32/v5.00/bin/bin/../../lib/gcc/pic32c/13.2.1/../../../../pic32c/lib/thumb/v7e-m+dp/hard\libc-musl.a(__towrite_rw.o)
 .debug_aranges
                0x00000b80       0x28 C:/Program Files/Microchip/xc32/v5.00/bin/bin/../../lib/gcc/pic32c/13.2.1/../../../../pic32c/lib/thumb/v7e-m+dp/hard\libc-musl.a(fwrite.o)
 .debug_aranges
                0x00000ba8       0x30 C:/Program Files/Microchip/xc32/v5.00/bin/bin/../../lib/gcc/pic32c/13.2.1/../../../../pic32c/lib/thumb/v7e-m+dp/hard\libc-musl.a(putc.o)
 .debug_aranges
                0x00000bd8       0x28 C:/Program Files/Microchip/xc32/v5.00/bin/bin/../../lib/gcc/pic32c/13.2.1/../../../../pic32c/lib/thumb/v7e-m+dp/hard\libc-musl.a(setvbuf.o)
 .debug_aranges
                0x00000c00       0x20 C:/Program Files/Microchip/xc32/v5.00/bin/bin/../../lib/gcc/pic32c/13.2.1/../../../../pic32c/lib/thumb/v7e-m+dp/hard\libc-musl.a(readv.o)
 .debug_aranges
                0x00000c20       0x28 C:/Program Files/Microchip/xc32/v5.00/bin/bin/../../lib/gcc/pic32c/13.2.1/../../../../pic32c/lib/thumb/v7e-m+dp/hard\libc-musl.a(__init_stdio.o)
 .debug_aranges
                0x00000c48       0x28 C:/Program Files/Microchip/xc32/v5.00/bin/bin/../../lib/gcc/pic32c/13.2.1/../../../../pic32c/lib/thumb/v7e-m+dp/hard\libc-musl.a(__out.o)
 .debug_aranges
                0x00000c70       0x20 C:/Program Files/Microchip/xc32/v5.00/bin/bin/../../lib/gcc/pic32c/13.2.1/../../../../pic32c/lib/thumb/v7e-m+dp/hard\libc-musl.a(__putc.o)
 .debug_aranges
                0x00000c90       0x30 C:/Program Files/Microchip/xc32/v5.00/bin/bin/../../lib/gcc/pic32c/13.2.1/../../../../pic32c/lib/thumb/v7e-m+dp/hard\libc-musl.a(__stderr.o)
 .debug_aranges
                0x00000cc0       0x28 C:/Program Files/Microchip/xc32/v5.00/bin/bin/../../lib/gcc/pic32c/13.2.1/../../../../pic32c/lib/thumb/v7e-m+dp/hard\libc-musl.a(__stdio_close.o)
 .debug_aranges
                0x00000ce8       0x28 C:/Program Files/Microchip/xc32/v5.00/bin/bin/../../lib/gcc/pic32c/13.2.1/../../../../pic32c/lib/thumb/v7e-m+dp/hard\libc-musl.a(__stdio_write.o)
 .debug_aranges
                0x00000d10       0x30 C:/Program Files/Microchip/xc32/v5.00/bin/bin/../../lib/gcc/pic32c/13.2.1/../../../../pic32c/lib/thumb/v7e-m+dp/hard\libc-musl.a(__stdout.o)
 .debug_aranges
                0x00000d40       0x28 C:/Program Files/Microchip/xc32/v5.00/bin/bin/../../lib/gcc/pic32c/13.2.1/../../../../pic32c/lib/thumb/v7e-m+dp/hard\libc-musl.a(__towrite.o)
 .debug_aranges
                0x00000d68       0x20 C:/Program Files/Microchip/xc32/v5.00/bin/bin/../../lib/gcc/pic32c/13.2.1/../../../../pic32c/lib/thumb/v7e-m+dp/hard\libc-musl.a(writev.o)
 .debug_aranges