Archive member included to satisfy reference by file (symbol)

C:/Program Files/Microchip/xc32/v5.00/bin/bin/../../lib/gcc/pic32c/13.2.1/../../../../pic32c/lib/thumb/v7e-m+dp/hard\libpic32c.a(data_init.o)
                              build/default/production/_ext/1171490990/startup_xc32.o (__pic32c_data_initialization)
C:/Program Files/Microchip/xc32/v5.00/bin/bin/../../lib/gcc/pic32c/13.2.1/../../../../pic32c/lib/thumb/v7e-m+dp/hard\libc-musl.a(__libc_start_main.o)
                              build/default/production/_ext/1171490990/startup_xc32.o (__libc_init_array)
C:/Program Files/Microchip/xc32/v5.00/bin/bin/../../lib/gcc/pic32c/13.2.1/../../../../pic32c/lib/thumb/v7e-m+dp/hard\libc-musl.a(libc.o)
                              C:/Program Files/Microchip/xc32/v5.00/bin/bin/../../lib/gcc/pic32c/13.2.1/../../../../pic32c/lib/thumb/v7e-m+dp/hard\libc-musl.a(__libc_start_main.o) (__progname_full)
C:/Program Files/Microchip/xc32/v5.00/bin/bin/../../lib/gcc/pic32c/13.2.1/../../../../pic32c/lib/thumb/v7e-m+dp/hard\libc-musl.a(__sio_printf_cns.o)
                              (_printf_cns)
C:/Program Files/Microchip/xc32/v5.00/bin/bin/../../lib/gcc/pic32c/13.2.1/../../../../pic32c/lib/thumb/v7e-m+dp/hard\libc-musl.a(__fmt_s.o)
                              C:/Program Files/Microchip/xc32/v5.00/bin/bin/../../lib/gcc/pic32c/13.2.1/../../../../pic32c/lib/thumb/v7e-m+dp/hard\libc-musl.a(__sio_printf_cns.o) (__fmt_s_needed)
C:/Program Files/Microchip/xc32/v5.00/bin/bin/../../lib/gcc/pic32c/13.2.1/../../../../pic32c/lib/thumb/v7e-m+dp/hard\libc-musl.a(__pop_ptr.o)
                              C:/Program Files/Microchip/xc32/v5.00/bin/bin/../../lib/gcc/pic32c/13.2.1/../../../../pic32c/lib/thumb/v7e-m+dp/hard\libc-musl.a(__sio_printf_cns.o) (__pop_ptr_needed)
C:/Program Files/Microchip/xc32/v5.00/bin/bin/../../lib/gcc/pic32c/13.2.1/../../../../pic32c/lib/thumb/v7e-m+dp/hard\libc-musl.a(__printf_core.o)
                              C:/Program Files/Microchip/xc32/v5.00/bin/bin/../../lib/gcc/pic32c/13.2.1/../../../../pic32c/lib/thumb/v7e-m+dp/hard\libc-musl.a(__fmt_s.o) (__pad)
C:/Program Files/Microchip/xc32/v5.00/bin/bin/../../lib/gcc/pic32c/13.2.1/../../../../pic32c/lib/thumb/v7e-m+dp/hard\libc-musl.a(stdin.o)
                              build/default/production/_ext/1171490990/initialization.o (_stdin)
C:/Program Files/Microchip/xc32/v5.00/bin/bin/../../lib/gcc/pic32c/13.2.1/../../../../pic32c/lib/thumb/v7e-m+dp/hard\libc-musl.a(stdout.o)
                              build/default/production/_ext/1171490990/initialization.o (_stdout)
C:/Program Files/Microchip/xc32/v5.00/bin/bin/../../lib/gcc/pic32c/13.2.1/../../../../pic32c/lib/thumb/v7e-m+dp/hard\libc-musl.a(puts.o)
                              build/default/production/_ext/328528262/default_function.o (puts)
C:/Program Files/Microchip/xc32/v5.00/bin/bin/../../lib/gcc/pic32c/13.2.1/../../../../pic32c/lib/thumb/v7e-m+dp/hard\libc-musl.a(setbuf.o)
                              build/default/production/_ext/1171490990/initialization.o (setbuf)
C:/Program Files/Microchip/xc32/v5.00/bin/bin/../../lib/gcc/pic32c/13.2.1/../../../../pic32c/lib/thumb/v7e-m+dp/hard\libc-musl.a(atoi.o)
                              C:/Program Files/Microchip/xc32/v5.00/bin/bin/../../lib/gcc/pic32c/13.2.1/../../../../pic32c/lib/thumb/v7e-m+dp/hard\libc-musl.a(__printf_core.o) (atoi)
C:/Program Files/Microchip/xc32/v5.00/bin/bin/../../lib/gcc/pic32c/13.2.1/../../../../pic32c/lib/thumb/v7e-m+dp/hard\libc-musl.a(tolower.o)
                              C:/Program Files/Microchip/xc32/v5.00/bin/bin/../../lib/gcc/pic32c/13.2.1/../../../../pic32c/lib/thumb/v7e-m+dp/hard\libc-musl.a(__printf_core.o) (tolower)
C:/Program Files/Microchip/xc32/v5.00/bin/bin/../../lib/gcc/pic32c/13.2.1/../../../../pic32c/lib/thumb/v7e-m+dp/hard\libc-musl.a(__environ.o)
                              C:/Program Files/Microchip/xc32/v5.00/bin/bin/../../lib/gcc/pic32c/13.2.1/../../../../pic32c/lib/thumb/v7e-m+dp/hard\libc-musl.a(__libc_start_main.o) (__environ)
C:/Program Files/Microchip/xc32/v5.00/bin/bin/../../lib/gcc/pic32c/13.2.1/../../../../pic32c/lib/thumb/v7e-m+dp/hard\libc-musl.a(__errno_location.o)
                              C:/Program Files/Microchip/xc32/v5.00/bin/bin/../../lib/gcc/pic32c/13.2.1/../../../../pic32c/lib/thumb/v7e-m+dp/hard\libc-musl.a(__printf_core.o) (__errno_val)
C:/Program Files/Microchip/xc32/v5.00/bin/bin/../../lib/gcc/pic32c/13.2.1/../../../../pic32c/lib/thumb/v7e-m+dp/hard\libc-musl.a(__int_vfprintf.o)
                              C:/Program Files/Microchip/xc32/v5.00/bin/bin/../../lib/gcc/pic32c/13.2.1/../../../../pic32c/lib/thumb/v7e-m+dp/hard\libc-musl.a(__sio_printf_cns.o) (__vfprintf)
C:/Program Files/Microchip/xc32/v5.00/bin/bin/../../lib/gcc/pic32c/13.2.1/../../../../pic32c/lib/thumb/v7e-m+dp/hard\libc-musl.a(fputs.o)
[...]
Memory Configuration

Name             Origin             Length             Attributes
rom              0x10000000         0x00020000         xrl
ram              0x21000000         0x000c0000         xw!r
itcm             0x00000000         0x00020000         xw
dtcm             0x20000000         0x00040000         xw!r
*default*        0x00000000         0xffffffff

Linker script and memory map

LOAD C:/Program Files/Microchip/xc32/v5.00/bin/bin/../../lib/gcc/pic32c/13.2.1/thumb/v7e-m+dp/hard/crti.o
LOAD C:/Program Files/Microchip/xc32/v5.00/bin/bin/../../lib/gcc/pic32c/13.2.1/thumb/v7e-m+dp/hard/crtbegin.o
LOAD build/default/production/_ext/60165520/plib_clk.o
LOAD build/default/production/_ext/1818436620/plib_flexcom1_usart.o
LOAD build/default/production/_ext/1666157715/plib_matrix.o
LOAD build/default/production/_ext/1865468468/plib_nvic.o
LOAD build/default/production/_ext/60177924/plib_pio.o
LOAD build/default/production/_ext/163028504/xc32_monitor.o
LOAD build/default/production/_ext/1171490990/initialization.o
LOAD build/default/production/_ext/1171490990/interrupts.o
LOAD build/default/production/_ext/1171490990/exceptions.o
LOAD build/default/production/_ext/1171490990/startup_xc32.o
LOAD build/default/production/_ext/1171490990/libc_syscalls.o
LOAD build/default/production/_ext/1360937237/main.o
LOAD build/default/production/_ext/328528262/default_function.o
LOAD build/default/production/_ext/1863587092/plib_ip1553.o
                0x00000001                        __MPLAB_BUILD = 0x1
                0x10020000                        __rom_end = (ORIGIN (rom) + LENGTH (rom))
                0x210c0000                        __ram_end = (ORIGIN (ram) + LENGTH (ram))

.vectors        0x10000000      0x16c
                0x10000000                        . = ALIGN (0x4)
                0x10000000                        _sfixed = .
 *(.vectors .vectors.* .vectors_default .vectors_default.*)
 .vectors       0x10000000      0x16c build/default/production/_ext/1171490990/interrupts.o
                0x10000000                exception_table
 *(.isr_vector)
 *(.reset*)
 *(.after_vectors)

.text           0x1000016c       0x20
                0x1000016c                        . = ALIGN (0x4)
 *(.glue_7t)
 .glue_7t       0x1000016c        0x0 linker stubs
 *(.glue_7)
 .glue_7        0x1000016c        0x0 linker stubs
 *(.gnu.linkonce.r.*)
 *(.ARM.extab* .gnu.linkonce.armextab.*)
                0x1000016c                        . = ALIGN (0x4)
 *(.init)
 .init          0x1000016c        0x4 C:/Program Files/Microchip/xc32/v5.00/bin/bin/../../lib/gcc/pic32c/13.2.1/thumb/v7e-m+dp/hard/crti.o
                0x1000016c                _init
 .init          0x10000170        0x8 C:/Program Files/Microchip/xc32/v5.00/bin/bin/../../lib/gcc/pic32c/13.2.1/thumb/v7e-m+dp/hard/crtn.o
                0x10000178                        . = ALIGN (0x4)
                0x10000178                        __preinit_array_start = .
 *(.preinit_array)
                0x10000178                        __preinit_array_end = .
                0x10000178                        . = ALIGN (0x4)
                0x10000178                        __init_array_start = .
 *(SORT_BY_NAME(.init_array.*))
 *(.init_array)
 .init_array    0x10000178        0x4 C:/Program Files/Microchip/xc32/v5.00/bin/bin/../../lib/gcc/pic32c/13.2.1/thumb/v7e-m+dp/hard/crtbegin.o
                0x1000017c                        __init_array_end = .
                0x1000017c                        . = ALIGN (0x4)
 *crtbegin.o(.ctors)
 *(EXCLUDE_FILE(*crtend.o) .ctors)
 *(SORT_BY_NAME(.ctors.*))
 *crtend.o(.ctors)
                0x1000017c                        . = ALIGN (0x4)
 *(.fini)
 .fini          0x1000017c        0x4 C:/Program Files/Microchip/xc32/v5.00/bin/bin/../../lib/gcc/pic32c/13.2.1/thumb/v7e-m+dp/hard/crti.o
                0x1000017c                _fini
 .fini          0x10000180        0x8 C:/Program Files/Microchip/xc32/v5.00/bin/bin/../../lib/gcc/pic32c/13.2.1/thumb/v7e-m+dp/hard/crtn.o
                0x10000188                        . = ALIGN (0x4)
                0x10000188                        __fini_array_start = .
 *(.fini_array)
 .fini_array    0x10000188        0x4 C:/Program Files/Microchip/xc32/v5.00/bin/bin/../../lib/gcc/pic32c/13.2.1/thumb/v7e-m+dp/hard/crtbegin.o
 *(SORT_BY_NAME(.fini_array.*))
                0x1000018c                        __fini_array_end = .
 *crtbegin.o(.dtors)
 *(EXCLUDE_FILE(*crtend.o) .dtors)
 *(SORT_BY_NAME(.dtors.*))
 *crtend.o(.dtors)
                0x1000018c                        . = ALIGN (0x4)
                0x1000018c                        _efixed = .
                [!provide]                        PROVIDE (__exidx_start = .)

.ARM.exidx
 *(.ARM.exidx* .gnu.linkonce.armexidx.*)
                [!provide]                        PROVIDE (__exidx_end = .)
                0x1000018c                        . = ALIGN (0x4)
                0x1000018c                        _etext = .

.bss            0x21000000        0x0
                0x21000000                        . = ALIGN (0x4)
                0x21000000                        __bss_start__ = .
                0x21000000                        _sbss = .
                0x21000000                        _szero = .
 *(COMMON)
                0x21000000                        . = ALIGN (0x4)
                0x21000000                        __bss_end__ = .
                0x21000000                        _ebss = .
                0x21000000                        _ezero = .
                0x21000000                        . = ALIGN (0x4)
                0x21000000                        _end = .
                0x210bffff                        _ram_end_ = ((ORIGIN (ram) + LENGTH (ram)) - 0x1)
                0x00000200                        _min_heap_size = 0x200
START GROUP
LOAD C:/Program Files/Microchip/xc32/v5.00/bin/bin/../../lib/gcc/pic32c/13.2.1/../../../../pic32c/lib/thumb/v7e-m+dp/hard\libpic32c.a
LOAD C:/Program Files/Microchip/xc32/v5.00/bin/bin/../../lib/gcc/pic32c/13.2.1/../../../../pic32c/lib/thumb/v7e-m+dp/hard\libc-size-musl.a
LOAD C:/Program Files/Microchip/xc32/v5.00/bin/bin/../../lib/gcc/pic32c/13.2.1/../../../../pic32c/lib/thumb/v7e-m+dp/hard\liblmalloc-musl.a
LOAD C:/Program Files/Microchip/xc32/v5.00/bin/bin/../../lib/gcc/pic32c/13.2.1/../../../../pic32c/lib/thumb/v7e-m+dp/hard\libc-musl.a
LOAD C:/Program Files/Microchip/xc32/v5.00/bin/bin/../../lib/gcc/pic32c/13.2.1/../../../../pic32c/lib/thumb/v7e-m+dp/hard\libm-fast-emfloat.a
LOAD C:/Program Files/Microchip/xc32/v5.00/bin/bin/../../lib/gcc/pic32c/13.2.1/../../../../pic32c/lib/thumb/v7e-m+dp/hard\libm-musl.a
END GROUP
LOAD C:/Program Files/Microchip/xc32/v5.00/bin/bin/../../lib/gcc/pic32c/13.2.1/thumb/v7e-m+dp/hard\libgcc.a
LOAD C:/Program Files/Microchip/xc32/v5.00/bin/bin/../../lib/gcc/pic32c/13.2.1/thumb/v7e-m+dp/hard/crtend.o
LOAD C:/Program Files/Microchip/xc32/v5.00/bin/bin/../../lib/gcc/pic32c/13.2.1/thumb/v7e-m+dp/hard/crtn.o
OUTPUT(dist/default/production/SAMRH71.X.production.elf elf32-littlearm)
LOAD linker stubs
LOAD data_init

.note           0x00000000      0x738
 .note          0x00000000       0x18 C:/Program Files/Microchip/xc32/v5.00/bin/bin/../../lib/gcc/pic32c/13.2.1/thumb/v7e-m+dp/hard/crti.o
 .note          0x00000018       0x18 C:/Program Files/Microchip/xc32/v5.00/bin/bin/../../lib/gcc/pic32c/13.2.1/thumb/v7e-m+dp/hard/crtbegin.o
 .note          0x00000030       0x18 build/default/production/_ext/60165520/plib_clk.o
 .note          0x00000048       0x18 build/default/production/_ext/1818436620/plib_flexcom1_usart.o
 .note          0x00000060       0x18 build/default/production/_ext/1666157715/plib_matrix.o
 .note          0x00000078       0x18 build/default/production/_ext/1865468468/plib_nvic.o
 .note          0x00000090       0x18 build/default/production/_ext/60177924/plib_pio.o
 .note          0x000000a8       0x18 build/default/production/_ext/163028504/xc32_monitor.o
 .note          0x000000c0       0x18 build/default/production/_ext/1171490990/initialization.o
 .note          0x000000d8       0x18 build/default/production/_ext/1171490990/interrupts.o
 .note          0x000000f0       0x18 build/default/production/_ext/1171490990/exceptions.o
 .note          0x00000108       0x18 build/default/production/_ext/1171490990/startup_xc32.o
 .note          0x00000120       0x18 build/default/production/_ext/1171490990/libc_syscalls.o
 .note          0x00000138       0x18 build/default/production/_ext/1360937237/main.o
 .note          0x00000150       0x18 build/default/production/_ext/328528262/default_function.o
 .note          0x00000168       0x18 build/default/production/_ext/1863587092/plib_ip1553.o
 .note          0x00000180       0x18 C:/Program Files/Microchip/xc32/v5.00/bin/bin/../../lib/gcc/pic32c/13.2.1/../../../../pic32c/lib/thumb/v7e-m+dp/hard\libpic32c.a(data_init.o)
 .note          0x00000198       0x18 C:/Program Files/Microchip/xc32/v5.00/bin/bin/../../lib/gcc/pic32c/13.2.1/../../../../pic32c/lib/thumb/v7e-m+dp/hard\libc-musl.a(__libc_start_main.o)
 .note          0x000001b0       0x18 C:/Program Files/Microchip/xc32/v5.00/bin/bin/../../lib/gcc/pic32c/13.2.1/../../../../pic32c/lib/thumb/v7e-m+dp/hard\libc-musl.a(libc.o)
 .note          0x000001c8       0x18 C:/Program Files/Microchip/xc32/v5.00/bin/bin/../../lib/gcc/pic32c/13.2.1/../../../../pic32c/lib/thumb/v7e-m+dp/hard\libc-musl.a(__sio_printf_cns.o)
 .note          0x000001e0       0x18 C:/Program Files/Microchip/xc32/v5.00/bin/bin/../../lib/gcc/pic32c/13.2.1/../../../../pic32c/lib/thumb/v7e-m+dp/hard\libc-musl.a(__fmt_s.o)
 .note          0x000001f8       0x18 C:/Program Files/Microchip/xc32/v5.00/bin/bin/../../lib/gcc/pic32c/13.2.1/../../../../pic32c/lib/thumb/v7e-m+dp/hard\libc-musl.a(__pop_ptr.o)
 .note          0x00000210       0x18 C:/Program Files/Microchip/xc32/v5.00/bin/bin/../../lib/gcc/pic32c/13.2.1/../../../../pic32c/lib/thumb/v7e-m+dp/hard\libc-musl.a(__printf_core.o)
 .note          0x00000228       0x18 C:/Program Files/Microchip/xc32/v5.00/bin/bin/../../lib/gcc/pic32c/13.2.1/../../../../pic32c/lib/thumb/v7e-m+dp/hard\libc-musl.a(stdin.o)
 .note          0x00000240       0x18 C:/Program Files/Microchip/xc32/v5.00/bin/bin/../../lib/gcc/pic32c/13.2.1/../../../../pic32c/lib/thumb/v7e-m+dp/hard\libc-musl.a(stdout.o)
 .note          0x00000258       0x18 C:/Program Files/Microchip/xc32/v5.00/bin/bin/../../lib/gcc/pic32c/13.2.1/../../../../pic32c/lib/thumb/v7e-m+dp/hard\libc-musl.a(puts.o)
 .note          0x00000270       0x18 C:/Program Files/Microchip/xc32/v5.00/bin/bin/../../lib/gcc/pic32c/13.2.1/../../../../pic32c/lib/thumb/v7e-m+dp/hard\libc-musl.a(setbuf.o)
 .note          0x00000288       0x18 C:/Program Files/Microchip/xc32/v5.00/bin/bin/../../lib/gcc/pic32c/13.2.1/../../../../pic32c/lib/thumb/v7e-m+dp/hard\libc-musl.a(atoi.o)
 .note          0x000002a0       0x18 C:/Program Files/Microchip/xc32/v5.00/bin/bin/../../lib/gcc/pic32c/13.2.1/../../../../pic32c/lib/thumb/v7e-m+dp/hard\libc-musl.a(tolower.o)
 .note          0x000002b8       0x18 C:/Program Files/Microchip/xc32/v5.00/bin/bin/../../lib/gcc/pic32c/13.2.1/../../../../pic32c/lib/thumb/v7e-m+dp/hard\libc-musl.a(__environ.o)
 .note          0x000002d0       0x18 C:/Program Files/Microchip/xc32/v5.00/bin/bin/../../lib/gcc/pic32c/13.2.1/../../../../pic32c/lib/thumb/v7e-m+dp/hard\libc-musl.a(__errno_location.o)
 .note          0x000002e8       0x18 C:/Program Files/Microchip/xc32/v5.00/bin/bin/../../lib/gcc/pic32c/13.2.1/../../../../pic32c/lib/thumb/v7e-m+dp/hard\libc-musl.a(__int_vfprintf.o)
 .note          0x00000300       0x18 C:/Program Files/Microchip/xc32/v5.00/bin/bin/../../lib/gcc/pic32c/13.2.1/../../../../pic32c/lib/thumb/v7e-m+dp/hard\libc-musl.a(fputs.o)
 .note          0x00000318       0x18 C:/Program Files/Microchip/xc32/v5.00/bin/bin/../../lib/gcc/pic32c/13.2.1/../../../../pic32c/lib/thumb/v7e-m+dp/hard\libc-musl.a(__io_init_needed.o)
 .note          0x00000330       0x18 C:/Program Files/Microchip/xc32/v5.00/bin/bin/../../lib/gcc/pic32c/13.2.1/../../../../pic32c/lib/thumb/v7e-m+dp/hard\libc-musl.a(__io_rw_needed.o)
 .note          0x00000348       0x18 C:/Program Files/Microchip/xc32/v5.00/bin/bin/../../lib/gcc/pic32c/13.2.1/../../../../pic32c/lib/thumb/v7e-m+dp/hard\libc-musl.a(__pop_float.o)
 .note          0x00000360       0x18 C:/Program Files/Microchip/xc32/v5.00/bin/bin/../../lib/gcc/pic32c/13.2.1/../../../../pic32c/lib/thumb/v7e-m+dp/hard\libc-musl.a(__pop_int.o)
 .note          0x00000378       0x18 C:/Program Files/Microchip/xc32/v5.00/bin/bin/../../lib/gcc/pic32c/13.2.1/../../../../pic32c/lib/thumb/v7e-m+dp/hard\libc-musl.a(__stdio_read.o)
 .note          0x00000390       0x18 C:/Program Files/Microchip/xc32/v5.00/bin/bin/../../lib/gcc/pic32c/13.2.1/../../../../pic32c/lib/thumb/v7e-m+dp/hard\libc-musl.a(__towrite_rw.o)
 .note          0x000003a8       0x18 C:/Program Files/Microchip/xc32/v5.00/bin/bin/../../lib/gcc/pic32c/13.2.1/../../../../pic32c/lib/thumb/v7e-m+dp/hard\libc-musl.a(fwrite.o)
 .note          0x000003c0       0x18 C:/Program Files/Microchip/xc32/v5.00/bin/bin/../../lib/gcc/pic32c/13.2.1/../../../../pic32c/lib/thumb/v7e-m+dp/hard\libc-musl.a(putc.o)
 .note          0x000003d8       0x18 C:/Program Files/Microchip/xc32/v5.00/bin/bin/../../lib/gcc/pic32c/13.2.1/../../../../pic32c/lib/thumb/v7e-m+dp/hard\libc-musl.a(setvbuf.o)
 .note          0x000003f0       0x18 C:/Program Files/Microchip/xc32/v5.00/bin/bin/../../lib/gcc/pic32c/13.2.1/../../../../pic32c/lib/thumb/v7e-m+dp/hard\libc-musl.a(readv.o)
 .note          0x00000408       0x18 C:/Program Files/Microchip/xc32/v5.00/bin/bin/../../lib/gcc/pic32c/13.2.1/../../../../pic32c/lib/thumb/v7e-m+dp/hard\libc-musl.a(__fopen_rw.o)
 .note          0x00000420       0x18 C:/Program Files/Microchip/xc32/v5.00/bin/bin/../../lib/gcc/pic32c/13.2.1/../../../../pic32c/lib/thumb/v7e-m+dp/hard\libc-musl.a(__ftello_rw.o)
 .note          0x00000438       0x18 C:/Program Files/Microchip/xc32/v5.00/bin/bin/../../lib/gcc/pic32c/13.2.1/../../../../pic32c/lib/thumb/v7e-m+dp/hard\libc-musl.a(__init_stdio.o)
 .note          0x00000450       0x18 C:/Program Files/Microchip/xc32/v5.00/bin/bin/../../lib/gcc/pic32c/13.2.1/../../../../pic32c/lib/thumb/v7e-m+dp/hard\libc-musl.a(__io_buf_needed.o)
 .note          0x00000468       0x18 C:/Program Files/Microchip/xc32/v5.00/bin/bin/../../lib/gcc/pic32c/13.2.1/../../../../pic32c/lib/thumb/v7e-m+dp/hard\libc-musl.a(__io_file_needed.o)
 .note          0x00000480       0x18 C:/Program Files/Microchip/xc32/v5.00/bin/bin/../../lib/gcc/pic32c/13.2.1/../../../../pic32c/lib/thumb/v7e-m+dp/hard\libc-musl.a(__io_std_needed.o)
 .note          0x00000498       0x18 C:/Program Files/Microchip/xc32/v5.00/bin/bin/../../lib/gcc/pic32c/13.2.1/../../../../pic32c/lib/thumb/v7e-m+dp/hard\libc-musl.a(__out.o)
 .note          0x000004b0       0x18 C:/Program Files/Microchip/xc32/v5.00/bin/bin/../../lib/gcc/pic32c/13.2.1/../../../../pic32c/lib/thumb/v7e-m+dp/hard\libc-musl.a(__putc.o)
 .note          0x000004c8       0x18 C:/Program Files/Microchip/xc32/v5.00/bin/bin/../../lib/gcc/pic32c/13.2.1/../../../../pic32c/lib/thumb/v7e-m+dp/hard\libc-musl.a(__stderr.o)
 .note          0x000004e0       0x18 C:/Program Files/Microchip/xc32/v5.00/bin/bin/../../lib/gcc/pic32c/13.2.1/../../../../pic32c/lib/thumb/v7e-m+dp/hard\libc-musl.a(__stdio_close.o)
 .note          0x000004f8       0x18 C:/Program Files/Microchip/xc32/v5.00/bin/bin/../../lib/gcc/pic32c/13.2.1/../../../../pic32c/lib/thumb/v7e-m+dp/hard\libc-musl.a(__stdio_exit.o)
 .note          0x00000510       0x18 C:/Program Files/Microchip/xc32/v5.00/bin/bin/../../lib/gcc/pic32c/13.2.1/../../../../pic32c/lib/thumb/v7e-m+dp/hard\libc-musl.a(__stdio_write.o)
 .note          0x00000528       0x18 C:/Program Files/Microchip/xc32/v5.00/bin/bin/../../lib/gcc/pic32c/13.2.1/../../../../pic32c/lib/thumb/v7e-m+dp/hard\libc-musl.a(__stdout.o)
 .note          0x00000540       0x18 C:/Program Files/Microchip/xc32/v5.00/bin/bin/../../lib/gcc/pic32c/13.2.1/../../../../pic32c/lib/thumb/v7e-m+dp/hard\libc-musl.a(__towrite.o)
 .note          0x00000558       0x18 C:/Program Files/Microchip/xc32/v5.00/bin/bin/../../lib/gcc/pic32c/13.2.1/../../../../pic32c/lib/thumb/v7e-m+dp/hard\libc-musl.a(writev.o)
 .note          0x00000570       0x18 C:/Program Files/Microchip/xc32/v5.00/bin/bin/../../lib/gcc/pic32c/13.2.1/../../../../pic32c/lib/thumb/v7e-m+dp/hard\libc-musl.a(__overflow.o)
 .note          0x00000588       0x18 C:/Program Files/Microchip/xc32/v5.00/bin/bin/../../lib/gcc/pic32c/13.2.1/../../../../pic32c/lib/thumb/v7e-m+dp/hard\libc-musl.a(__fclose.o)
 .note          0x000005a0       0x18 C:/Program Files/Microchip/xc32/v5.00/bin/bin/../../lib/gcc/pic32c/13.2.1/../../../../pic32c/lib/thumb/v7e-m+dp/hard\libc-musl.a(__fopen.o)
 .note          0x000005b8       0x18 C:/Program Files/Microchip/xc32/v5.00/bin/bin/../../lib/gcc/pic32c/13.2.1/../../../../pic32c/lib/thumb/v7e-m+dp/hard\libc-musl.a(__fseeko.o)
 .note          0x000005d0       0x18 C:/Program Files/Microchip/xc32/v5.00/bin/bin/../../lib/gcc/pic32c/13.2.1/../../../../pic32c/lib/thumb/v7e-m+dp/hard\libc-musl.a(__ftello.o)
 .note          0x000005e8       0x18 C:/Program Files/Microchip/xc32/v5.00/bin/bin/../../lib/gcc/pic32c/13.2.1/../../../../pic32c/lib/thumb/v7e-m+dp/hard\libc-musl.a(__fwrite.o)
 .note          0x00000600       0x18 C:/Program Files/Microchip/xc32/v5.00/bin/bin/../../lib/gcc/pic32c/13.2.1/../../../../pic32c/lib/thumb/v7e-m+dp/hard\libpic32c.a(close.o)
 .note          0x00000618       0x18 C:/Program Files/Microchip/xc32/v5.00/bin/bin/../../lib/gcc/pic32c/13.2.1/../../../../pic32c/lib/thumb/v7e-m+dp/hard\libpic32c.a(lseek.o)
 .note          0x00000630       0x18 C:/Program Files/Microchip/xc32/v5.00/bin/bin/../../lib/gcc/pic32c/13.2.1/../../../../pic32c/lib/thumb/v7e-m+dp/hard\libc-size-musl.a(memcpy.o)
 .note          0x00000648       0x18 C:/Program Files/Microchip/xc32/v5.00/bin/bin/../../lib/gcc/pic32c/13.2.1/../../../../pic32c/lib/thumb/v7e-m+dp/hard\libc-size-musl.a(memset.o)
 .note          0x00000660       0x18 C:/Program Files/Microchip/xc32/v5.00/bin/bin/../../lib/gcc/pic32c/13.2.1/../../../../pic32c/lib/thumb/v7e-m+dp/hard\libc-size-musl.a(strlen.o)
 .note          0x00000678       0x18 C:/Program Files/Microchip/xc32/v5.00/bin/bin/../../lib/gcc/pic32c/13.2.1/../../../../pic32c/lib/thumb/v7e-m+dp/hard\liblmalloc-musl.a(lite_malloc.o)
 .note          0x00000690       0x18 C:/Program Files/Microchip/xc32/v5.00/bin/bin/../../lib/gcc/pic32c/13.2.1/../../../../pic32c/lib/thumb/v7e-m+dp/hard\liblmalloc-musl.a(lite_free.o)
 .note          0x000006a8       0x18 C:/Program Files/Microchip/xc32/v5.00/bin/bin/../../lib/gcc/pic32c/13.2.1/../../../../pic32c/lib/thumb/v7e-m+dp/hard\libc-musl.a(expand_heap.o)
 .note          0x000006c0       0x18 C:/Program Files/Microchip/xc32/v5.00/bin/bin/../../lib/gcc/pic32c/13.2.1/../../../../pic32c/lib/thumb/v7e-m+dp/hard\libpic32c.a(sbrk.o)
 .note          0x000006d8       0x18 C:/Program Files/Microchip/xc32/v5.00/bin/bin/../../lib/gcc/pic32c/13.2.1/thumb/v7e-m+dp/hard/crtend.o
 .note          0x000006f0       0x18 C:/Program Files/Microchip/xc32/v5.00/bin/bin/../../lib/gcc/pic32c/13.2.1/thumb/v7e-m+dp/hard/crtn.o
 .note          0x00000708       0x18 C:/Program Files/Microchip/xc32/v5.00/bin/bin/../../lib/gcc/pic32c/13.2.1/../../../../pic32c/lib/thumb/v7e-m+dp/hard\libpic32c.a(pic32_data_init_clear.o)
 .note          0x00000720       0x18 C:/Program Files/Microchip/xc32/v5.00/bin/bin/../../lib/gcc/pic32c/13.2.1/../../../../pic32c/lib/thumb/v7e-m+dp/hard\libpic32c.a(pic32_data_init_copy.o)

.ARM.attributes
                0x00000000       0x32
 .ARM.attributes
                0x00000000       0x20 C:/Program Files/Microchip/xc32/v5.00/bin/bin/../../lib/gcc/pic32c/13.2.1/thumb/v7e-m+dp/hard/crti.o
 .ARM.attributes
                0x00000020       0x32 C:/Program Files/Microchip/xc32/v5.00/bin/bin/../../lib/gcc/pic32c/13.2.1/thumb/v7e-m+dp/hard/crtbegin.o
 .ARM.attributes
                0x00000052       0x32 build/default/production/_ext/60165520/plib_clk.o
 .ARM.attributes
                0x00000084       0x32 build/default/production/_ext/1818436620/plib_flexcom1_usart.o
 .ARM.attributes
                0x000000b6       0x32 build/default/production/_ext/1666157715/plib_matrix.o
 .ARM.attributes
                0x000000e8       0x32 build/default/production/_ext/1865468468/plib_nvic.o
 .ARM.attributes
                0x0000011a       0x32 build/default/production/_ext/60177924/plib_pio.o
 .ARM.attributes
                0x0000014c       0x32 build/default/production/_ext/163028504/xc32_monitor.o
 .ARM.attributes
                0x0000017e       0x32 build/default/production/_ext/1171490990/initialization.o
 .ARM.attributes
                0x000001b0       0x32 build/default/production/_ext/1171490990/interrupts.o
 .ARM.attributes
                0x000001e2       0x32 build/default/production/_ext/1171490990/exceptions.o
 .ARM.attributes
                0x00000214       0x32 build/default/production/_ext/1171490990/startup_xc32.o
 .ARM.attributes
                0x00000246       0x32 build/default/production/_ext/1360937237/main.o
 .ARM.attributes
                0x00000278       0x32 build/default/production/_ext/328528262/default_function.o
 .ARM.attributes
                0x000002aa       0x32 build/default/production/_ext/1863587092/plib_ip1553.o
 .ARM.attributes
                0x000002dc       0x32 C:/Program Files/Microchip/xc32/v5.00/bin/bin/../../lib/gcc/pic32c/13.2.1/../../../../pic32c/lib/thumb/v7e-m+dp/hard\libpic32c.a(data_init.o)
 .ARM.attributes
                0x0000030e       0x34 C:/Program Files/Microchip/xc32/v5.00/bin/bin/../../lib/gcc/pic32c/13.2.1/../../../../pic32c/lib/thumb/v7e-m+dp/hard\libc-musl.a(__libc_start_main.o)
 .ARM.attributes
                0x00000342       0x34 C:/Program Files/Microchip/xc32/v5.00/bin/bin/../../lib/gcc/pic32c/13.2.1/../../../../pic32c/lib/thumb/v7e-m+dp/hard\libc-musl.a(libc.o)
 .ARM.attributes
                0x00000376       0x34 C:/Program Files/Microchip/xc32/v5.00/bin/bin/../../lib/gcc/pic32c/13.2.1/../../../../pic32c/lib/thumb/v7e-m+dp/hard\libc-musl.a(__sio_printf_cns.o)
 .ARM.attributes
                0x000003aa       0x34 C:/Program Files/Microchip/xc32/v5.00/bin/bin/../../lib/gcc/pic32c/13.2.1/../../../../pic32c/lib/thumb/v7e-m+dp/hard\libc-musl.a(__fmt_s.o)
 .ARM.attributes
                0x000003de       0x34 C:/Program Files/Microchip/xc32/v5.00/bin/bin/../../lib/gcc/pic32c/13.2.1/../../../../pic32c/lib/thumb/v7e-m+dp/hard\libc-musl.a(__pop_ptr.o)
 .ARM.attributes
                0x00000412       0x34 C:/Program Files/Microchip/xc32/v5.00/bin/bin/../../lib/gcc/pic32c/13.2.1/../../../../pic32c/lib/thumb/v7e-m+dp/hard\libc-musl.a(__printf_core.o)
 .ARM.attributes
                0x00000446       0x34 C:/Program Files/Microchip/xc32/v5.00/bin/bin/../../lib/gcc/pic32c/13.2.1/../../../../pic32c/lib/thumb/v7e-m+dp/hard\libc-musl.a(stdin.o)
 .ARM.attributes
                0x0000047a       0x34 C:/Program Files/Microchip/xc32/v5.00/bin/bin/../../lib/gcc/pic32c/13.2.1/../../../../pic32c/lib/thumb/v7e-m+dp/hard\libc-musl.a(stdout.o)
 .ARM.attributes
                0x000004ae       0x34 C:/Program Files/Microchip/xc32/v5.00/bin/bin/../../lib/gcc/pic32c/13.2.1/../../../../pic32c/lib/thumb/v7e-m+dp/hard\libc-musl.a(puts.o)
 .ARM.attributes
                0x000004e2       0x34 C:/Program Files/Microchip/xc32/v5.00/bin/bin/../../lib/gcc/pic32c/13.2.1/../../../../pic32c/lib/thumb/v7e-m+dp/hard\libc-musl.a(setbuf.o)
 .ARM.attributes
                0x00000516       0x34 C:/Program Files/Microchip/xc32/v5.00/bin/bin/../../lib/gcc/pic32c/13.2.1/../../../../pic32c/lib/thumb/v7e-m+dp/hard\libc-musl.a(atoi.o)
 .ARM.attributes
                0x0000054a       0x34 C:/Program Files/Microchip/xc32/v5.00/bin/bin/../../lib/gcc/pic32c/13.2.1/../../../../pic32c/lib/thumb/v7e-m+dp/hard\libc-musl.a(tolower.o)
 .ARM.attributes
                0x0000057e       0x34 C:/Program Files/Microchip/xc32/v5.00/bin/bin/../../lib/gcc/pic32c/13.2.1/../../../../pic32c/lib/thumb/v7e-m+dp/hard\libc-musl.a(__environ.o)
 .ARM.attributes
                0x000005b2       0x34 C:/Program Files/Microchip/xc32/v5.00/bin/bin/../../lib/gcc/pic32c/13.2.1/../../../../pic32c/lib/thumb/v7e-m+dp/hard\libc-musl.a(__errno_location.o)
 .ARM.attributes
                0x000005e6       0x34 C:/Program Files/Microchip/xc32/v5.00/bin/bin/../../lib/gcc/pic32c/13.2.1/../../../../pic32c/lib/thumb/v7e-m+dp/hard\libc-musl.a(__int_vfprintf.o)
 .ARM.attributes
                0x0000061a       0x34 C:/Program Files/Microchip/xc32/v5.00/bin/bin/../../lib/gcc/pic32c/13.2.1/../../../../pic32c/lib/thumb/v7e-m+dp/hard\libc-musl.a(fputs.o)
 .ARM.attributes
                0x0000064e       0x34 C:/Program Files/Microchip/xc32/v5.00/bin/bin/../../lib/gcc/pic32c/13.2.1/../../../../pic32c/lib/thumb/v7e-m+dp/hard\libc-musl.a(__pop_float.o)
 .ARM.attributes
                0x00000682       0x34 C:/Program Files/Microchip/xc32/v5.00/bin/bin/../../lib/gcc/pic32c/13.2.1/../../../../pic32c/lib/thumb/v7e-m+dp/hard\libc-musl.a(__pop_int.o)
 .ARM.attributes
                0x000006b6       0x34 C:/Program Files/Microchip/xc32/v5.00/bin/bin/../../lib/gcc/pic32c/13.2.1/../../../../pic32c/lib/thumb/v7e-m+dp/hard\libc-musl.a(__stdio_read.o)
 .ARM.attributes
                0x000006ea       0x34 C:/Program Files/Microchip/xc32/v5.00/bin/bin/../../lib/gcc/pic32c/13.2.1/../../../../pic32c/lib/thumb/v7e-m+dp/hard\libc-musl.a(__towrite_rw.o)
 .ARM.attributes
                0x0000071e       0x34 C:/Program Files/Microchip/xc32/v5.00/bin/bin/../../lib/gcc/pic32c/13.2.1/../../../../pic32c/lib/thumb/v7e-m+dp/hard\libc-musl.a(fwrite.o)
 .ARM.attributes
                0x00000752       0x34 C:/Program Files/Microchip/xc32/v5.00/bin/bin/../../lib/gcc/pic32c/13.2.1/../../../../pic32c/lib/thumb/v7e-m+dp/hard\libc-musl.a(putc.o)
 .ARM.attributes
                0x00000786       0x34 C:/Program Files/Microchip/xc32/v5.00/bin/bin/../../lib/gcc/pic32c/13.2.1/../../../../pic32c/lib/thumb/v7e-m+dp/hard\libc-musl.a(setvbuf.o)
 .ARM.attributes
                0x000007ba       0x34 C:/Program Files/Microchip/xc32/v5.00/bin/bin/../../lib/gcc/pic32c/13.2.1/../../../../pic32c/lib/thumb/v7e-m+dp/hard\libc-musl.a(readv.o)
 .ARM.attributes
                0x000007ee       0x34 C:/Program Files/Microchip/xc32/v5.00/bin/bin/../../lib/gcc/pic32c/13.2.1/../../../../pic32c/lib/thumb/v7e-m+dp/hard\libc-musl.a(__init_stdio.o)
 .ARM.attributes
                0x00000822       0x34 C:/Program Files/Microchip/xc32/v5.00/bin/bin/../../lib/gcc/pic32c/13.2.1/../../../../pic32c/lib/thumb/v7e-m+dp/hard\libc-musl.a(__out.o)
 .ARM.attributes
                0x00000856       0x34 C:/Program Files/Microchip/xc32/v5.00/bin/bin/../../lib/gcc/pic32c/13.2.1/../../../../pic32c/lib/thumb/v7e-m+dp/hard\libc-musl.a(__putc.o)
 .ARM.attributes
                0x0000088a       0x34 C:/Program Files/Microchip/xc32/v5.00/bin/bin/../../lib/gcc/pic32c/13.2.1/../../../../pic32c/lib/thumb/v7e-m+dp/hard\libc-musl.a(__stderr.o)
 .ARM.attributes
                0x000008be       0x34 C:/Program Files/Microchip/xc32/v5.00/bin/bin/../../lib/gcc/pic32c/13.2.1/../../../../pic32c/lib/thumb/v7e-m+dp/hard\libc-musl.a(__stdio_close.o)
 .ARM.attributes
                0x000008f2       0x34 C:/Program Files/Microchip/xc32/v5.00/bin/bin/../../lib/gcc/pic32c/13.2.1/../../../../pic32c/lib/thumb/v7e-m+dp/hard\libc-musl.a(__stdio_write.o)
 .ARM.attributes
                0x00000926       0x34 C:/Program Files/Microchip/xc32/v5.00/bin/bin/../../lib/gcc/pic32c/13.2.1/../../../../pic32c/lib/thumb/v7e-m+dp/hard\libc-musl.a(__stdout.o)
 .ARM.attributes
                0x0000095a       0x34 C:/Program Files/Microchip/xc32/v5.00/bin/bin/../../lib/gcc/pic32c/13.2.1/../../../../pic32c/lib/thumb/v7e-m+dp/hard\libc-musl.a(__towrite.o)
 .ARM.attributes
                0x0000098e       0x34 C:/Program Files/Microchip/xc32/v5.00/bin/bin/../../lib/gcc/pic32c/13.2.1/../../../../pic32c/lib/thumb/v7e-m+dp/hard\libc-musl.a(writev.o)
 .ARM.attributes
                0x000009c2       0x34 C:/Program Files/Microchip/xc32/v5.00/bin/bin/../../lib/gcc/pic32c/13.2.1/../../../../pic32c/lib/thumb/v7e-m+dp/hard\libc-musl.a(__overflow.o)
 .ARM.attributes
                0x000009f6       0x34 C:/Program Files/Microchip/xc32/v5.00/bin/bin/../../lib/gcc/pic32c/13.2.1/../../../../pic32c/lib/thumb/v7e-m+dp/hard\libc-musl.a(__fwrite.o)
 .ARM.attributes
                0x00000a2a       0x32 C:/Program Files/Microchip/xc32/v5.00/bin/bin/../../lib/gcc/pic32c/13.2.1/../../../../pic32c/lib/thumb/v7e-m+dp/hard\libpic32c.a(close.o)
 .ARM.attributes
                0x00000a5c       0x32 C:/Program Files/Microchip/xc32/v5.00/bin/bin/../../lib/gcc/pic32c/13.2.1/../../../../pic32c/lib/thumb/v7e-m+dp/hard\libpic32c.a(lseek.o)
 .ARM.attributes
                0x00000a8e       0x34 C:/Program Files/Microchip/xc32/v5.00/bin/bin/../../lib/gcc/pic32c/13.2.1/../../../../pic32c/lib/thumb/v7e-m+dp/hard\libc-size-musl.a(memcpy.o)
 .ARM.attributes
                0x00000ac2       0x34 C:/Program Files/Microchip/xc32/v5.00/bin/bin/../../lib/gcc/pic32c/13.2.1/../../../../pic32c/lib/thumb/v7e-m+dp/hard\libc-size-musl.a(memset.o)
 .ARM.attributes
                0x00000af6       0x34 C:/Program Files/Microchip/xc32/v5.00/bin/bin/../../lib/gcc/pic32c/13.2.1/../../../../pic32c/lib/thumb/v7e-m+dp/hard\libc-size-musl.a(strlen.o)
 .ARM.attributes
                0x00000b2a       0x34 C:/Program Files/Microchip/xc32/v5.00/bin/bin/../../lib/gcc/pic32c/13.2.1/../../../../pic32c/lib/thumb/v7e-m+dp/hard\liblmalloc-musl.a(lite_malloc.o)
 .ARM.attributes
                0x00000b5e       0x34 C:/Program Files/Microchip/xc32/v5.00/bin/bin/../../lib/gcc/pic32c/13.2.1/../../../../pic32c/lib/thumb/v7e-m+dp/hard\liblmalloc-musl.a(lite_free.o)
 .ARM.attributes
                0x00000b92       0x34 C:/Program Files/Microchip/xc32/v5.00/bin/bin/../../lib/gcc/pic32c/13.2.1/../../../../pic32c/lib/thumb/v7e-m+dp/hard\libc-musl.a(expand_heap.o)
 .ARM.attributes
                0x00000bc6       0x32 C:/Program Files/Microchip/xc32/v5.00/bin/bin/../../lib/gcc/pic32c/13.2.1/../../../../pic32c/lib/thumb/v7e-m+dp/hard\libpic32c.a(sbrk.o)
 .ARM.attributes
                0x00000bf8       0x20 C:/Program Files/Microchip/xc32/v5.00/bin/bin/../../lib/gcc/pic32c/13.2.1/thumb/v7e-m+dp/hard/crtn.o
 .ARM.attributes
                0x00000c18       0x32 C:/Program Files/Microchip/xc32/v5.00/bin/bin/../../lib/gcc/pic32c/13.2.1/../../../../pic32c/lib/thumb/v7e-m+dp/hard\libpic32c.a(pic32_data_init_clear.o)
 .ARM.attributes
                0x00000c4a       0x32 C:/Program Files/Microchip/xc32/v5.00/bin/bin/../../lib/gcc/pic32c/13.2.1/../../../../pic32c/lib/thumb/v7e-m+dp/hard\libpic32c.a(pic32_data_init_copy.o)

.comment        0x00000000       0x35
 .comment       0x00000000       0x35 C:/Program Files/Microchip/xc32/v5.00/bin/bin/../../lib/gcc/pic32c/13.2.1/thumb/v7e-m+dp/hard/crtbegin.o
                                 0x36 (size before relaxing)
 .comment       0x00000035       0x36 build/default/production/_ext/60165520/plib_clk.o
 .comment       0x00000035       0x36 build/default/production/_ext/1818436620/plib_flexcom1_usart.o
 .comment       0x00000035       0x36 build/default/production/_ext/1666157715/plib_matrix.o
 .comment       0x00000035       0x36 build/default/production/_ext/1865468468/plib_nvic.o
 .comment       0x00000035       0x36 build/default/production/_ext/60177924/plib_pio.o
 .comment       0x00000035       0x36 build/default/production/_ext/163028504/xc32_monitor.o
 .comment       0x00000035       0x36 build/default/production/_ext/1171490990/initialization.o
 .comment       0x00000035       0x36 build/default/production/_ext/1171490990/interrupts.o
 .comment       0x00000035       0x36 build/default/production/_ext/1171490990/exceptions.o
 .comment       0x00000035       0x36 build/default/production/_ext/1171490990/startup_xc32.o
 .comment       0x00000035       0x36 build/default/production/_ext/1360937237/main.o
 .comment       0x00000035       0x36 build/default/production/_ext/328528262/default_function.o
 .comment       0x00000035       0x36 build/default/production/_ext/1863587092/plib_ip1553.o
 .comment       0x00000035       0x36 C:/Program Files/Microchip/xc32/v5.00/bin/bin/../../lib/gcc/pic32c/13.2.1/../../../../pic32c/lib/thumb/v7e-m+dp/hard\libpic32c.a(data_init.o)
 .comment       0x00000035       0x36 C:/Program Files/Microchip/xc32/v5.00/bin/bin/../../lib/gcc/pic32c/13.2.1/../../../../pic32c/lib/thumb/v7e-m+dp/hard\libc-musl.a(__libc_start_main.o)
 .comment       0x00000035       0x36 C:/Program Files/Microchip/xc32/v5.00/bin/bin/../../lib/gcc/pic32c/13.2.1/../../../../pic32c/lib/thumb/v7e-m+dp/hard\libc-musl.a(libc.o)
 .comment       0x00000035       0x36 C:/Program Files/Microchip/xc32/v5.00/bin/bin/../../lib/gcc/pic32c/13.2.1/../../../../pic32c/lib/thumb/v7e-m+dp/hard\libc-musl.a(__sio_printf_cns.o)
 .comment       0x00000035       0x36 C:/Program Files/Microchip/xc32/v5.00/bin/bin/../../lib/gcc/pic32c/13.2.1/../../../../pic32c/lib/thumb/v7e-m+dp/hard\libc-musl.a(__fmt_s.o)
 .comment       0x00000035       0x36 C:/Program Files/Microchip/xc32/v5.00/bin/bin/../../lib/gcc/pic32c/13.2.1/../../../../pic32c/lib/thumb/v7e-m+dp/hard\libc-musl.a(__pop_ptr.o)
 .comment       0x00000035       0x36 C:/Program Files/Microchip/xc32/v5.00/bin/bin/../../lib/gcc/pic32c/13.2.1/../../../../pic32c/lib/thumb/v7e-m+dp/hard\libc-musl.a(__printf_core.o)
 .comment       0x00000035       0x36 C:/Program Files/Microchip/xc32/v5.00/bin/bin/../../lib/gcc/pic32c/13.2.1/../../../../pic32c/lib/thumb/v7e-m+dp/hard\libc-musl.a(stdin.o)
 .comment       0x00000035       0x36 C:/Program Files/Microchip/xc32/v5.00/bin/bin/../../lib/gcc/pic32c/13.2.1/../../../../pic32c/lib/thumb/v7e-m+dp/hard\libc-musl.a(stdout.o)
 .comment       0x00000035       0x36 C:/Program Files/Microchip/xc32/v5.00/bin/bin/../../lib/gcc/pic32c/13.2.1/../../../../pic32c/lib/thumb/v7e-m+dp/hard\libc-musl.a(puts.o)
 .comment       0x00000035       0x36 C:/Program Files/Microchip/xc32/v5.00/bin/bin/../../lib/gcc/pic32c/13.2.1/../../../../pic32c/lib/thumb/v7e-m+dp/hard\libc-musl.a(setbuf.o)
 .comment       0x00000035       0x36 C:/Program Files/Microchip/xc32/v5.00/bin/bin/../../lib/gcc/pic32c/13.2.1/../../../../pic32c/lib/thumb/v7e-m+dp/hard\libc-musl.a(atoi.o)
 .comment       0x00000035       0x36 C:/Program Files/Microchip/xc32/v5.00/bin/bin/../../lib/gcc/pic32c/13.2.1/../../../../pic32c/lib/thumb/v7e-m+dp/hard\libc-musl.a(tolower.o)
 .comment       0x00000035       0x36 C:/Program Files/Microchip/xc32/v5.00/bin/bin/../../lib/gcc/pic32c/13.2.1/../../../../pic32c/lib/thumb/v7e-m+dp/hard\libc-musl.a(__environ.o)
 .comment       0x00000035       0x36 C:/Program Files/Microchip/xc32/v5.00/bin/bin/../../lib/gcc/pic32c/13.2.1/../../../../pic32c/lib/thumb/v7e-m+dp/hard\libc-musl.a(__errno_location.o)
 .comment       0x00000035       0x36 C:/Program Files/Microchip/xc32/v5.00/bin/bin/../../lib/gcc/pic32c/13.2.1/../../../../pic32c/lib/thumb/v7e-m+dp/hard\libc-musl.a(__int_vfprintf.o)
 .comment       0x00000035       0x36 C:/Program Files/Microchip/xc32/v5.00/bin/bin/../../lib/gcc/pic32c/13.2.1/../../../../pic32c/lib/thumb/v7e-m+dp/hard\libc-musl.a(fputs.o)
 .comment       0x00000035       0x36 C:/Program Files/Microchip/xc32/v5.00/bin/bin/../../lib/gcc/pic32c/13.2.1/../../../../pic32c/lib/thumb/v7e-m+dp/hard\libc-musl.a(__pop_float.o)
 .comment       0x00000035       0x36 C:/Program Files/Microchip/xc32/v5.00/bin/bin/../../lib/gcc/pic32c/13.2.1/../../../../pic32c/lib/thumb/v7e-m+dp/hard\libc-musl.a(__pop_int.o)
 .comment       0x00000035       0x36 C:/Program Files/Microchip/xc32/v5.00/bin/bin/../../lib/gcc/pic32c/13.2.1/../../../../pic32c/lib/thumb/v7e-m+dp/hard\libc-musl.a(__stdio_read.o)
 .comment       0x00000035       0x36 C:/Program Files/Microchip/xc32/v5.00/bin/bin/../../lib/gcc/pic32c/13.2.1/../../../../pic32c/lib/thumb/v7e-m+dp/hard\libc-musl.a(__towrite_rw.o)
 .comment       0x00000035       0x36 C:/Program Files/Microchip/xc32/v5.00/bin/bin/../../lib/gcc/pic32c/13.2.1/../../../../pic32c/lib/thumb/v7e-m+dp/hard\libc-musl.a(fwrite.o)
 .comment       0x00000035       0x36 C:/Program Files/Microchip/xc32/v5.00/bin/bin/../../lib/gcc/pic32c/13.2.1/../../../../pic32c/lib/thumb/v7e-m+dp/hard\libc-musl.a(putc.o)
 .comment       0x00000035       0x36 C:/Program Files/Microchip/xc32/v5.00/bin/bin/../../lib/gcc/pic32c/13.2.1/../../../../pic32c/lib/thumb/v7e-m+dp/hard\libc-musl.a(setvbuf.o)
 .comment       0x00000035       0x36 C:/Program Files/Microchip/xc32/v5.00/bin/bin/../../lib/gcc/pic32c/13.2.1/../../../../pic32c/lib/thumb/v7e-m+dp/hard\libc-musl.a(readv.o)
 .comment       0x00000035       0x36 C:/Program Files/Microchip/xc32/v5.00/bin/bin/../../lib/gcc/pic32c/13.2.1/../../../../pic32c/lib/thumb/v7e-m+dp/hard\libc-musl.a(__init_stdio.o)
 .comment       0x00000035       0x36 C:/Program Files/Microchip/xc32/v5.00/bin/bin/../../lib/gcc/pic32c/13.2.1/../../../../pic32c/lib/thumb/v7e-m+dp/hard\libc-musl.a(__out.o)
 .comment       0x00000035       0x36 C:/Program Files/Microchip/xc32/v5.00/bin/bin/../../lib/gcc/pic32c/13.2.1/../../../../pic32c/lib/thumb/v7e-m+dp/hard\libc-musl.a(__putc.o)
 .comment       0x00000035       0x36 C:/Program Files/Microchip/xc32/v5.00/bin/bin/../../lib/gcc/pic32c/13.2.1/../../../../pic32c/lib/thumb/v7e-m+dp/hard\libc-musl.a(__stderr.o)
 .comment       0x00000035       0x36 C:/Program Files/Microchip/xc32/v5.00/bin/bin/../../lib/gcc/pic32c/13.2.1/../../../../pic32c/lib/thumb/v7e-m+dp/hard\libc-musl.a(__stdio_close.o)
 .comment       0x00000035       0x36 C:/Program Files/Microchip/xc32/v5.00/bin/bin/../../lib/gcc/pic32c/13.2.1/../../../../pic32c/lib/thumb/v7e-m+dp/hard\libc-musl.a(__stdio_write.o)
 .comment       0x00000035       0x36 C:/Program Files/Microchip/xc32/v5.00/bin/bin/../../lib/gcc/pic32c/13.2.1/../../../../pic32c/lib/thumb/v7e-m+dp/hard\libc-musl.a(__stdout.o)
 .comment       0x00000035       0x36 C:/Program Files/Microchip/xc32/v5.00/bin/bin/../../lib/gcc/pic32c/13.2.1/../../../../pic32c/lib/thumb/v7e-m+dp/hard\libc-musl.a(__towrite.o)
 .comment       0x00000035       0x36 C:/Program Files/Microchip/xc32/v5.00/bin/bin/../../lib/gcc/pic32c/13.2.1/../../../../pic32c/lib/thumb/v7e-m+dp/hard\libc-musl.a(writev.o)
 .comment       0x00000035       0x36 C:/Program Files/Microchip/xc32/v5.00/bin/bin/../../lib/gcc/pic32c/13.2.1/../../../../pic32c/lib/thumb/v7e-m+dp/hard\libc-musl.a(__overflow.o)
 .comment       0x00000035       0x36 C:/Program Files/Microchip/xc32/v5.00/bin/bin/../../lib/gcc/pic32c/13.2.1/../../../../pic32c/lib/thumb/v7e-m+dp/hard\libc-musl.a(__fwrite.o)
 .comment       0x00000035       0x36 C:/Program Files/Microchip/xc32/v5.00/bin/bin/../../lib/gcc/pic32c/13.2.1/../../../../pic32c/lib/thumb/v7e-m+dp/hard\libpic32c.a(close.o)
 .comment       0x00000035       0x36 C:/Program Files/Microchip/xc32/v5.00/bin/bin/../../lib/gcc/pic32c/13.2.1/../../../../pic32c/lib/thumb/v7e-m+dp/hard\libpic32c.a(lseek.o)
 .comment       0x00000035       0x36 C:/Program Files/Microchip/xc32/v5.00/bin/bin/../../lib/gcc/pic32c/13.2.1/../../../../pic32c/lib/thumb/v7e-m+dp/hard\libc-size-musl.a(memcpy.o)
 .comment       0x00000035       0x36 C:/Program Files/Microchip/xc32/v5.00/bin/bin/../../lib/gcc/pic32c/13.2.1/../../../../pic32c/lib/thumb/v7e-m+dp/hard\libc-size-musl.a(memset.o)
 .comment       0x00000035       0x36 C:/Program Files/Microchip/xc32/v5.00/bin/bin/../../lib/gcc/pic32c/13.2.1/../../../../pic32c/lib/thumb/v7e-m+dp/hard\libc-size-musl.a(strlen.o)
 .comment       0x00000035       0x36 C:/Program Files/Microchip/xc32/v5.00/bin/bin/../../lib/gcc/pic32c/13.2.1/../../../../pic32c/lib/thumb/v7e-m+dp/hard\liblmalloc-musl.a(lite_malloc.o)
 .comment       0x00000035       0x36 C:/Program Files/Microchip/xc32/v5.00/bin/bin/../../lib/gcc/pic32c/13.2.1/../../../../pic32c/lib/thumb/v7e-m+dp/hard\liblmalloc-musl.a(lite_free.o)
 .comment       0x00000035       0x36 C:/Program Files/Microchip/xc32/v5.00/bin/bin/../../lib/gcc/pic32c/13.2.1/../../../../pic32c/lib/thumb/v7e-m+dp/hard\libc-musl.a(expand_heap.o)
 .comment       0x00000035       0x36 C:/Program Files/Microchip/xc32/v5.00/bin/bin/../../lib/gcc/pic32c/13.2.1/../../../../pic32c/lib/thumb/v7e-m+dp/hard\libpic32c.a(sbrk.o)
 .comment       0x00000035       0x36 C:/Program Files/Microchip/xc32/v5.00/bin/bin/../../lib/gcc/pic32c/13.2.1/../../../../pic32c/lib/thumb/v7e-m+dp/hard\libpic32c.a(pic32_data_init_clear.o)
 .comment       0x00000035       0x36 C:/Program Files/Microchip/xc32/v5.00/bin/bin/../../lib/gcc/pic32c/13.2.1/../../../../pic32c/lib/thumb/v7e-m+dp/hard\libpic32c.a(pic32_data_init_copy.o)

.debug_info     0x00000000     0xcfc9
 .debug_info    0x00000000     0x13ab build/default/production/_ext/60165520/plib_clk.o
 .debug_info    0x000013ab      0xe31 build/default/production/_ext/1818436620/plib_flexcom1_usart.o
 .debug_info    0x000021dc      0x2e4 build/default/production/_ext/1666157715/plib_matrix.o
 .debug_info    0x000024c0      0xca2 build/default/production/_ext/1865468468/plib_nvic.o
 .debug_info    0x00003162      0x708 build/default/production/_ext/60177924/plib_pio.o
 .debug_info    0x0000386a      0x1f0 build/default/production/_ext/163028504/xc32_monitor.o
 .debug_info    0x00003a5a      0x27a build/default/production/_ext/1171490990/initialization.o
 .debug_info    0x00003cd4      0x6fb build/default/production/_ext/1171490990/interrupts.o
 .debug_info    0x000043cf      0x116 build/default/production/_ext/1171490990/exceptions.o
 .debug_info    0x000044e5      0xfa8 build/default/production/_ext/1171490990/startup_xc32.o
 .debug_info    0x0000548d      0x361 build/default/production/_ext/1360937237/main.o
 .debug_info    0x000057ee      0x42c build/default/production/_ext/328528262/default_function.o
 .debug_info    0x00005c1a      0x57c build/default/production/_ext/1863587092/plib_ip1553.o
 .debug_info    0x00006196      0x212 C:/Program Files/Microchip/xc32/v5.00/bin/bin/../../lib/gcc/pic32c/13.2.1/../../../../pic32c/lib/thumb/v7e-m+dp/hard\libpic32c.a(data_init.o)
 .debug_info    0x000063a8      0x2fb C:/Program Files/Microchip/xc32/v5.00/bin/bin/../../lib/gcc/pic32c/13.2.1/../../../../pic32c/lib/thumb/v7e-m+dp/hard\libc-musl.a(__libc_start_main.o)
 .debug_info    0x000066a3      0x276 C:/Program Files/Microchip/xc32/v5.00/bin/bin/../../lib/gcc/pic32c/13.2.1/../../../../pic32c/lib/thumb/v7e-m+dp/hard\libc-musl.a(libc.o)
 .debug_info    0x00006919      0x1bb C:/Program Files/Microchip/xc32/v5.00/bin/bin/../../lib/gcc/pic32c/13.2.1/../../../../pic32c/lib/thumb/v7e-m+dp/hard\libc-musl.a(__sio_printf_cns.o)
 .debug_info    0x00006ad4      0x2e3 C:/Program Files/Microchip/xc32/v5.00/bin/bin/../../lib/gcc/pic32c/13.2.1/../../../../pic32c/lib/thumb/v7e-m+dp/hard\libc-musl.a(__fmt_s.o)
 .debug_info    0x00006db7      0x187 C:/Program Files/Microchip/xc32/v5.00/bin/bin/../../lib/gcc/pic32c/13.2.1/../../../../pic32c/lib/thumb/v7e-m+dp/hard\libc-musl.a(__pop_ptr.o)
 .debug_info    0x00006f3e      0xaff C:/Program Files/Microchip/xc32/v5.00/bin/bin/../../lib/gcc/pic32c/13.2.1/../../../../pic32c/lib/thumb/v7e-m+dp/hard\libc-musl.a(__printf_core.o)
 .debug_info    0x00007a3d      0x424 C:/Program Files/Microchip/xc32/v5.00/bin/bin/../../lib/gcc/pic32c/13.2.1/../../../../pic32c/lib/thumb/v7e-m+dp/hard\libc-musl.a(stdin.o)
 .debug_info    0x00007e61      0x1e6 C:/Program Files/Microchip/xc32/v5.00/bin/bin/../../lib/gcc/pic32c/13.2.1/../../../../pic32c/lib/thumb/v7e-m+dp/hard\libc-musl.a(stdout.o)
 .debug_info    0x00008047      0x3ce C:/Program Files/Microchip/xc32/v5.00/bin/bin/../../lib/gcc/pic32c/13.2.1/../../../../pic32c/lib/thumb/v7e-m+dp/hard\libc-musl.a(puts.o)
 .debug_info    0x00008415      0x121 C:/Program Files/Microchip/xc32/v5.00/bin/bin/../../lib/gcc/pic32c/13.2.1/../../../../pic32c/lib/thumb/v7e-m+dp/hard\libc-musl.a(setbuf.o)
 .debug_info    0x00008536       0xef C:/Program Files/Microchip/xc32/v5.00/bin/bin/../../lib/gcc/pic32c/13.2.1/../../../../pic32c/lib/thumb/v7e-m+dp/hard\libc-musl.a(atoi.o)
 .debug_info    0x00008625      0x138 C:/Program Files/Microchip/xc32/v5.00/bin/bin/../../lib/gcc/pic32c/13.2.1/../../../../pic32c/lib/thumb/v7e-m+dp/hard\libc-musl.a(tolower.o)
 .debug_info    0x0000875d       0x97 C:/Program Files/Microchip/xc32/v5.00/bin/bin/../../lib/gcc/pic32c/13.2.1/../../../../pic32c/lib/thumb/v7e-m+dp/hard\libc-musl.a(__environ.o)
 .debug_info    0x000087f4       0x5b C:/Program Files/Microchip/xc32/v5.00/bin/bin/../../lib/gcc/pic32c/13.2.1/../../../../pic32c/lib/thumb/v7e-m+dp/hard\libc-musl.a(__errno_location.o)
 .debug_info    0x0000884f      0x21c C:/Program Files/Microchip/xc32/v5.00/bin/bin/../../lib/gcc/pic32c/13.2.1/../../../../pic32c/lib/thumb/v7e-m+dp/hard\libc-musl.a(__int_vfprintf.o)
 .debug_info    0x00008a6b      0x3de C:/Program Files/Microchip/xc32/v5.00/bin/bin/../../lib/gcc/pic32c/13.2.1/../../../../pic32c/lib/thumb/v7e-m+dp/hard\libc-musl.a(fputs.o)
 .debug_info    0x00008e49      0x162 C:/Program Files/Microchip/xc32/v5.00/bin/bin/../../lib/gcc/pic32c/13.2.1/../../../../pic32c/lib/thumb/v7e-m+dp/hard\libc-musl.a(__pop_float.o)
 .debug_info    0x00008fab      0x183 C:/Program Files/Microchip/xc32/v5.00/bin/bin/../../lib/gcc/pic32c/13.2.1/../../../../pic32c/lib/thumb/v7e-m+dp/hard\libc-musl.a(__pop_int.o)
 .debug_info    0x0000912e      0x40b C:/Program Files/Microchip/xc32/v5.00/bin/bin/../../lib/gcc/pic32c/13.2.1/../../../../pic32c/lib/thumb/v7e-m+dp/hard\libc-musl.a(__stdio_read.o)
 .debug_info    0x00009539      0x331 C:/Program Files/Microchip/xc32/v5.00/bin/bin/../../lib/gcc/pic32c/13.2.1/../../../../pic32c/lib/thumb/v7e-m+dp/hard\libc-musl.a(__towrite_rw.o)
 .debug_info    0x0000986a      0x290 C:/Program Files/Microchip/xc32/v5.00/bin/bin/../../lib/gcc/pic32c/13.2.1/../../../../pic32c/lib/thumb/v7e-m+dp/hard\libc-musl.a(fwrite.o)
 .debug_info    0x00009afa      0x247 C:/Program Files/Microchip/xc32/v5.00/bin/bin/../../lib/gcc/pic32c/13.2.1/../../../../pic32c/lib/thumb/v7e-m+dp/hard\libc-musl.a(putc.o)
 .debug_info    0x00009d41      0x2ea C:/Program Files/Microchip/xc32/v5.00/bin/bin/../../lib/gcc/pic32c/13.2.1/../../../../pic32c/lib/thumb/v7e-m+dp/hard\libc-musl.a(setvbuf.o)
 .debug_info    0x0000a02b      0x162 C:/Program Files/Microchip/xc32/v5.00/bin/bin/../../lib/gcc/pic32c/13.2.1/../../../../pic32c/lib/thumb/v7e-m+dp/hard\libc-musl.a(readv.o)
 .debug_info    0x0000a18d       0xc3 C:/Program Files/Microchip/xc32/v5.00/bin/bin/../../lib/gcc/pic32c/13.2.1/../../../../pic32c/lib/thumb/v7e-m+dp/hard\libc-musl.a(__init_stdio.o)
 .debug_info    0x0000a250      0x301 C:/Program Files/Microchip/xc32/v5.00/bin/bin/../../lib/gcc/pic32c/13.2.1/../../../../pic32c/lib/thumb/v7e-m+dp/hard\libc-musl.a(__out.o)
 .debug_info    0x0000a551      0x2c3 C:/Program Files/Microchip/xc32/v5.00/bin/bin/../../lib/gcc/pic32c/13.2.1/../../../../pic32c/lib/thumb/v7e-m+dp/hard\libc-musl.a(__putc.o)
 .debug_info    0x0000a814      0x3e7 C:/Program Files/Microchip/xc32/v5.00/bin/bin/../../lib/gcc/pic32c/13.2.1/../../../../pic32c/lib/thumb/v7e-m+dp/hard\libc-musl.a(__stderr.o)
 .debug_info    0x0000abfb      0x41b C:/Program Files/Microchip/xc32/v5.00/bin/bin/../../lib/gcc/pic32c/13.2.1/../../../../pic32c/lib/thumb/v7e-m+dp/hard\libc-musl.a(__stdio_close.o)
 .debug_info    0x0000b016      0x485 C:/Program Files/Microchip/xc32/v5.00/bin/bin/../../lib/gcc/pic32c/13.2.1/../../../../pic32c/lib/thumb/v7e-m+dp/hard\libc-musl.a(__stdio_write.o)
 .debug_info    0x0000b49b      0x3e7 C:/Program Files/Microchip/xc32/v5.00/bin/bin/../../lib/gcc/pic32c/13.2.1/../../../../pic32c/lib/thumb/v7e-m+dp/hard\libc-musl.a(__stdout.o)
 .debug_info    0x0000b882      0x275 C:/Program Files/Microchip/xc32/v5.00/bin/bin/../../lib/gcc/pic32c/13.2.1/../../../../pic32c/lib/thumb/v7e-m+dp/hard\libc-musl.a(__towrite.o)
 .debug_info    0x0000baf7      0x169 C:/Program Files/Microchip/xc32/v5.00/bin/bin/../../lib/gcc/pic32c/13.2.1/../../../../pic32c/lib/thumb/v7e-m+dp/hard\libc-musl.a(writev.o)
 .debug_info    0x0000bc60      0x38f C:/Program Files/Microchip/xc32/v5.00/bin/bin/../../lib/gcc/pic32c/13.2.1/../../../../pic32c/lib/thumb/v7e-m+dp/hard\libc-musl.a(__overflow.o)
 .debug_info    0x0000bfef      0x2f0 C:/Program Files/Microchip/xc32/v5.00/bin/bin/../../lib/gcc/pic32c/13.2.1/../../../../pic32c/lib/thumb/v7e-m+dp/hard\libc-musl.a(__fwrite.o)
 .debug_info    0x0000c2df       0xa6 C:/Program Files/Microchip/xc32/v5.00/bin/bin/../../lib/gcc/pic32c/13.2.1/../../../../pic32c/lib/thumb/v7e-m+dp/hard\libpic32c.a(close.o)
 .debug_info    0x0000c385       0xbc C:/Program Files/Microchip/xc32/v5.00/bin/bin/../../lib/gcc/pic32c/13.2.1/../../../../pic32c/lib/thumb/v7e-m+dp/hard\libpic32c.a(lseek.o)
 .debug_info    0x0000c441       0xff C:/Program Files/Microchip/xc32/v5.00/bin/bin/../../lib/gcc/pic32c/13.2.1/../../../../pic32c/lib/thumb/v7e-m+dp/hard\libc-size-musl.a(memcpy.o)
 .debug_info    0x0000c540       0xc2 C:/Program Files/Microchip/xc32/v5.00/bin/bin/../../lib/gcc/pic32c/13.2.1/../../../../pic32c/lib/thumb/v7e-m+dp/hard\libc-size-musl.a(memset.o)
 .debug_info    0x0000c602       0xab C:/Program Files/Microchip/xc32/v5.00/bin/bin/../../lib/gcc/pic32c/13.2.1/../../../../pic32c/lib/thumb/v7e-m+dp/hard\libc-size-musl.a(strlen.o)
 .debug_info    0x0000c6ad      0x1dc C:/Program Files/Microchip/xc32/v5.00/bin/bin/../../lib/gcc/pic32c/13.2.1/../../../../pic32c/lib/thumb/v7e-m+dp/hard\liblmalloc-musl.a(lite_malloc.o)
 .debug_info    0x0000c889      0x26f C:/Program Files/Microchip/xc32/v5.00/bin/bin/../../lib/gcc/pic32c/13.2.1/../../../../pic32c/lib/thumb/v7e-m+dp/hard\liblmalloc-musl.a(lite_free.o)
 .debug_info    0x0000caf8      0x115 C:/Program Files/Microchip/xc32/v5.00/bin/bin/../../lib/gcc/pic32c/13.2.1/../../../../pic32c/lib/thumb/v7e-m+dp/hard\libc-musl.a(expand_heap.o)
 .debug_info    0x0000cc0d      0x186 C:/Program Files/Microchip/xc32/v5.00/bin/bin/../../lib/gcc/pic32c/13.2.1/../../../../pic32c/lib/thumb/v7e-m+dp/hard\libpic32c.a(sbrk.o)
 .debug_info    0x0000cd93      0x110 C:/Program Files/Microchip/xc32/v5.00/bin/bin/../../lib/gcc/pic32c/13.2.1/../../../../pic32c/lib/thumb/v7e-m+dp/hard\libpic32c.a(pic32_data_init_clear.o)
 .debug_info    0x0000cea3      0x126 C:/Program Files/Microchip/xc32/v5.00/bin/bin/../../lib/gcc/pic32c/13.2.1/../../../../pic32c/lib/thumb/v7e-m+dp/hard\libpic32c.a(pic32_data_init_copy.o)

.debug_abbrev   0x00000000     0x498e
 .debug_abbrev  0x00000000      0x1f0 build/default/production/_ext/60165520/plib_clk.o
 .debug_abbrev  0x000001f0      0x2a2 build/default/production/_ext/1818436620/plib_flexcom1_usart.o
 .debug_abbrev  0x00000492       0xb3 build/default/production/_ext/1666157715/plib_matrix.o
 .debug_abbrev  0x00000545      0x24d build/default/production/_ext/1865468468/plib_nvic.o
 .debug_abbrev  0x00000792      0x221 build/default/production/_ext/60177924/plib_pio.o
 .debug_abbrev  0x000009b3      0x105 build/default/production/_ext/163028504/xc32_monitor.o
 .debug_abbrev  0x00000ab8      0x16e build/default/production/_ext/1171490990/initialization.o
 .debug_abbrev  0x00000c26       0xd3 build/default/production/_ext/1171490990/interrupts.o
 .debug_abbrev  0x00000cf9       0x49 build/default/production/_ext/1171490990/exceptions.o
 .debug_abbrev  0x00000d42      0x287 build/default/production/_ext/1171490990/startup_xc32.o
 .debug_abbrev  0x00000fc9      0x19a build/default/production/_ext/1360937237/main.o
 .debug_abbrev  0x00001163      0x1bc build/default/production/_ext/328528262/default_function.o
 .debug_abbrev  0x0000131f      0x1b3 build/default/production/_ext/1863587092/plib_ip1553.o
 .debug_abbrev  0x000014d2      0x156 C:/Program Files/Microchip/xc32/v5.00/bin/bin/../../lib/gcc/pic32c/13.2.1/../../../../pic32c/lib/thumb/v7e-m+dp/hard\libpic32c.a(data_init.o)
 .debug_abbrev  0x00001628      0x133 C:/Program Files/Microchip/xc32/v5.00/bin/bin/../../lib/gcc/pic32c/13.2.1/../../../../pic32c/lib/thumb/v7e-m+dp/hard\libc-musl.a(__libc_start_main.o)
 .debug_abbrev  0x0000175b       0xd4 C:/Program Files/Microchip/xc32/v5.00/bin/bin/../../lib/gcc/pic32c/13.2.1/../../../../pic32c/lib/thumb/v7e-m+dp/hard\libc-musl.a(libc.o)
 .debug_abbrev  0x0000182f      0x16b C:/Program Files/Microchip/xc32/v5.00/bin/bin/../../lib/gcc/pic32c/13.2.1/../../../../pic32c/lib/thumb/v7e-m+dp/hard\libc-musl.a(__sio_printf_cns.o)
 .debug_abbrev  0x0000199a      0x15b C:/Program Files/Microchip/xc32/v5.00/bin/bin/../../lib/gcc/pic32c/13.2.1/../../../../pic32c/lib/thumb/v7e-m+dp/hard\libc-musl.a(__fmt_s.o)
 .debug_abbrev  0x00001af5       0xed C:/Program Files/Microchip/xc32/v5.00/bin/bin/../../lib/gcc/pic32c/13.2.1/../../../../pic32c/lib/thumb/v7e-m+dp/hard\libc-musl.a(__pop_ptr.o)
 .debug_abbrev  0x00001be2      0x33f C:/Program Files/Microchip/xc32/v5.00/bin/bin/../../lib/gcc/pic32c/13.2.1/../../../../pic32c/lib/thumb/v7e-m+dp/hard\libc-musl.a(__printf_core.o)
 .debug_abbrev  0x00001f21      0x1cc C:/Program Files/Microchip/xc32/v5.00/bin/bin/../../lib/gcc/pic32c/13.2.1/../../../../pic32c/lib/thumb/v7e-m+dp/hard\libc-musl.a(stdin.o)
 .debug_abbrev  0x000020ed      0x161 C:/Program Files/Microchip/xc32/v5.00/bin/bin/../../lib/gcc/pic32c/13.2.1/../../../../pic32c/lib/thumb/v7e-m+dp/hard\libc-musl.a(stdout.o)
 .debug_abbrev  0x0000224e      0x15a C:/Program Files/Microchip/xc32/v5.00/bin/bin/../../lib/gcc/pic32c/13.2.1/../../../../pic32c/lib/thumb/v7e-m+dp/hard\libc-musl.a(puts.o)
 .debug_abbrev  0x000023a8       0xc2 C:/Program Files/Microchip/xc32/v5.00/bin/bin/../../lib/gcc/pic32c/13.2.1/../../../../pic32c/lib/thumb/v7e-m+dp/hard\libc-musl.a(setbuf.o)
 .debug_abbrev  0x0000246a       0xc4 C:/Program Files/Microchip/xc32/v5.00/bin/bin/../../lib/gcc/pic32c/13.2.1/../../../../pic32c/lib/thumb/v7e-m+dp/hard\libc-musl.a(atoi.o)
 .debug_abbrev  0x0000252e      0x108 C:/Program Files/Microchip/xc32/v5.00/bin/bin/../../lib/gcc/pic32c/13.2.1/../../../../pic32c/lib/thumb/v7e-m+dp/hard\libc-musl.a(tolower.o)
 .debug_abbrev  0x00002636       0x62 C:/Program Files/Microchip/xc32/v5.00/bin/bin/../../lib/gcc/pic32c/13.2.1/../../../../pic32c/lib/thumb/v7e-m+dp/hard\libc-musl.a(__environ.o)
 .debug_abbrev  0x00002698       0x39 C:/Program Files/Microchip/xc32/v5.00/bin/bin/../../lib/gcc/pic32c/13.2.1/../../../../pic32c/lib/thumb/v7e-m+dp/hard\libc-musl.a(__errno_location.o)
 .debug_abbrev  0x000026d1      0x13a C:/Program Files/Microchip/xc32/v5.00/bin/bin/../../lib/gcc/pic32c/13.2.1/../../../../pic32c/lib/thumb/v7e-m+dp/hard\libc-musl.a(__int_vfprintf.o)
 .debug_abbrev  0x0000280b      0x14c C:/Program Files/Microchip/xc32/v5.00/bin/bin/../../lib/gcc/pic32c/13.2.1/../../../../pic32c/lib/thumb/v7e-m+dp/hard\libc-musl.a(fputs.o)
 .debug_abbrev  0x00002957       0xdc C:/Program Files/Microchip/xc32/v5.00/bin/bin/../../lib/gcc/pic32c/13.2.1/../../../../pic32c/lib/thumb/v7e-m+dp/hard\libc-musl.a(__pop_float.o)
 .debug_abbrev  0x00002a33       0xdc C:/Program Files/Microchip/xc32/v5.00/bin/bin/../../lib/gcc/pic32c/13.2.1/../../../../pic32c/lib/thumb/v7e-m+dp/hard\libc-musl.a(__pop_int.o)
 .debug_abbrev  0x00002b0f      0x176 C:/Program Files/Microchip/xc32/v5.00/bin/bin/../../lib/gcc/pic32c/13.2.1/../../../../pic32c/lib/thumb/v7e-m+dp/hard\libc-musl.a(__stdio_read.o)
 .debug_abbrev  0x00002c85       0xf8 C:/Program Files/Microchip/xc32/v5.00/bin/bin/../../lib/gcc/pic32c/13.2.1/../../../../pic32c/lib/thumb/v7e-m+dp/hard\libc-musl.a(__towrite_rw.o)
 .debug_abbrev  0x00002d7d      0x149 C:/Program Files/Microchip/xc32/v5.00/bin/bin/../../lib/gcc/pic32c/13.2.1/../../../../pic32c/lib/thumb/v7e-m+dp/hard\libc-musl.a(fwrite.o)
 .debug_abbrev  0x00002ec6      0x16a C:/Program Files/Microchip/xc32/v5.00/bin/bin/../../lib/gcc/pic32c/13.2.1/../../../../pic32c/lib/thumb/v7e-m+dp/hard\libc-musl.a(putc.o)
 .debug_abbrev  0x00003030      0x155 C:/Program Files/Microchip/xc32/v5.00/bin/bin/../../lib/gcc/pic32c/13.2.1/../../../../pic32c/lib/thumb/v7e-m+dp/hard\libc-musl.a(setvbuf.o)
 .debug_abbrev  0x00003185      0x101 C:/Program Files/Microchip/xc32/v5.00/bin/bin/../../lib/gcc/pic32c/13.2.1/../../../../pic32c/lib/thumb/v7e-m+dp/hard\libc-musl.a(readv.o)
 .debug_abbrev  0x00003286       0x65 C:/Program Files/Microchip/xc32/v5.00/bin/bin/../../lib/gcc/pic32c/13.2.1/../../../../pic32c/lib/thumb/v7e-m+dp/hard\libc-musl.a(__init_stdio.o)
 .debug_abbrev  0x000032eb      0x192 C:/Program Files/Microchip/xc32/v5.00/bin/bin/../../lib/gcc/pic32c/13.2.1/../../../../pic32c/lib/thumb/v7e-m+dp/hard\libc-musl.a(__out.o)
 .debug_abbrev  0x0000347d      0x110 C:/Program Files/Microchip/xc32/v5.00/bin/bin/../../lib/gcc/pic32c/13.2.1/../../../../pic32c/lib/thumb/v7e-m+dp/hard\libc-musl.a(__putc.o)
 .debug_abbrev  0x0000358d      0x197 C:/Program Files/Microchip/xc32/v5.00/bin/bin/../../lib/gcc/pic32c/13.2.1/../../../../pic32c/lib/thumb/v7e-m+dp/hard\libc-musl.a(__stderr.o)
 .debug_abbrev  0x00003724      0x171 C:/Program Files/Microchip/xc32/v5.00/bin/bin/../../lib/gcc/pic32c/13.2.1/../../../../pic32c/lib/thumb/v7e-m+dp/hard\libc-musl.a(__stdio_close.o)
 .debug_abbrev  0x00003895      0x1c5 C:/Program Files/Microchip/xc32/v5.00/bin/bin/../../lib/gcc/pic32c/13.2.1/../../../../pic32c/lib/thumb/v7e-m+dp/hard\libc-musl.a(__stdio_write.o)
 .debug_abbrev  0x00003a5a      0x197 C:/Program Files/Microchip/xc32/v5.00/bin/bin/../../lib/gcc/pic32c/13.2.1/../../../../pic32c/lib/thumb/v7e-m+dp/hard\libc-musl.a(__stdout.o)
 .debug_abbrev  0x00003bf1      0x114 C:/Program Files/Microchip/xc32/v5.00/bin/bin/../../lib/gcc/pic32c/13.2.1/../../../../pic32c/lib/thumb/v7e-m+dp/hard\libc-musl.a(__towrite.o)
 .debug_abbrev  0x00003d05      0x106 C:/Program Files/Microchip/xc32/v5.00/bin/bin/../../lib/gcc/pic32c/13.2.1/../../../../pic32c/lib/thumb/v7e-m+dp/hard\libc-musl.a(writev.o)
 .debug_abbrev  0x00003e0b      0x142 C:/Program Files/Microchip/xc32/v5.00/bin/bin/../../lib/gcc/pic32c/13.2.1/../../../../pic32c/lib/thumb/v7e-m+dp/hard\libc-musl.a(__overflow.o)
 .debug_abbrev  0x00003f4d      0x142 C:/Program Files/Microchip/xc32/v5.00/bin/bin/../../lib/gcc/pic32c/13.2.1/../../../../pic32c/lib/thumb/v7e-m+dp/hard\libc-musl.a(__fwrite.o)
 .debug_abbrev  0x0000408f       0x81 C:/Program Files/Microchip/xc32/v5.00/bin/bin/../../lib/gcc/pic32c/13.2.1/../../../../pic32c/lib/thumb/v7e-m+dp/hard\libpic32c.a(close.o)
 .debug_abbrev  0x00004110       0x92 C:/Program Files/Microchip/xc32/v5.00/bin/bin/../../lib/gcc/pic32c/13.2.1/../../../../pic32c/lib/thumb/v7e-m+dp/hard\libpic32c.a(lseek.o)
 .debug_abbrev  0x000041a2       0xaa C:/Program Files/Microchip/xc32/v5.00/bin/bin/../../lib/gcc/pic32c/13.2.1/../../../../pic32c/lib/thumb/v7e-m+dp/hard\libc-size-musl.a(memcpy.o)
 .debug_abbrev  0x0000424c       0xa2 C:/Program Files/Microchip/xc32/v5.00/bin/bin/../../lib/gcc/pic32c/13.2.1/../../../../pic32c/lib/thumb/v7e-m+dp/hard\libc-size-musl.a(memset.o)
 .debug_abbrev  0x000042ee       0x91 C:/Program Files/Microchip/xc32/v5.00/bin/bin/../../lib/gcc/pic32c/13.2.1/../../../../pic32c/lib/thumb/v7e-m+dp/hard\libc-size-musl.a(strlen.o)
 .debug_abbrev  0x0000437f      0x13d C:/Program Files/Microchip/xc32/v5.00/bin/bin/../../lib/gcc/pic32c/13.2.1/../../../../pic32c/lib/thumb/v7e-m+dp/hard\liblmalloc-musl.a(lite_malloc.o)
 .debug_abbrev  0x000044bc      0x195 C:/Program Files/Microchip/xc32/v5.00/bin/bin/../../lib/gcc/pic32c/13.2.1/../../../../pic32c/lib/thumb/v7e-m+dp/hard\liblmalloc-musl.a(lite_free.o)
 .debug_abbrev  0x00004651       0xcc C:/Program Files/Microchip/xc32/v5.00/bin/bin/../../lib/gcc/pic32c/13.2.1/../../../../pic32c/lib/thumb/v7e-m+dp/hard\libc-musl.a(expand_heap.o)
 .debug_abbrev  0x0000471d      0x105 C:/Program Files/Microchip/xc32/v5.00/bin/bin/../../lib/gcc/pic32c/13.2.1/../../../../pic32c/lib/thumb/v7e-m+dp/hard\libpic32c.a(sbrk.o)
 .debug_abbrev  0x00004822       0xa2 C:/Program Files/Microchip/xc32/v5.00/bin/bin/../../lib/gcc/pic32c/13.2.1/../../../../pic32c/lib/thumb/v7e-m+dp/hard\libpic32c.a(pic32_data_init_clear.o)
 .debug_abbrev  0x000048c4       0xca C:/Program Files/Microchip/xc32/v5.00/bin/bin/../../lib/gcc/pic32c/13.2.1/../../../../pic32c/lib/thumb/v7e-m+dp/hard\libpic32c.a(pic32_data_init_copy.o)

.debug_loc      0x00000000     0x4a95
 .debug_loc     0x00000000      0x1f3 build/default/production/_ext/60165520/plib_clk.o
 .debug_loc     0x000001f3      0xa86 build/default/production/_ext/1818436620/plib_flexcom1_usart.o
 .debug_loc     0x00000c79      0x228 build/default/production/_ext/1865468468/plib_nvic.o
 .debug_loc     0x00000ea1      0x3f0 build/default/production/_ext/60177924/plib_pio.o
 .debug_loc     0x00001291      0x1e7 build/default/production/_ext/163028504/xc32_monitor.o
 .debug_loc     0x00001478       0x4b build/default/production/_ext/1171490990/initialization.o
 .debug_loc     0x000014c3      0x23d build/default/production/_ext/1171490990/startup_xc32.o
 .debug_loc     0x00001700       0xf0 build/default/production/_ext/1360937237/main.o
 .debug_loc     0x000017f0      0x22e build/default/production/_ext/328528262/default_function.o
 .debug_loc     0x00001a1e      0x21b build/default/production/_ext/1863587092/plib_ip1553.o
 .debug_loc     0x00001c39      0x113 C:/Program Files/Microchip/xc32/v5.00/bin/bin/../../lib/gcc/pic32c/13.2.1/../../../../pic32c/lib/thumb/v7e-m+dp/hard\libpic32c.a(data_init.o)
 .debug_loc     0x00001d4c       0x51 C:/Program Files/Microchip/xc32/v5.00/bin/bin/../../lib/gcc/pic32c/13.2.1/../../../../pic32c/lib/thumb/v7e-m+dp/hard\libc-musl.a(__libc_start_main.o)
 .debug_loc     0x00001d9d       0x91 C:/Program Files/Microchip/xc32/v5.00/bin/bin/../../lib/gcc/pic32c/13.2.1/../../../../pic32c/lib/thumb/v7e-m+dp/hard\libc-musl.a(__sio_printf_cns.o)
 .debug_loc     0x00001e2e      0x17b C:/Program Files/Microchip/xc32/v5.00/bin/bin/../../lib/gcc/pic32c/13.2.1/../../../../pic32c/lib/thumb/v7e-m+dp/hard\libc-musl.a(__fmt_s.o)
 .debug_loc     0x00001fa9      0x157 C:/Program Files/Microchip/xc32/v5.00/bin/bin/../../lib/gcc/pic32c/13.2.1/../../../../pic32c/lib/thumb/v7e-m+dp/hard\libc-musl.a(__pop_ptr.o)
 .debug_loc     0x00002100      0x5f4 C:/Program Files/Microchip/xc32/v5.00/bin/bin/../../lib/gcc/pic32c/13.2.1/../../../../pic32c/lib/thumb/v7e-m+dp/hard\libc-musl.a(__printf_core.o)
 .debug_loc     0x000026f4       0x2b C:/Program Files/Microchip/xc32/v5.00/bin/bin/../../lib/gcc/pic32c/13.2.1/../../../../pic32c/lib/thumb/v7e-m+dp/hard\libc-musl.a(stdin.o)
 .debug_loc     0x0000271f       0x20 C:/Program Files/Microchip/xc32/v5.00/bin/bin/../../lib/gcc/pic32c/13.2.1/../../../../pic32c/lib/thumb/v7e-m+dp/hard\libc-musl.a(stdout.o)
 .debug_loc     0x0000273f       0x70 C:/Program Files/Microchip/xc32/v5.00/bin/bin/../../lib/gcc/pic32c/13.2.1/../../../../pic32c/lib/thumb/v7e-m+dp/hard\libc-musl.a(puts.o)
 .debug_loc     0x000027af       0x56 C:/Program Files/Microchip/xc32/v5.00/bin/bin/../../lib/gcc/pic32c/13.2.1/../../../../pic32c/lib/thumb/v7e-m+dp/hard\libc-musl.a(setbuf.o)
 .debug_loc     0x00002805       0x9e C:/Program Files/Microchip/xc32/v5.00/bin/bin/../../lib/gcc/pic32c/13.2.1/../../../../pic32c/lib/thumb/v7e-m+dp/hard\libc-musl.a(atoi.o)
 .debug_loc     0x000028a3       0x50 C:/Program Files/Microchip/xc32/v5.00/bin/bin/../../lib/gcc/pic32c/13.2.1/../../../../pic32c/lib/thumb/v7e-m+dp/hard\libc-musl.a(tolower.o)
 .debug_loc     0x000028f3       0xa3 C:/Program Files/Microchip/xc32/v5.00/bin/bin/../../lib/gcc/pic32c/13.2.1/../../../../pic32c/lib/thumb/v7e-m+dp/hard\libc-musl.a(__int_vfprintf.o)
 .debug_loc     0x00002996       0x93 C:/Program Files/Microchip/xc32/v5.00/bin/bin/../../lib/gcc/pic32c/13.2.1/../../../../pic32c/lib/thumb/v7e-m+dp/hard\libc-musl.a(fputs.o)
 .debug_loc     0x00002a29       0xa4 C:/Program Files/Microchip/xc32/v5.00/bin/bin/../../lib/gcc/pic32c/13.2.1/../../../../pic32c/lib/thumb/v7e-m+dp/hard\libc-musl.a(__pop_float.o)
 .debug_loc     0x00002acd      0x36f C:/Program Files/Microchip/xc32/v5.00/bin/bin/../../lib/gcc/pic32c/13.2.1/../../../../pic32c/lib/thumb/v7e-m+dp/hard\libc-musl.a(__pop_int.o)
 .debug_loc     0x00002e3c      0x179 C:/Program Files/Microchip/xc32/v5.00/bin/bin/../../lib/gcc/pic32c/13.2.1/../../../../pic32c/lib/thumb/v7e-m+dp/hard\libc-musl.a(__stdio_read.o)
 .debug_loc     0x00002fb5       0x2b C:/Program Files/Microchip/xc32/v5.00/bin/bin/../../lib/gcc/pic32c/13.2.1/../../../../pic32c/lib/thumb/v7e-m+dp/hard\libc-musl.a(__towrite_rw.o)
 .debug_loc     0x00002fe0      0x192 C:/Program Files/Microchip/xc32/v5.00/bin/bin/../../lib/gcc/pic32c/13.2.1/../../../../pic32c/lib/thumb/v7e-m+dp/hard\libc-musl.a(fwrite.o)
 .debug_loc     0x00003172      0x134 C:/Program Files/Microchip/xc32/v5.00/bin/bin/../../lib/gcc/pic32c/13.2.1/../../../../pic32c/lib/thumb/v7e-m+dp/hard\libc-musl.a(putc.o)
 .debug_loc     0x000032a6       0xea C:/Program Files/Microchip/xc32/v5.00/bin/bin/../../lib/gcc/pic32c/13.2.1/../../../../pic32c/lib/thumb/v7e-m+dp/hard\libc-musl.a(setvbuf.o)
 .debug_loc     0x00003390       0xf1 C:/Program Files/Microchip/xc32/v5.00/bin/bin/../../lib/gcc/pic32c/13.2.1/../../../../pic32c/lib/thumb/v7e-m+dp/hard\libc-musl.a(readv.o)
 .debug_loc     0x00003481       0x20 C:/Program Files/Microchip/xc32/v5.00/bin/bin/../../lib/gcc/pic32c/13.2.1/../../../../pic32c/lib/thumb/v7e-m+dp/hard\libc-musl.a(__init_stdio.o)
 .debug_loc     0x000034a1      0x1fd C:/Program Files/Microchip/xc32/v5.00/bin/bin/../../lib/gcc/pic32c/13.2.1/../../../../pic32c/lib/thumb/v7e-m+dp/hard\libc-musl.a(__out.o)
 .debug_loc     0x0000369e      0x12c C:/Program Files/Microchip/xc32/v5.00/bin/bin/../../lib/gcc/pic32c/13.2.1/../../../../pic32c/lib/thumb/v7e-m+dp/hard\libc-musl.a(__putc.o)
 .debug_loc     0x000037ca       0x2b C:/Program Files/Microchip/xc32/v5.00/bin/bin/../../lib/gcc/pic32c/13.2.1/../../../../pic32c/lib/thumb/v7e-m+dp/hard\libc-musl.a(__stderr.o)
 .debug_loc     0x000037f5      0x220 C:/Program Files/Microchip/xc32/v5.00/bin/bin/../../lib/gcc/pic32c/13.2.1/../../../../pic32c/lib/thumb/v7e-m+dp/hard\libc-musl.a(__stdio_close.o)
 .debug_loc     0x00003a15      0x317 C:/Program Files/Microchip/xc32/v5.00/bin/bin/../../lib/gcc/pic32c/13.2.1/../../../../pic32c/lib/thumb/v7e-m+dp/hard\libc-musl.a(__stdio_write.o)
 .debug_loc     0x00003d2c       0x2b C:/Program Files/Microchip/xc32/v5.00/bin/bin/../../lib/gcc/pic32c/13.2.1/../../../../pic32c/lib/thumb/v7e-m+dp/hard\libc-musl.a(__stdout.o)
 .debug_loc     0x00003d57       0x82 C:/Program Files/Microchip/xc32/v5.00/bin/bin/../../lib/gcc/pic32c/13.2.1/../../../../pic32c/lib/thumb/v7e-m+dp/hard\libc-musl.a(__towrite.o)
 .debug_loc     0x00003dd9       0xf1 C:/Program Files/Microchip/xc32/v5.00/bin/bin/../../lib/gcc/pic32c/13.2.1/../../../../pic32c/lib/thumb/v7e-m+dp/hard\libc-musl.a(writev.o)
 .debug_loc     0x00003eca       0xc2 C:/Program Files/Microchip/xc32/v5.00/bin/bin/../../lib/gcc/pic32c/13.2.1/../../../../pic32c/lib/thumb/v7e-m+dp/hard\libc-musl.a(__overflow.o)
 .debug_loc     0x00003f8c      0x12e C:/Program Files/Microchip/xc32/v5.00/bin/bin/../../lib/gcc/pic32c/13.2.1/../../../../pic32c/lib/thumb/v7e-m+dp/hard\libc-musl.a(__fwrite.o)
 .debug_loc     0x000040ba       0x2b C:/Program Files/Microchip/xc32/v5.00/bin/bin/../../lib/gcc/pic32c/13.2.1/../../../../pic32c/lib/thumb/v7e-m+dp/hard\libpic32c.a(close.o)
 .debug_loc     0x000040e5       0x2b C:/Program Files/Microchip/xc32/v5.00/bin/bin/../../lib/gcc/pic32c/13.2.1/../../../../pic32c/lib/thumb/v7e-m+dp/hard\libpic32c.a(lseek.o)
 .debug_loc     0x00004110      0x10b C:/Program Files/Microchip/xc32/v5.00/bin/bin/../../lib/gcc/pic32c/13.2.1/../../../../pic32c/lib/thumb/v7e-m+dp/hard\libc-size-musl.a(memcpy.o)
 .debug_loc     0x0000421b       0xa5 C:/Program Files/Microchip/xc32/v5.00/bin/bin/../../lib/gcc/pic32c/13.2.1/../../../../pic32c/lib/thumb/v7e-m+dp/hard\libc-size-musl.a(memset.o)
 .debug_loc     0x000042c0       0xaf C:/Program Files/Microchip/xc32/v5.00/bin/bin/../../lib/gcc/pic32c/13.2.1/../../../../pic32c/lib/thumb/v7e-m+dp/hard\libc-size-musl.a(strlen.o)
 .debug_loc     0x0000436f      0x13c C:/Program Files/Microchip/xc32/v5.00/bin/bin/../../lib/gcc/pic32c/13.2.1/../../../../pic32c/lib/thumb/v7e-m+dp/hard\liblmalloc-musl.a(lite_malloc.o)
 .debug_loc     0x000044ab      0x326 C:/Program Files/Microchip/xc32/v5.00/bin/bin/../../lib/gcc/pic32c/13.2.1/../../../../pic32c/lib/thumb/v7e-m+dp/hard\liblmalloc-musl.a(lite_free.o)
 .debug_loc     0x000047d1       0x82 C:/Program Files/Microchip/xc32/v5.00/bin/bin/../../lib/gcc/pic32c/13.2.1/../../../../pic32c/lib/thumb/v7e-m+dp/hard\libc-musl.a(expand_heap.o)
 .debug_loc     0x00004853       0xbd C:/Program Files/Microchip/xc32/v5.00/bin/bin/../../lib/gcc/pic32c/13.2.1/../../../../pic32c/lib/thumb/v7e-m+dp/hard\libpic32c.a(sbrk.o)
 .debug_loc     0x00004910       0x94 C:/Program Files/Microchip/xc32/v5.00/bin/bin/../../lib/gcc/pic32c/13.2.1/../../../../pic32c/lib/thumb/v7e-m+dp/hard\libpic32c.a(pic32_data_init_clear.o)
 .debug_loc     0x000049a4       0xf1 C:/Program Files/Microchip/xc32/v5.00/bin/bin/../../lib/gcc/pic32c/13.2.1/../../../../pic32c/lib/thumb/v7e-m+dp/hard\libpic32c.a(pic32_data_init_copy.o)

.debug_aranges  0x00000000      0x9e8
 .debug_aranges
                0x00000000       0x20 build/default/production/_ext/60165520/plib_clk.o
 .debug_aranges
                0x00000020       0x70 build/default/production/_ext/1818436620/plib_flexcom1_usart.o
 .debug_aranges
                0x00000090       0x20 build/default/production/_ext/1666157715/plib_matrix.o
 .debug_aranges
                0x000000b0       0x48 build/default/production/_ext/1865468468/plib_nvic.o
 .debug_aranges
                0x000000f8       0x80 build/default/production/_ext/60177924/plib_pio.o
 .debug_aranges
                0x00000178       0x28 build/default/production/_ext/163028504/xc32_monitor.o
 .debug_aranges
                0x000001a0       0x20 build/default/production/_ext/1171490990/initialization.o
 .debug_aranges
                0x000001c0       0x20 build/default/production/_ext/1171490990/interrupts.o
 .debug_aranges
                0x000001e0       0x48 build/default/production/_ext/1171490990/exceptions.o
 .debug_aranges
                0x00000228       0x30 build/default/production/_ext/1171490990/startup_xc32.o
 .debug_aranges
                0x00000258       0x20 build/default/production/_ext/1360937237/main.o
 .debug_aranges
                0x00000278       0x38 build/default/production/_ext/328528262/default_function.o
 .debug_aranges
                0x000002b0       0x70 build/default/production/_ext/1863587092/plib_ip1553.o
 .debug_aranges
                0x00000320       0x30 C:/Program Files/Microchip/xc32/v5.00/bin/bin/../../lib/gcc/pic32c/13.2.1/../../../../pic32c/lib/thumb/v7e-m+dp/hard\libpic32c.a(data_init.o)
 .debug_aranges
                0x00000350       0x28 C:/Program Files/Microchip/xc32/v5.00/bin/bin/../../lib/gcc/pic32c/13.2.1/../../../../pic32c/lib/thumb/v7e-m+dp/hard\libc-musl.a(__libc_start_main.o)
 .debug_aranges
                0x00000378       0x18 C:/Program Files/Microchip/xc32/v5.00/bin/bin/../../lib/gcc/pic32c/13.2.1/../../../../pic32c/lib/thumb/v7e-m+dp/hard\libc-musl.a(libc.o)
 .debug_aranges
                0x00000390       0x28 C:/Program Files/Microchip/xc32/v5.00/bin/bin/../../lib/gcc/pic32c/13.2.1/../../../../pic32c/lib/thumb/v7e-m+dp/hard\libc-musl.a(__sio_printf_cns.o)
 .debug_aranges
                0x000003b8       0x20 C:/Program Files/Microchip/xc32/v5.00/bin/bin/../../lib/gcc/pic32c/13.2.1/../../../../pic32c/lib/thumb/v7e-m+dp/hard\libc-musl.a(__fmt_s.o)
 .debug_aranges
                0x000003d8       0x20 C:/Program Files/Microchip/xc32/v5.00/bin/bin/../../lib/gcc/pic32c/13.2.1/../../../../pic32c/lib/thumb/v7e-m+dp/hard\libc-musl.a(__pop_ptr.o)
 .debug_aranges
                0x000003f8       0x50 C:/Program Files/Microchip/xc32/v5.00/bin/bin/../../lib/gcc/pic32c/13.2.1/../../../../pic32c/lib/thumb/v7e-m+dp/hard\libc-musl.a(__printf_core.o)
 .debug_aranges
                0x00000448       0x28 C:/Program Files/Microchip/xc32/v5.00/bin/bin/../../lib/gcc/pic32c/13.2.1/../../../../pic32c/lib/thumb/v7e-m+dp/hard\libc-musl.a(stdin.o)
 .debug_aranges
                0x00000470       0x30 C:/Program Files/Microchip/xc32/v5.00/bin/bin/../../lib/gcc/pic32c/13.2.1/../../../../pic32c/lib/thumb/v7e-m+dp/hard\libc-musl.a(stdout.o)
 .debug_aranges
                0x000004a0       0x20 C:/Program Files/Microchip/xc32/v5.00/bin/bin/../../lib/gcc/pic32c/13.2.1/../../../../pic32c/lib/thumb/v7e-m+dp/hard\libc-musl.a(puts.o)
 .debug_aranges
                0x000004c0       0x20 C:/Program Files/Microchip/xc32/v5.00/bin/bin/../../lib/gcc/pic32c/13.2.1/../../../../pic32c/lib/thumb/v7e-m+dp/hard\libc-musl.a(setbuf.o)
 .debug_aranges
                0x000004e0       0x20 C:/Program Files/Microchip/xc32/v5.00/bin/bin/../../lib/gcc/pic32c/13.2.1/../../../../pic32c/lib/thumb/v7e-m+dp/hard\libc-musl.a(atoi.o)
 .debug_aranges
                0x00000500       0x28 C:/Program Files/Microchip/xc32/v5.00/bin/bin/../../lib/gcc/pic32c/13.2.1/../../../../pic32c/lib/thumb/v7e-m+dp/hard\libc-musl.a(tolower.o)
 .debug_aranges
                0x00000528       0x18 C:/Program Files/Microchip/xc32/v5.00/bin/bin/../../lib/gcc/pic32c/13.2.1/../../../../pic32c/lib/thumb/v7e-m+dp/hard\libc-musl.a(__environ.o)
 .debug_aranges
                0x00000540       0x18 C:/Program Files/Microchip/xc32/v5.00/bin/bin/../../lib/gcc/pic32c/13.2.1/../../../../pic32c/lib/thumb/v7e-m+dp/hard\libc-musl.a(__errno_location.o)
 .debug_aranges
                0x00000558       0x20 C:/Program Files/Microchip/xc32/v5.00/bin/bin/../../lib/gcc/pic32c/13.2.1/../../../../pic32c/lib/thumb/v7e-m+dp/hard\libc-musl.a(__int_vfprintf.o)
 .debug_aranges
                0x00000578       0x20 C:/Program Files/Microchip/xc32/v5.00/bin/bin/../../lib/gcc/pic32c/13.2.1/../../../../pic32c/lib/thumb/v7e-m+dp/hard\libc-musl.a(fputs.o)
 .debug_aranges
                0x00000598       0x20 C:/Program Files/Microchip/xc32/v5.00/bin/bin/../../lib/gcc/pic32c/13.2.1/../../../../pic32c/lib/thumb/v7e-m+dp/hard\libc-musl.a(__pop_float.o)
 .debug_aranges
                0x000005b8       0x20 C:/Program Files/Microchip/xc32/v5.00/bin/bin/../../lib/gcc/pic32c/13.2.1/../../../../pic32c/lib/thumb/v7e-m+dp/hard\libc-musl.a(__pop_int.o)
 .debug_aranges
                0x000005d8       0x20 C:/Program Files/Microchip/xc32/v5.00/bin/bin/../../lib/gcc/pic32c/13.2.1/../../../../pic32c/lib/thumb/v7e-m+dp/hard\libc-musl.a(__stdio_read.o)
 .debug_aranges
                0x000005f8       0x20 C:/Program Files/Microchip/xc32/v5.00/bin/bin/../../lib/gcc/pic32c/13.2.1/../../../../pic32c/lib/thumb/v7e-m+dp/hard\libc-musl.a(__towrite_rw.o)
 .debug_aranges
                0x00000618       0x28 C:/Program Files/Microchip/xc32/v5.00/bin/bin/../../lib/gcc/pic32c/13.2.1/../../../../pic32c/lib/thumb/v7e-m+dp/hard\libc-musl.a(fwrite.o)
 .debug_aranges
                0x00000640       0x30 C:/Program Files/Microchip/xc32/v5.00/bin/bin/../../lib/gcc/pic32c/13.2.1/../../../../pic32c/lib/thumb/v7e-m+dp/hard\libc-musl.a(putc.o)
 .debug_aranges
                0x00000670       0x28 C:/Program Files/Microchip/xc32/v5.00/bin/bin/../../lib/gcc/pic32c/13.2.1/../../../../pic32c/lib/thumb/v7e-m+dp/hard\libc-musl.a(setvbuf.o)
 .debug_aranges
                0x00000698       0x20 C:/Program Files/Microchip/xc32/v5.00/bin/bin/../../lib/gcc/pic32c/13.2.1/../../../../pic32c/lib/thumb/v7e-m+dp/hard\libc-musl.a(readv.o)
 .debug_aranges
                0x000006b8       0x28 C:/Program Files/Microchip/xc32/v5.00/bin/bin/../../lib/gcc/pic32c/13.2.1/../../../../pic32c/lib/thumb/v7e-m+dp/hard\libc-musl.a(__init_stdio.o)
 .debug_aranges
                0x000006e0       0x28 C:/Program Files/Microchip/xc32/v5.00/bin/bin/../../lib/gcc/pic32c/13.2.1/../../../../pic32c/lib/thumb/v7e-m+dp/hard\libc-musl.a(__out.o)
 .debug_aranges
                0x00000708       0x20 C:/Program Files/Microchip/xc32/v5.00/bin/bin/../../lib/gcc/pic32c/13.2.1/../../../../pic32c/lib/thumb/v7e-m+dp/hard\libc-musl.a(__putc.o)
 .debug_aranges
                0x00000728       0x30 C:/Program Files/Microchip/xc32/v5.00/bin/bin/../../lib/gcc/pic32c/13.2.1/../../../../pic32c/lib/thumb/v7e-m+dp/hard\libc-musl.a(__stderr.o)
 .debug_aranges
                0x00000758       0x28 C:/Program Files/Microchip/xc32/v5.00/bin/bin/../../lib/gcc/pic32c/13.2.1/../../../../pic32c/lib/thumb/v7e-m+dp/hard\libc-musl.a(__stdio_close.o)
 .debug_aranges
                0x00000780       0x28 C:/Program Files/Microchip/xc32/v5.00/bin/bin/../../lib/gcc/pic32c/13.2.1/../../../../pic32c/lib/thumb/v7e-m+dp/hard\libc-musl.a(__stdio_write.o)
 .debug_aranges
                0x000007a8       0x30 C:/Program Files/Microchip/xc32/v5.00/bin/bin/../../lib/gcc/pic32c/13.2.1/../../../../pic32c/lib/thumb/v7e-m+dp/hard\libc-musl.a(__stdout.o)
 .debug_aranges
                0x000007d8       0x28 C:/Program Files/Microchip/xc32/v5.00/bin/bin/../../lib/gcc/pic32c/13.2.1/../../../../pic32c/lib/thumb/v7e-m+dp/hard\libc-musl.a(__towrite.o)
 .debug_aranges
                0x00000800       0x20 C:/Program Files/Microchip/xc32/v5.00/bin/bin/../../lib/gcc/pic32c/13.2.1/../../../../pic32c/lib/thumb/v7e-m+dp/hard\libc-musl.a(writev.o)
 .debug_aranges
                0x00000820       0x20 C:/Program Files/Microchip/xc32/v5.00/bin/bin/../../lib/gcc/pic32c/13.2.1/../../../../pic32c/lib/thumb/v7e-m+dp/hard\libc-musl.a(__overflow.o)
 .debug_aranges
                0x00000840       0x28 C:/Program Files/Microchip/xc32/v5.00/bin/bin/../../lib/gcc/pic32c/13.2.1/../../../../pic32c/lib/thumb/v7e-m+dp/hard\libc-musl.a(__fwrite.o)
 .debug_aranges
                0x00000868       0x20 C:/Program Files/Microchip/xc32/v5.00/bin/bin/../../lib/gcc/pic32c/13.2.1/../../../../pic32c/lib/thumb/v7e-m+dp/hard\libpic32c.a(close.o)
 .debug_aranges
                0x00000888       0x20 C:/Program Files/Microchip/xc32/v5.00/bin/bin/../../lib/gcc/pic32c/13.2.1/../../../../pic32c/lib/thumb/v7e-m+dp/hard\libpic32c.a(lseek.o)
 .debug_aranges
                0x000008a8       0x20 C:/Program Files/Microchip/xc32/v5.00/bin/bin/../../lib/gcc/pic32c/13.2.1/../../../../pic32c/lib/thumb/v7e-m+dp/hard\libc-size-musl.a(memcpy.o)
 .debug_aranges
                0x000008c8       0x20 C:/Program Files/Microchip/xc32/v5.00/bin/bin/../../lib/gcc/pic32c/13.2.1/../../../../pic32c/lib/thumb/v7e-m+dp/hard\libc-size-musl.a(memset.o)
 .debug_aranges
                0x000008e8       0x20 C:/Program Files/Microchip/xc32/v5.00/bin/bin/../../lib/gcc/pic32c/13.2.1/../../../../pic32c/lib/thumb/v7e-m+dp/hard\libc-size-musl.a(strlen.o)
 .debug_aranges
                0x00000908       0x20 C:/Program Files/Microchip/xc32/v5.00/bin/bin/../../lib/gcc/pic32c/13.2.1/../../../../pic32c/lib/thumb/v7e-m+dp/hard\liblmalloc-musl.a(lite_malloc.o)
 .debug_aranges
                0x00000928       0x30 C:/Program Files/Microchip/xc32/v5.00/bin/bin/../../lib/gcc/pic32c/13.2.1/../../../../pic32c/lib/thumb/v7e-m+dp/hard\liblmalloc-musl.a(lite_free.o)
 .debug_aranges
                0x00000958       0x20 C:/Program Files/Microchip/xc32/v5.00/bin/bin/../../lib/gcc/pic32c/13.2.1/../../../../pic32c/lib/thumb/v7e-m+dp/hard\libc-musl.a(expand_heap.o)
 .debug_aranges
                0x00000978       0x30 C:/Program Files/Microchip/xc32/v5.00/bin/bin/../../lib/gcc/pic32c/13.2.1/../../../../pic32c/lib/thumb/v7e-m+dp/hard\libpic32c.a(sbrk.o)
 .debug_aranges
                0x000009a8       0x20 C:/Program Files/Microchip/xc32/v5.00/bin/bin/../../lib/gcc/pic32c/13.2.1/../../../../pic32c/lib/thumb/v7e-m+dp/hard\libpic32c.a(pic32_data_init_clear.o)
 .debug_aranges
                0x000009c8       0x20 C:/Program Files/Microchip/xc32/v5.00/bin/bin/../../lib/gcc/pic32c/13.2.1/../../../../pic32c/lib/thumb/v7e-m+dp/hard\libpic32c.a(pic32_data_init_copy.o)

.debug_ranges   0x00000000      0x718
 .debug_ranges  0x00000000       0x58 build/default/production/_ext/60165520/plib_clk.o
 .debug_ranges  0x00000058       0x80 build/default/production/_ext/1818436620/plib_flexcom1_usart.o
 .debug_ranges  0x000000d8       0x10 build/default/production/_ext/1666157715/plib_matrix.o
 .debug_ranges  0x000000e8       0x50 build/default/production/_ext/1865468468/plib_nvic.o
 .debug_ranges  0x00000138       0x70 build/default/production/_ext/60177924/plib_pio.o
 .debug_ranges  0x000001a8       0x18 build/default/production/_ext/163028504/xc32_monitor.o
 .debug_ranges  0x000001c0       0x10 build/default/production/_ext/1171490990/initialization.o
 .debug_ranges  0x000001d0       0x10 build/default/production/_ext/1171490990/interrupts.o
 .debug_ranges  0x000001e0       0x38 build/default/production/_ext/1171490990/exceptions.o
 .debug_ranges  0x00000218       0x20 build/default/production/_ext/1171490990/startup_xc32.o
 .debug_ranges  0x00000238       0x10 build/default/production/_ext/1360937237/main.o
 .debug_ranges  0x00000248       0x28 build/default/production/_ext/328528262/default_function.o
 .debug_ranges  0x00000270       0x60 build/default/production/_ext/1863587092/plib_ip1553.o
 .debug_ranges  0x000002d0       0x20 C:/Program Files/Microchip/xc32/v5.00/bin/bin/../../lib/gcc/pic32c/13.2.1/../../../../pic32c/lib/thumb/v7e-m+dp/hard\libpic32c.a(data_init.o)
 .debug_ranges  0x000002f0       0x40 C:/Program Files/Microchip/xc32/v5.00/bin/bin/../../lib/gcc/pic32c/13.2.1/../../../../pic32c/lib/thumb/v7e-m+dp/hard\libc-musl.a(__libc_start_main.o)
 .debug_ranges  0x00000330       0x18 C:/Program Files/Microchip/xc32/v5.00/bin/bin/../../lib/gcc/pic32c/13.2.1/../../../../pic32c/lib/thumb/v7e-m+dp/hard\libc-musl.a(__sio_printf_cns.o)
 .debug_ranges  0x00000348       0x10 C:/Program Files/Microchip/xc32/v5.00/bin/bin/../../lib/gcc/pic32c/13.2.1/../../../../pic32c/lib/thumb/v7e-m+dp/hard\libc-musl.a(__fmt_s.o)
 .debug_ranges  0x00000358       0x10 C:/Program Files/Microchip/xc32/v5.00/bin/bin/../../lib/gcc/pic32c/13.2.1/../../../../pic32c/lib/thumb/v7e-m+dp/hard\libc-musl.a(__pop_ptr.o)
 .debug_ranges  0x00000368       0x58 C:/Program Files/Microchip/xc32/v5.00/bin/bin/../../lib/gcc/pic32c/13.2.1/../../../../pic32c/lib/thumb/v7e-m+dp/hard\libc-musl.a(__printf_core.o)
 .debug_ranges  0x000003c0       0x18 C:/Program Files/Microchip/xc32/v5.00/bin/bin/../../lib/gcc/pic32c/13.2.1/../../../../pic32c/lib/thumb/v7e-m+dp/hard\libc-musl.a(stdin.o)
 .debug_ranges  0x000003d8       0x20 C:/Program Files/Microchip/xc32/v5.00/bin/bin/../../lib/gcc/pic32c/13.2.1/../../../../pic32c/lib/thumb/v7e-m+dp/hard\libc-musl.a(stdout.o)
 .debug_ranges  0x000003f8       0x10 C:/Program Files/Microchip/xc32/v5.00/bin/bin/../../lib/gcc/pic32c/13.2.1/../../../../pic32c/lib/thumb/v7e-m+dp/hard\libc-musl.a(puts.o)
 .debug_ranges  0x00000408       0x10 C:/Program Files/Microchip/xc32/v5.00/bin/bin/../../lib/gcc/pic32c/13.2.1/../../../../pic32c/lib/thumb/v7e-m+dp/hard\libc-musl.a(setbuf.o)
 .debug_ranges  0x00000418       0x28 C:/Program Files/Microchip/xc32/v5.00/bin/bin/../../lib/gcc/pic32c/13.2.1/../../../../pic32c/lib/thumb/v7e-m+dp/hard\libc-musl.a(atoi.o)
 .debug_ranges  0x00000440       0x18 C:/Program Files/Microchip/xc32/v5.00/bin/bin/../../lib/gcc/pic32c/13.2.1/../../../../pic32c/lib/thumb/v7e-m+dp/hard\libc-musl.a(tolower.o)
 .debug_ranges  0x00000458       0x10 C:/Program Files/Microchip/xc32/v5.00/bin/bin/../../lib/gcc/pic32c/13.2.1/../../../../pic32c/lib/thumb/v7e-m+dp/hard\libc-musl.a(__int_vfprintf.o)
 .debug_ranges  0x00000468       0x10 C:/Program Files/Microchip/xc32/v5.00/bin/bin/../../lib/gcc/pic32c/13.2.1/../../../../pic32c/lib/thumb/v7e-m+dp/hard\libc-musl.a(fputs.o)
 .debug_ranges  0x00000478       0x10 C:/Program Files/Microchip/xc32/v5.00/bin/bin/../../lib/gcc/pic32c/13.2.1/../../../../pic32c/lib/thumb/v7e-m+dp/hard\libc-musl.a(__pop_float.o)
 .debug_ranges  0x00000488       0x10 C:/Program Files/Microchip/xc32/v5.00/bin/bin/../../lib/gcc/pic32c/13.2.1/../../../../pic32c/lib/thumb/v7e-m+dp/hard\libc-musl.a(__pop_int.o)
 .debug_ranges  0x00000498       0x10 C:/Program Files/Microchip/xc32/v5.00/bin/bin/../../lib/gcc/pic32c/13.2.1/../../../../pic32c/lib/thumb/v7e-m+dp/hard\libc-musl.a(__stdio_read.o)
 .debug_ranges  0x000004a8       0x10 C:/Program Files/Microchip/xc32/v5.00/bin/bin/../../lib/gcc/pic32c/13.2.1/../../../../pic32c/lib/thumb/v7e-m+dp/hard\libc-musl.a(__towrite_rw.o)
 .debug_ranges  0x000004b8       0x18 C:/Program Files/Microchip/xc32/v5.00/bin/bin/../../lib/gcc/pic32c/13.2.1/../../../../pic32c/lib/thumb/v7e-m+dp/hard\libc-musl.a(fwrite.o)
 .debug_ranges  0x000004d0       0x20 C:/Program Files/Microchip/xc32/v5.00/bin/bin/../../lib/gcc/pic32c/13.2.1/../../../../pic32c/lib/thumb/v7e-m+dp/hard\libc-musl.a(putc.o)
 .debug_ranges  0x000004f0       0x18 C:/Program Files/Microchip/xc32/v5.00/bin/bin/../../lib/gcc/pic32c/13.2.1/../../../../pic32c/lib/thumb/v7e-m+dp/hard\libc-musl.a(setvbuf.o)
 .debug_ranges  0x00000508       0x10 C:/Program Files/Microchip/xc32/v5.00/bin/bin/../../lib/gcc/pic32c/13.2.1/../../../../pic32c/lib/thumb/v7e-m+dp/hard\libc-musl.a(readv.o)
 .debug_ranges  0x00000518       0x18 C:/Program Files/Microchip/xc32/v5.00/bin/bin/../../lib/gcc/pic32c/13.2.1/../../../../pic32c/lib/thumb/v7e-m+dp/hard\libc-musl.a(__init_stdio.o)
 .debug_ranges  0x00000530       0x18 C:/Program Files/Microchip/xc32/v5.00/bin/bin/../../lib/gcc/pic32c/13.2.1/../../../../pic32c/lib/thumb/v7e-m+dp/hard\libc-musl.a(__out.o)
 .debug_ranges  0x00000548       0x10 C:/Program Files/Microchip/xc32/v5.00/bin/bin/../../lib/gcc/pic32c/13.2.1/../../../../pic32c/lib/thumb/v7e-m+dp/hard\libc-musl.a(__putc.o)
 .debug_ranges  0x00000558       0x20 C:/Program Files/Microchip/xc32/v5.00/bin/bin/../../lib/gcc/pic32c/13.2.1/../../../../pic32c/lib/thumb/v7e-m+dp/hard\libc-musl.a(__stderr.o)
 .debug_ranges  0x00000578       0x18 C:/Program Files/Microchip/xc32/v5.00/bin/bin/../../lib/gcc/pic32c/13.2.1/../../../../pic32c/lib/thumb/v7e-m+dp/hard\libc-musl.a(__stdio_close.o)
 .debug_ranges  0x00000590       0x30 C:/Program Files/Microchip/xc32/v5.00/bin/bin/../../lib/gcc/pic32c/13.2.1/../../../../pic32c/lib/thumb/v7e-m+dp/hard\libc-musl.a(__stdio_write.o)
 .debug_ranges  0x000005c0       0x20 C:/Program Files/Microchip/xc32/v5.00/bin/bin/../../lib/gcc/pic32c/13.2.1/../../../../pic32c/lib/thumb/v7e-m+dp/hard\libc-musl.a(__stdout.o)
 .debug_ranges  0x000005e0       0x18 C:/Program Files/Microchip/xc32/v5.00/bin/bin/../../lib/gcc/pic32c/13.2.1/../../../../pic32c/lib/thumb/v7e-m+dp/hard\libc-musl.a(__towrite.o)
 .debug_ranges  0x000005f8       0x10 C:/Program Files/Microchip/xc32/v5.00/bin/bin/../../lib/gcc/pic32c/13.2.1/../../../../pic32c/lib/thumb/v7e-m+dp/hard\libc-musl.a(writev.o)
 .debug_ranges  0x00000608       0x10 C:/Program Files/Microchip/xc32/v5.00/bin/bin/../../lib/gcc/pic32c/13.2.1/../../../../pic32c/lib/thumb/v7e-m+dp/hard\libc-musl.a(__overflow.o)
 .debug_ranges  0x00000618       0x18 C:/Program Files/Microchip/xc32/v5.00/bin/bin/../../lib/gcc/pic32c/13.2.1/../../../../pic32c/lib/thumb/v7e-m+dp/hard\libc-musl.a(__fwrite.o)
 .debug_ranges  0x00000630       0x10 C:/Program Files/Microchip/xc32/v5.00/bin/bin/../../lib/gcc/pic32c/13.2.1/../../../../pic32c/lib/thumb/v7e-m+dp/hard\libpic32c.a(close.o)
 .debug_ranges  0x00000640       0x10 C:/Program Files/Microchip/xc32/v5.00/bin/bin/../../lib/gcc/pic32c/13.2.1/../../../../pic32c/lib/thumb/v7e-m+dp/hard\libpic32c.a(lseek.o)
 .debug_ranges  0x00000650       0x10 C:/Program Files/Microchip/xc32/v5.00/bin/bin/../../lib/gcc/pic32c/13.2.1/../../../../pic32c/lib/thumb/v7e-m+dp/hard\libc-size-musl.a(memcpy.o)
 .debug_ranges  0x00000660       0x10 C:/Program Files/Microchip/xc32/v5.00/bin/bin/../../lib/gcc/pic32c/13.2.1/../../../../pic32c/lib/thumb/v7e-m+dp/hard\libc-size-musl.a(memset.o)
 .debug_ranges  0x00000670       0x10 C:/Program Files/Microchip/xc32/v5.00/bin/bin/../../lib/gcc/pic32c/13.2.1/../../../../pic32c/lib/thumb/v7e-m+dp/hard\libc-size-musl.a(strlen.o)
 .debug_ranges  0x00000680       0x28 C:/Program Files/Microchip/xc32/v5.00/bin/bin/../../lib/gcc/pic32c/13.2.1/../../../../pic32c/lib/thumb/v7e-m+dp/hard\liblmalloc-musl.a(lite_malloc.o)
 .debug_ranges  0x000006a8       0x20 C:/Program Files/Microchip/xc32/v5.00/bin/bin/../../lib/gcc/pic32c/13.2.1/../../../../pic32c/lib/thumb/v7e-m+dp/hard\liblmalloc-musl.a(lite_free.o)
 .debug_ranges  0x000006c8       0x10 C:/Program Files/Microchip/xc32/v5.00/bin/bin/../../lib/gcc/pic32c/13.2.1/../../../../pic32c/lib/thumb/v7e-m+dp/hard\libc-musl.a(expand_heap.o)
 .debug_ranges  0x000006d8       0x20 C:/Program Files/Microchip/xc32/v5.00/bin/bin/../../lib/gcc/pic32c/13.2.1/../../../../pic32c/lib/thumb/v7e-m+dp/hard\libpic32c.a(sbrk.o)
 .debug_ranges  0x000006f8       0x10 C:/Program Files/Microchip/xc32/v5.00/bin/bin/../../lib/gcc/pic32c/13.2.1/../../../../pic32c/lib/thumb/v7e-m+dp/hard\libpic32c.a(pic32_data_init_clear.o)
 .debug_ranges  0x00000708       0x10 C:/Program Files/Microchip/xc32/v5.00/bin/bin/../../lib/gcc/pic32c/13.2.1/../../../../pic32c/lib/thumb/v7e-m+dp/hard\libpic32c.a(pic32_data_init_copy.o)

.debug_line     0x00000000     0x8204
 .debug_line    0x00000000      0xa50 build/default/production/_ext/60165520/plib_clk.o
 .debug_line    0x00000a50      0x56a build/default/production/_ext/1818436620/plib_flexcom1_usart.o
 .debug_line    0x00000fba      0x12b build/default/production/_ext/1666157715/plib_matrix.o
 .debug_line    0x000010e5      0x3e1 build/default/production/_ext/1865468468/plib_nvic.o
 .debug_line    0x000014c6      0x449 build/default/production/_ext/60177924/plib_pio.o
 .debug_line    0x0000190f      0x177 build/default/production/_ext/163028504/xc32_monitor.o
 .debug_line    0x00001a86      0x2ab build/default/production/_ext/1171490990/initialization.o
 .debug_line    0x00001d31       0xcd build/default/production/_ext/1171490990/interrupts.o
 .debug_line    0x00001dfe       0xd9 build/default/production/_ext/1171490990/exceptions.o
 .debug_line    0x00001ed7      0x97b build/default/production/_ext/1171490990/startup_xc32.o
 .debug_line    0x00002852      0x171 build/default/production/_ext/1360937237/main.o
 .debug_line    0x000029c3      0x27c build/default/production/_ext/328528262/default_function.o
 .debug_line    0x00002c3f      0x2a4 build/default/production/_ext/1863587092/plib_ip1553.o
 .debug_line    0x00002ee3      0x163 C:/Program Files/Microchip/xc32/v5.00/bin/bin/../../lib/gcc/pic32c/13.2.1/../../../../pic32c/lib/thumb/v7e-m+dp/hard\libpic32c.a(data_init.o)
 .debug_line    0x00003046      0x1da C:/Program Files/Microchip/xc32/v5.00/bin/bin/../../lib/gcc/pic32c/13.2.1/../../../../pic32c/lib/thumb/v7e-m+dp/hard\libc-musl.a(__libc_start_main.o)
 .debug_line    0x00003220       0xb5 C:/Program Files/Microchip/xc32/v5.00/bin/bin/../../lib/gcc/pic32c/13.2.1/../../../../pic32c/lib/thumb/v7e-m+dp/hard\libc-musl.a(libc.o)
 .debug_line    0x000032d5      0x216 C:/Program Files/Microchip/xc32/v5.00/bin/bin/../../lib/gcc/pic32c/13.2.1/../../../../pic32c/lib/thumb/v7e-m+dp/hard\libc-musl.a(__sio_printf_cns.o)
 .debug_line    0x000034eb      0x1f5 C:/Program Files/Microchip/xc32/v5.00/bin/bin/../../lib/gcc/pic32c/13.2.1/../../../../pic32c/lib/thumb/v7e-m+dp/hard\libc-musl.a(__fmt_s.o)
 .debug_line    0x000036e0      0x1c4 C:/Program Files/Microchip/xc32/v5.00/bin/bin/../../lib/gcc/pic32c/13.2.1/../../../../pic32c/lib/thumb/v7e-m+dp/hard\libc-musl.a(__pop_ptr.o)
 .debug_line    0x000038a4      0x76a C:/Program Files/Microchip/xc32/v5.00/bin/bin/../../lib/gcc/pic32c/13.2.1/../../../../pic32c/lib/thumb/v7e-m+dp/hard\libc-musl.a(__printf_core.o)
 .debug_line    0x0000400e      0x215 C:/Program Files/Microchip/xc32/v5.00/bin/bin/../../lib/gcc/pic32c/13.2.1/../../../../pic32c/lib/thumb/v7e-m+dp/hard\libc-musl.a(stdin.o)
 .debug_line    0x00004223      0x1d5 C:/Program Files/Microchip/xc32/v5.00/bin/bin/../../lib/gcc/pic32c/13.2.1/../../../../pic32c/lib/thumb/v7e-m+dp/hard\libc-musl.a(stdout.o)
 .debug_line    0x000043f8      0x23d C:/Program Files/Microchip/xc32/v5.00/bin/bin/../../lib/gcc/pic32c/13.2.1/../../../../pic32c/lib/thumb/v7e-m+dp/hard\libc-musl.a(puts.o)
 .debug_line    0x00004635      0x134 C:/Program Files/Microchip/xc32/v5.00/bin/bin/../../lib/gcc/pic32c/13.2.1/../../../../pic32c/lib/thumb/v7e-m+dp/hard\libc-musl.a(setbuf.o)
 .debug_line    0x00004769      0x17d C:/Program Files/Microchip/xc32/v5.00/bin/bin/../../lib/gcc/pic32c/13.2.1/../../../../pic32c/lib/thumb/v7e-m+dp/hard\libc-musl.a(atoi.o)
 .debug_line    0x000048e6      0x15d C:/Program Files/Microchip/xc32/v5.00/bin/bin/../../lib/gcc/pic32c/13.2.1/../../../../pic32c/lib/thumb/v7e-m+dp/hard\libc-musl.a(tolower.o)
 .debug_line    0x00004a43       0xfb C:/Program Files/Microchip/xc32/v5.00/bin/bin/../../lib/gcc/pic32c/13.2.1/../../../../pic32c/lib/thumb/v7e-m+dp/hard\libc-musl.a(__environ.o)
 .debug_line    0x00004b3e       0x9a C:/Program Files/Microchip/xc32/v5.00/bin/bin/../../lib/gcc/pic32c/13.2.1/../../../../pic32c/lib/thumb/v7e-m+dp/hard\libc-musl.a(__errno_location.o)
 .debug_line    0x00004bd8      0x16b C:/Program Files/Microchip/xc32/v5.00/bin/bin/../../lib/gcc/pic32c/13.2.1/../../../../pic32c/lib/thumb/v7e-m+dp/hard\libc-musl.a(__int_vfprintf.o)
 .debug_line    0x00004d43      0x230 C:/Program Files/Microchip/xc32/v5.00/bin/bin/../../lib/gcc/pic32c/13.2.1/../../../../pic32c/lib/thumb/v7e-m+dp/hard\libc-musl.a(fputs.o)
 .debug_line    0x00004f73      0x16c C:/Program Files/Microchip/xc32/v5.00/bin/bin/../../lib/gcc/pic32c/13.2.1/../../../../pic32c/lib/thumb/v7e-m+dp/hard\libc-musl.a(__pop_float.o)
 .debug_line    0x000050df      0x23f C:/Program Files/Microchip/xc32/v5.00/bin/bin/../../lib/gcc/pic32c/13.2.1/../../../../pic32c/lib/thumb/v7e-m+dp/hard\libc-musl.a(__pop_int.o)
 .debug_line    0x0000531e      0x257 C:/Program Files/Microchip/xc32/v5.00/bin/bin/../../lib/gcc/pic32c/13.2.1/../../../../pic32c/lib/thumb/v7e-m+dp/hard\libc-musl.a(__stdio_read.o)
 .debug_line    0x00005575      0x1e4 C:/Program Files/Microchip/xc32/v5.00/bin/bin/../../lib/gcc/pic32c/13.2.1/../../../../pic32c/lib/thumb/v7e-m+dp/hard\libc-musl.a(__towrite_rw.o)
 .debug_line    0x00005759      0x1fa C:/Program Files/Microchip/xc32/v5.00/bin/bin/../../lib/gcc/pic32c/13.2.1/../../../../pic32c/lib/thumb/v7e-m+dp/hard\libc-musl.a(fwrite.o)
 .debug_line    0x00005953      0x1a7 C:/Program Files/Microchip/xc32/v5.00/bin/bin/../../lib/gcc/pic32c/13.2.1/../../../../pic32c/lib/thumb/v7e-m+dp/hard\libc-musl.a(putc.o)
 .debug_line    0x00005afa      0x211 C:/Program Files/Microchip/xc32/v5.00/bin/bin/../../lib/gcc/pic32c/13.2.1/../../../../pic32c/lib/thumb/v7e-m+dp/hard\libc-musl.a(setvbuf.o)
 .debug_line    0x00005d0b      0x173 C:/Program Files/Microchip/xc32/v5.00/bin/bin/../../lib/gcc/pic32c/13.2.1/../../../../pic32c/lib/thumb/v7e-m+dp/hard\libc-musl.a(readv.o)